Archive member included because of file (symbol)

c:/dev/coide/gcc/bin/../lib/gcc/arm-none-eabi/4.5.2/../../../../arm-none-eabi/lib/thumb2\libm.a(lib_a-w_pow.o)
                              ..\obj\drv_led.o (pow)
c:/dev/coide/gcc/bin/../lib/gcc/arm-none-eabi/4.5.2/../../../../arm-none-eabi/lib/thumb2\libm.a(lib_a-e_pow.o)
                              c:/dev/coide/gcc/bin/../lib/gcc/arm-none-eabi/4.5.2/../../../../arm-none-eabi/lib/thumb2\libm.a(lib_a-w_pow.o) (__ieee754_pow)
c:/dev/coide/gcc/bin/../lib/gcc/arm-none-eabi/4.5.2/../../../../arm-none-eabi/lib/thumb2\libm.a(lib_a-e_sqrt.o)
                              c:/dev/coide/gcc/bin/../lib/gcc/arm-none-eabi/4.5.2/../../../../arm-none-eabi/lib/thumb2\libm.a(lib_a-e_pow.o) (__ieee754_sqrt)
c:/dev/coide/gcc/bin/../lib/gcc/arm-none-eabi/4.5.2/../../../../arm-none-eabi/lib/thumb2\libm.a(lib_a-s_fabs.o)
                              c:/dev/coide/gcc/bin/../lib/gcc/arm-none-eabi/4.5.2/../../../../arm-none-eabi/lib/thumb2\libm.a(lib_a-e_pow.o) (fabs)
c:/dev/coide/gcc/bin/../lib/gcc/arm-none-eabi/4.5.2/../../../../arm-none-eabi/lib/thumb2\libm.a(lib_a-s_finite.o)
                              c:/dev/coide/gcc/bin/../lib/gcc/arm-none-eabi/4.5.2/../../../../arm-none-eabi/lib/thumb2\libm.a(lib_a-w_pow.o) (finite)
c:/dev/coide/gcc/bin/../lib/gcc/arm-none-eabi/4.5.2/../../../../arm-none-eabi/lib/thumb2\libm.a(lib_a-s_fpclassify.o)
                              c:/dev/coide/gcc/bin/../lib/gcc/arm-none-eabi/4.5.2/../../../../arm-none-eabi/lib/thumb2\libm.a(lib_a-w_pow.o) (__fpclassifyd)
c:/dev/coide/gcc/bin/../lib/gcc/arm-none-eabi/4.5.2/../../../../arm-none-eabi/lib/thumb2\libm.a(lib_a-s_lib_ver.o)
                              c:/dev/coide/gcc/bin/../lib/gcc/arm-none-eabi/4.5.2/../../../../arm-none-eabi/lib/thumb2\libm.a(lib_a-w_pow.o) (__fdlib_version)
c:/dev/coide/gcc/bin/../lib/gcc/arm-none-eabi/4.5.2/../../../../arm-none-eabi/lib/thumb2\libm.a(lib_a-s_matherr.o)
                              c:/dev/coide/gcc/bin/../lib/gcc/arm-none-eabi/4.5.2/../../../../arm-none-eabi/lib/thumb2\libm.a(lib_a-w_pow.o) (matherr)
c:/dev/coide/gcc/bin/../lib/gcc/arm-none-eabi/4.5.2/../../../../arm-none-eabi/lib/thumb2\libm.a(lib_a-s_nan.o)
                              c:/dev/coide/gcc/bin/../lib/gcc/arm-none-eabi/4.5.2/../../../../arm-none-eabi/lib/thumb2\libm.a(lib_a-e_pow.o) (nan)
c:/dev/coide/gcc/bin/../lib/gcc/arm-none-eabi/4.5.2/../../../../arm-none-eabi/lib/thumb2\libm.a(lib_a-s_rint.o)
                              c:/dev/coide/gcc/bin/../lib/gcc/arm-none-eabi/4.5.2/../../../../arm-none-eabi/lib/thumb2\libm.a(lib_a-w_pow.o) (rint)
c:/dev/coide/gcc/bin/../lib/gcc/arm-none-eabi/4.5.2/../../../../arm-none-eabi/lib/thumb2\libm.a(lib_a-s_scalbn.o)
                              c:/dev/coide/gcc/bin/../lib/gcc/arm-none-eabi/4.5.2/../../../../arm-none-eabi/lib/thumb2\libm.a(lib_a-e_pow.o) (scalbn)
c:/dev/coide/gcc/bin/../lib/gcc/arm-none-eabi/4.5.2/../../../../arm-none-eabi/lib/thumb2\libm.a(lib_a-s_copysign.o)
                              c:/dev/coide/gcc/bin/../lib/gcc/arm-none-eabi/4.5.2/../../../../arm-none-eabi/lib/thumb2\libm.a(lib_a-s_scalbn.o) (copysign)
c:/dev/coide/gcc/bin/../lib/gcc/arm-none-eabi/4.5.2/thumb2\libgcc.a(_arm_addsubdf3.o)
                              ..\obj\drv_led.o (__aeabi_dsub)
c:/dev/coide/gcc/bin/../lib/gcc/arm-none-eabi/4.5.2/thumb2\libgcc.a(_arm_muldivdf3.o)
                              c:/dev/coide/gcc/bin/../lib/gcc/arm-none-eabi/4.5.2/../../../../arm-none-eabi/lib/thumb2\libm.a(lib_a-w_pow.o) (__aeabi_dmul)
c:/dev/coide/gcc/bin/../lib/gcc/arm-none-eabi/4.5.2/thumb2\libgcc.a(_arm_cmpdf2.o)
                              c:/dev/coide/gcc/bin/../lib/gcc/arm-none-eabi/4.5.2/../../../../arm-none-eabi/lib/thumb2\libm.a(lib_a-w_pow.o) (__aeabi_dcmpeq)
c:/dev/coide/gcc/bin/../lib/gcc/arm-none-eabi/4.5.2/thumb2\libgcc.a(_arm_fixdfsi.o)
                              ..\obj\drv_lcd.o (__aeabi_d2iz)
c:/dev/coide/gcc/bin/../lib/gcc/arm-none-eabi/4.5.2/thumb2\libgcc.a(_arm_fixunsdfsi.o)
                              ..\obj\drv_led.o (__aeabi_d2uiz)
c:/dev/coide/gcc/bin/../lib/gcc/arm-none-eabi/4.5.2/thumb2\libgcc.a(_aeabi_uldivmod.o)
                              ..\obj\lpc17xx_timer.o (__aeabi_uldivmod)
c:/dev/coide/gcc/bin/../lib/gcc/arm-none-eabi/4.5.2/thumb2\libgcc.a(bpabi.o)
                              c:/dev/coide/gcc/bin/../lib/gcc/arm-none-eabi/4.5.2/thumb2\libgcc.a(_aeabi_uldivmod.o) (__gnu_uldivmod_helper)
c:/dev/coide/gcc/bin/../lib/gcc/arm-none-eabi/4.5.2/thumb2\libgcc.a(_dvmd_tls.o)
                              c:/dev/coide/gcc/bin/../lib/gcc/arm-none-eabi/4.5.2/thumb2\libgcc.a(_aeabi_uldivmod.o) (__aeabi_ldiv0)
c:/dev/coide/gcc/bin/../lib/gcc/arm-none-eabi/4.5.2/thumb2\libgcc.a(_divdi3.o)
                              c:/dev/coide/gcc/bin/../lib/gcc/arm-none-eabi/4.5.2/thumb2\libgcc.a(bpabi.o) (__divdi3)
c:/dev/coide/gcc/bin/../lib/gcc/arm-none-eabi/4.5.2/thumb2\libgcc.a(_udivdi3.o)
                              c:/dev/coide/gcc/bin/../lib/gcc/arm-none-eabi/4.5.2/thumb2\libgcc.a(bpabi.o) (__udivdi3)
c:/dev/coide/gcc/bin/../lib/gcc/arm-none-eabi/4.5.2/thumb2\libgcc.a(_udivsi3.o)
                              c:/dev/coide/gcc/bin/../lib/gcc/arm-none-eabi/4.5.2/thumb2\libgcc.a(_divdi3.o) (__aeabi_uidiv)
c:/dev/coide/gcc/bin/../lib/gcc/arm-none-eabi/4.5.2/../../../../arm-none-eabi/lib/thumb2\libc.a(lib_a-errno.o)
                              c:/dev/coide/gcc/bin/../lib/gcc/arm-none-eabi/4.5.2/../../../../arm-none-eabi/lib/thumb2\libm.a(lib_a-w_pow.o) (__errno)
c:/dev/coide/gcc/bin/../lib/gcc/arm-none-eabi/4.5.2/../../../../arm-none-eabi/lib/thumb2\libc.a(lib_a-impure.o)
                              c:/dev/coide/gcc/bin/../lib/gcc/arm-none-eabi/4.5.2/../../../../arm-none-eabi/lib/thumb2\libc.a(lib_a-errno.o) (_impure_ptr)
c:/dev/coide/gcc/bin/../lib/gcc/arm-none-eabi/4.5.2/../../../../arm-none-eabi/lib/thumb2\libc.a(lib_a-strlen.o)
                              ..\obj\mdw_log_debug.o (strlen)

Allocating common symbols
Common symbol       size              file

adcDoneFlag         0x1               ..\obj\drv_pot.o

Discarded input sections

 .text          0x00000000        0x0 ..\obj\kernelHeap.o
 .data          0x00000000        0x0 ..\obj\kernelHeap.o
 .text.CoKmalloc
                0x00000000      0x184 ..\obj\kernelHeap.o
 .text.CoKfree  0x00000000      0x308 ..\obj\kernelHeap.o
 .text.GetPreFMB
                0x00000000       0x38 ..\obj\kernelHeap.o
 .text          0x00000000        0x0 ..\obj\lpc17xx_timer.o
 .data          0x00000000        0x0 ..\obj\lpc17xx_timer.o
 .bss           0x00000000        0x0 ..\obj\lpc17xx_timer.o
 .text.getPClock
                0x00000000       0x60 ..\obj\lpc17xx_timer.o
 .text.converUSecToVal
                0x00000000       0x64 ..\obj\lpc17xx_timer.o
 .text.converPtrToTimeNum
                0x00000000       0x68 ..\obj\lpc17xx_timer.o
 .text.TIM_GetIntStatus
                0x00000000       0xa8 ..\obj\lpc17xx_timer.o
 .text.TIM_GetIntCaptureStatus
                0x00000000       0xac ..\obj\lpc17xx_timer.o
 .text.TIM_ClearIntCapturePending
                0x00000000       0x94 ..\obj\lpc17xx_timer.o
 .text.TIM_ConfigStructInit
                0x00000000       0x40 ..\obj\lpc17xx_timer.o
 .text.TIM_Init
                0x00000000      0x1a8 ..\obj\lpc17xx_timer.o
 .text.TIM_DeInit
                0x00000000       0xa8 ..\obj\lpc17xx_timer.o
 .text.TIM_Cmd  0x00000000       0x70 ..\obj\lpc17xx_timer.o
 .text.TIM_ResetCounter
                0x00000000       0x64 ..\obj\lpc17xx_timer.o
 .text.TIM_ConfigMatch
                0x00000000      0x1b0 ..\obj\lpc17xx_timer.o
 .text.TIM_UpdateMatchValue
                0x00000000       0x90 ..\obj\lpc17xx_timer.o
 .text.TIM_ConfigCapture
                0x00000000       0xf8 ..\obj\lpc17xx_timer.o
 .text.TIM_GetCaptureValue
                0x00000000       0x78 ..\obj\lpc17xx_timer.o
 .text          0x00000000        0x0 ..\obj\core.o
 .data          0x00000000        0x0 ..\obj\core.o
 .text.CoSchedLock
                0x00000000       0x20 ..\obj\core.o
 .text.CoSchedUnlock
                0x00000000        0xc ..\obj\core.o
 .text.CoGetOSVersion
                0x00000000       0x10 ..\obj\core.o
 .text          0x00000000        0x0 ..\obj\drv_buzz.o
 .data          0x00000000        0x0 ..\obj\drv_buzz.o
 .text.NVIC_EnableIRQ
                0x00000000       0x34 ..\obj\drv_buzz.o
 .text.NVIC_DisableIRQ
                0x00000000       0x38 ..\obj\drv_buzz.o
 .text.NVIC_SetPriority
                0x00000000       0x58 ..\obj\drv_buzz.o
 .text.drv_buzz_on
                0x00000000       0x18 ..\obj\drv_buzz.o
 .text.drv_buzz_off
                0x00000000       0x18 ..\obj\drv_buzz.o
 .text.drv_buzz_generateStart
                0x00000000       0x9c ..\obj\drv_buzz.o
 .text.drv_buzz_generateStop
                0x00000000       0x28 ..\obj\drv_buzz.o
 .text.drv_buzz_close
                0x00000000        0xc ..\obj\drv_buzz.o
 .text.drv_buzz_unload
                0x00000000       0x28 ..\obj\drv_buzz.o
 .text          0x00000000        0x0 ..\obj\core_cm3.o
 .data          0x00000000        0x0 ..\obj\core_cm3.o
 .bss           0x00000000        0x0 ..\obj\core_cm3.o
 .text.__get_PSP
                0x00000000       0x10 ..\obj\core_cm3.o
 .text.__set_PSP
                0x00000000        0x8 ..\obj\core_cm3.o
 .text.__get_MSP
                0x00000000       0x10 ..\obj\core_cm3.o
 .text.__set_MSP
                0x00000000        0x8 ..\obj\core_cm3.o
 .text.__get_BASEPRI
                0x00000000       0x20 ..\obj\core_cm3.o
 .text.__set_BASEPRI
                0x00000000       0x18 ..\obj\core_cm3.o
 .text.__get_PRIMASK
                0x00000000       0x20 ..\obj\core_cm3.o
 .text.__set_PRIMASK
                0x00000000       0x18 ..\obj\core_cm3.o
 .text.__get_FAULTMASK
                0x00000000       0x20 ..\obj\core_cm3.o
 .text.__set_FAULTMASK
                0x00000000       0x18 ..\obj\core_cm3.o
 .text.__get_CONTROL
                0x00000000       0x20 ..\obj\core_cm3.o
 .text.__set_CONTROL
                0x00000000       0x18 ..\obj\core_cm3.o
 .text.__REV    0x00000000       0x24 ..\obj\core_cm3.o
 .text.__REV16  0x00000000       0x24 ..\obj\core_cm3.o
 .text.__REVSH  0x00000000       0x24 ..\obj\core_cm3.o
 .text.__RBIT   0x00000000       0x24 ..\obj\core_cm3.o
 .text.__LDREXB
                0x00000000       0x24 ..\obj\core_cm3.o
 .text.__LDREXH
                0x00000000       0x24 ..\obj\core_cm3.o
 .text.__LDREXW
                0x00000000       0x24 ..\obj\core_cm3.o
 .text.__STREXB
                0x00000000       0x2c ..\obj\core_cm3.o
 .text.__STREXH
                0x00000000       0x2c ..\obj\core_cm3.o
 .text.__STREXW
                0x00000000       0x28 ..\obj\core_cm3.o
 .text          0x00000000        0x0 ..\obj\timer.o
 .data          0x00000000        0x0 ..\obj\timer.o
 .text.CoCreateTmr
                0x00000000      0x174 ..\obj\timer.o
 .text.CoStartTmr
                0x00000000       0x88 ..\obj\timer.o
 .text.CoStopTmr
                0x00000000       0x88 ..\obj\timer.o
 .text.CoDelTmr
                0x00000000       0x84 ..\obj\timer.o
 .text.CoGetCurTmrCnt
                0x00000000       0x7c ..\obj\timer.o
 .text.CoSetTmrCnt
                0x00000000       0xac ..\obj\timer.o
 .text          0x00000000        0x0 ..\obj\lpc17xx_clkpwr.o
 .data          0x00000000        0x0 ..\obj\lpc17xx_clkpwr.o
 .bss           0x00000000        0x0 ..\obj\lpc17xx_clkpwr.o
 .text.__WFI    0x00000000        0xc ..\obj\lpc17xx_clkpwr.o
 .text.CLKPWR_SetPCLKDiv
                0x00000000       0xa0 ..\obj\lpc17xx_clkpwr.o
 .text.CLKPWR_Sleep
                0x00000000       0x18 ..\obj\lpc17xx_clkpwr.o
 .text.CLKPWR_DeepSleep
                0x00000000       0x24 ..\obj\lpc17xx_clkpwr.o
 .text.CLKPWR_PowerDown
                0x00000000       0x24 ..\obj\lpc17xx_clkpwr.o
 .text.CLKPWR_DeepPowerDown
                0x00000000       0x24 ..\obj\lpc17xx_clkpwr.o
 .text          0x00000000        0x0 ..\obj\mdw_error.o
 .data          0x00000000        0x0 ..\obj\mdw_error.o
 .bss           0x00000000        0x0 ..\obj\mdw_error.o
 .text.mdw_log_error
                0x00000000       0x14 ..\obj\mdw_error.o
 .text          0x00000000        0x0 ..\obj\utility.o
 .data          0x00000000        0x0 ..\obj\utility.o
 .bss           0x00000000        0x0 ..\obj\utility.o
 .text.CoTickToTime
                0x00000000       0xb4 ..\obj\utility.o
 .text.CoTimeToTick
                0x00000000       0x8c ..\obj\utility.o
 .text          0x00000000        0x0 ..\obj\system_LPC17xx.o
 .bss           0x00000000        0x0 ..\obj\system_LPC17xx.o
 .text.SystemCoreClockUpdate
                0x00000000      0x1a8 ..\obj\system_LPC17xx.o
 .text          0x00000000        0x0 ..\obj\drv_led.o
 .text.drv_led_setOne
                0x00000000       0x28 ..\obj\drv_led.o
 .text.drv_led_clearOne
                0x00000000       0x28 ..\obj\drv_led.o
 .text.drv_led_close
                0x00000000        0xc ..\obj\drv_led.o
 .text.drv_led_unload
                0x00000000       0x1c ..\obj\drv_led.o
 .text          0x00000000        0x0 ..\obj\task.o
 .data          0x00000000        0x0 ..\obj\task.o
 .text.CoExitTask
                0x00000000       0x18 ..\obj\task.o
 .text.CoGetCurTaskID
                0x00000000       0x18 ..\obj\task.o
 .text.CoSuspendTask
                0x00000000       0xb4 ..\obj\task.o
 .text.CoAwakeTask
                0x00000000       0xb8 ..\obj\task.o
 .text          0x00000000        0x0 ..\obj\lpc17xx_adc.o
 .data          0x00000000        0x0 ..\obj\lpc17xx_adc.o
 .bss           0x00000000        0x0 ..\obj\lpc17xx_adc.o
 .text.ADC_DeInit
                0x00000000       0x44 ..\obj\lpc17xx_adc.o
 .text.ADC_GetData
                0x00000000       0x34 ..\obj\lpc17xx_adc.o
 .text.ADC_BurstCmd
                0x00000000       0x4c ..\obj\lpc17xx_adc.o
 .text.ADC_PowerdownCmd
                0x00000000       0x4c ..\obj\lpc17xx_adc.o
 .text.ADC_EdgeStartConfig
                0x00000000       0x64 ..\obj\lpc17xx_adc.o
 .text.ADC_GlobalGetData
                0x00000000       0x30 ..\obj\lpc17xx_adc.o
 .text.ADC_GlobalGetStatus
                0x00000000       0x74 ..\obj\lpc17xx_adc.o
 .text          0x00000000        0x0 ..\obj\serviceReq.o
 .data          0x00000000        0x0 ..\obj\serviceReq.o
 .text          0x00000000        0x0 ..\obj\main.o
 .data          0x00000000        0x0 ..\obj\main.o
 .text          0x00000000        0x0 ..\obj\font.o
 .data          0x00000000        0x0 ..\obj\font.o
 .bss           0x00000000        0x0 ..\obj\font.o
 .text          0x00000000        0x0 ..\obj\mbox.o
 .data          0x00000000        0x0 ..\obj\mbox.o
 .bss           0x00000000        0x0 ..\obj\mbox.o
 .text.CoCreateMbox
                0x00000000       0x40 ..\obj\mbox.o
 .text.CoDelMbox
                0x00000000       0x54 ..\obj\mbox.o
 .text.CoAcceptMail
                0x00000000       0xa8 ..\obj\mbox.o
 .text.CoPendMail
                0x00000000      0x158 ..\obj\mbox.o
 .text.isr_PostMail
                0x00000000       0x50 ..\obj\mbox.o
 .text          0x00000000        0x0 ..\obj\mm.o
 .data          0x00000000        0x0 ..\obj\mm.o
 .bss           0x00000000       0x24 ..\obj\mm.o
 .text.CoCreateMemPartition
                0x00000000      0x140 ..\obj\mm.o
 .text.CoDelMemoryPartition
                0x00000000       0xa8 ..\obj\mm.o
 .text.CoGetFreeBlockNum
                0x00000000       0xa8 ..\obj\mm.o
 .text.CoGetMemoryBuffer
                0x00000000       0x90 ..\obj\mm.o
 .text.CoFreeMemoryBuffer
                0x00000000       0xe0 ..\obj\mm.o
 .text          0x00000000        0x0 ..\obj\startup_LPC17xx.o
 .data          0x00000000        0x0 ..\obj\startup_LPC17xx.o
 .bss           0x00000000        0x0 ..\obj\startup_LPC17xx.o
 .text          0x00000000        0x0 ..\obj\lpc17xx_libcfg_default.o
 .data          0x00000000        0x0 ..\obj\lpc17xx_libcfg_default.o
 .bss           0x00000000        0x0 ..\obj\lpc17xx_libcfg_default.o
 .text          0x00000000        0x0 ..\obj\time.o
 .data          0x00000000        0x0 ..\obj\time.o
 .text.CoGetOSTime
                0x00000000       0x18 ..\obj\time.o
 .text.CoResetTaskDelayTick
                0x00000000       0x8c ..\obj\time.o
 .text          0x00000000        0x0 ..\obj\event.o
 .data          0x00000000        0x0 ..\obj\event.o
 .text.ReleaseECB
                0x00000000       0x48 ..\obj\event.o
 .text.CreatEvent
                0x00000000       0x90 ..\obj\event.o
 .text.DeleteEvent
                0x00000000       0x98 ..\obj\event.o
 .text          0x00000000        0x0 ..\obj\lpc17xx_pinsel.o
 .data          0x00000000        0x0 ..\obj\lpc17xx_pinsel.o
 .bss           0x00000000        0x0 ..\obj\lpc17xx_pinsel.o
 .text.PINSEL_ConfigTraceFunc
                0x00000000       0x40 ..\obj\lpc17xx_pinsel.o
 .text.PINSEL_SetI2C0Pins
                0x00000000       0x3c ..\obj\lpc17xx_pinsel.o
 .text          0x00000000        0x0 ..\obj\syscalls.o
 .data          0x00000000        0x0 ..\obj\syscalls.o
 .bss           0x00000000        0x4 ..\obj\syscalls.o
 .text._sbrk    0x00000000       0x40 ..\obj\syscalls.o
 .text.link     0x00000000       0x1c ..\obj\syscalls.o
 .text._close   0x00000000       0x18 ..\obj\syscalls.o
 .text._fstat   0x00000000       0x24 ..\obj\syscalls.o
 .text._isatty  0x00000000       0x18 ..\obj\syscalls.o
 .text._lseek   0x00000000       0x1c ..\obj\syscalls.o
 .text._read    0x00000000       0x1c ..\obj\syscalls.o
 .text._write   0x00000000       0x1c ..\obj\syscalls.o
 .text.abort    0x00000000        0x8 ..\obj\syscalls.o
 .text          0x00000000        0x0 ..\obj\port.o
 .bss           0x00000000        0x0 ..\obj\port.o
 .text          0x00000000        0x0 ..\obj\queue.o
 .data          0x00000000        0x0 ..\obj\queue.o
 .bss           0x00000000       0x24 ..\obj\queue.o
 .text.CoCreateQueue
                0x00000000      0x12c ..\obj\queue.o
 .text.CoDelQueue
                0x00000000       0xb4 ..\obj\queue.o
 .text.CoAcceptQueueMail
                0x00000000       0xdc ..\obj\queue.o
 .text.CoPendQueueMail
                0x00000000      0x188 ..\obj\queue.o
 .text.isr_PostQueueMail
                0x00000000       0x50 ..\obj\queue.o
 .text          0x00000000        0x0 ..\obj\mutex.o
 .data          0x00000000        0x0 ..\obj\mutex.o
 .text          0x00000000        0x0 ..\obj\flag.o
 .data          0x00000000        0x0 ..\obj\flag.o
 .text.CoDelFlag
                0x00000000      0x13c ..\obj\flag.o
 .text.CoAcceptSingleFlag
                0x00000000       0x9c ..\obj\flag.o
 .text.CoAcceptMultipleFlags
                0x00000000       0xd8 ..\obj\flag.o
 .text.CoWaitForMultipleFlags
                0x00000000      0x1fc ..\obj\flag.o
 .text.CoClearFlag
                0x00000000       0x64 ..\obj\flag.o
 .text          0x00000000        0x0 ..\obj\drv_userInt.o
 .data          0x00000000        0x0 ..\obj\drv_userInt.o
 .text.drv_usr_int_unload
                0x00000000        0xc ..\obj\drv_userInt.o
 .text.drv_usr_int_close
                0x00000000        0xc ..\obj\drv_userInt.o
 .text          0x00000000        0x0 ..\obj\drv_lcd.o
 .data          0x00000000        0x0 ..\obj\drv_lcd.o
 .bss           0x00000000        0x0 ..\obj\drv_lcd.o
 .text          0x00000000        0x0 ..\obj\lpc17xx_nvic.o
 .data          0x00000000        0x0 ..\obj\lpc17xx_nvic.o
 .bss           0x00000000        0x0 ..\obj\lpc17xx_nvic.o
 .text.NVIC_DeInit
                0x00000000       0x60 ..\obj\lpc17xx_nvic.o
 .text.NVIC_SCBDeInit
                0x00000000       0x80 ..\obj\lpc17xx_nvic.o
 .text.NVIC_SetVTOR
                0x00000000       0x1c ..\obj\lpc17xx_nvic.o
 .text          0x00000000        0x0 ..\obj\arch.o
 .data          0x00000000        0x0 ..\obj\arch.o
 .text          0x00000000        0x0 ..\obj\drv_pot.o
 .data          0x00000000        0x0 ..\obj\drv_pot.o
 .text.drv_pot_unload
                0x00000000        0xc ..\obj\drv_pot.o
 .text.drv_pot_close
                0x00000000       0x1c ..\obj\drv_pot.o
 .text          0x00000000        0x0 ..\obj\mdw_log_debug.o
 .data          0x00000000        0x0 ..\obj\mdw_log_debug.o
 .text.mdw_log_close
                0x00000000        0xc ..\obj\mdw_log_debug.o
 .text.mdw_log_unload
                0x00000000        0xc ..\obj\mdw_log_debug.o
 .text          0x00000000        0x0 ..\obj\sem.o
 .data          0x00000000        0x0 ..\obj\sem.o
 .bss           0x00000000        0x0 ..\obj\sem.o
 .text.CoCreateSem
                0x00000000       0x6c ..\obj\sem.o
 .text.CoDelSem
                0x00000000       0x54 ..\obj\sem.o
 .text.CoAcceptSem
                0x00000000       0x80 ..\obj\sem.o
 .text.CoPendSem
                0x00000000      0x108 ..\obj\sem.o
 .text.isr_PostSem
                0x00000000       0x50 ..\obj\sem.o
 .text          0x00000000        0x0 ..\obj\mdw_log_debug_image.o
 .data          0x00000000        0x0 ..\obj\mdw_log_debug_image.o
 .bss           0x00000000        0x0 ..\obj\mdw_log_debug_image.o
 .text          0x00000000        0x0 ..\obj\hook.o
 .data          0x00000000        0x0 ..\obj\hook.o
 .bss           0x00000000        0x0 ..\obj\hook.o
 .data          0x00000000        0x0 c:/dev/coide/gcc/bin/../lib/gcc/arm-none-eabi/4.5.2/../../../../arm-none-eabi/lib/thumb2\libm.a(lib_a-w_pow.o)
 .bss           0x00000000        0x0 c:/dev/coide/gcc/bin/../lib/gcc/arm-none-eabi/4.5.2/../../../../arm-none-eabi/lib/thumb2\libm.a(lib_a-w_pow.o)
 .data          0x00000000        0x0 c:/dev/coide/gcc/bin/../lib/gcc/arm-none-eabi/4.5.2/../../../../arm-none-eabi/lib/thumb2\libm.a(lib_a-e_pow.o)
 .bss           0x00000000        0x0 c:/dev/coide/gcc/bin/../lib/gcc/arm-none-eabi/4.5.2/../../../../arm-none-eabi/lib/thumb2\libm.a(lib_a-e_pow.o)
 .data          0x00000000        0x0 c:/dev/coide/gcc/bin/../lib/gcc/arm-none-eabi/4.5.2/../../../../arm-none-eabi/lib/thumb2\libm.a(lib_a-e_sqrt.o)
 .bss           0x00000000        0x0 c:/dev/coide/gcc/bin/../lib/gcc/arm-none-eabi/4.5.2/../../../../arm-none-eabi/lib/thumb2\libm.a(lib_a-e_sqrt.o)
 .data          0x00000000        0x0 c:/dev/coide/gcc/bin/../lib/gcc/arm-none-eabi/4.5.2/../../../../arm-none-eabi/lib/thumb2\libm.a(lib_a-s_fabs.o)
 .bss           0x00000000        0x0 c:/dev/coide/gcc/bin/../lib/gcc/arm-none-eabi/4.5.2/../../../../arm-none-eabi/lib/thumb2\libm.a(lib_a-s_fabs.o)
 .data          0x00000000        0x0 c:/dev/coide/gcc/bin/../lib/gcc/arm-none-eabi/4.5.2/../../../../arm-none-eabi/lib/thumb2\libm.a(lib_a-s_finite.o)
 .bss           0x00000000        0x0 c:/dev/coide/gcc/bin/../lib/gcc/arm-none-eabi/4.5.2/../../../../arm-none-eabi/lib/thumb2\libm.a(lib_a-s_finite.o)
 .data          0x00000000        0x0 c:/dev/coide/gcc/bin/../lib/gcc/arm-none-eabi/4.5.2/../../../../arm-none-eabi/lib/thumb2\libm.a(lib_a-s_fpclassify.o)
 .bss           0x00000000        0x0 c:/dev/coide/gcc/bin/../lib/gcc/arm-none-eabi/4.5.2/../../../../arm-none-eabi/lib/thumb2\libm.a(lib_a-s_fpclassify.o)
 .text          0x00000000        0x0 c:/dev/coide/gcc/bin/../lib/gcc/arm-none-eabi/4.5.2/../../../../arm-none-eabi/lib/thumb2\libm.a(lib_a-s_lib_ver.o)
 .bss           0x00000000        0x0 c:/dev/coide/gcc/bin/../lib/gcc/arm-none-eabi/4.5.2/../../../../arm-none-eabi/lib/thumb2\libm.a(lib_a-s_lib_ver.o)
 .data          0x00000000        0x0 c:/dev/coide/gcc/bin/../lib/gcc/arm-none-eabi/4.5.2/../../../../arm-none-eabi/lib/thumb2\libm.a(lib_a-s_matherr.o)
 .bss           0x00000000        0x0 c:/dev/coide/gcc/bin/../lib/gcc/arm-none-eabi/4.5.2/../../../../arm-none-eabi/lib/thumb2\libm.a(lib_a-s_matherr.o)
 .data          0x00000000        0x0 c:/dev/coide/gcc/bin/../lib/gcc/arm-none-eabi/4.5.2/../../../../arm-none-eabi/lib/thumb2\libm.a(lib_a-s_nan.o)
 .bss           0x00000000        0x0 c:/dev/coide/gcc/bin/../lib/gcc/arm-none-eabi/4.5.2/../../../../arm-none-eabi/lib/thumb2\libm.a(lib_a-s_nan.o)
 .data          0x00000000        0x0 c:/dev/coide/gcc/bin/../lib/gcc/arm-none-eabi/4.5.2/../../../../arm-none-eabi/lib/thumb2\libm.a(lib_a-s_rint.o)
 .bss           0x00000000        0x0 c:/dev/coide/gcc/bin/../lib/gcc/arm-none-eabi/4.5.2/../../../../arm-none-eabi/lib/thumb2\libm.a(lib_a-s_rint.o)
 .data          0x00000000        0x0 c:/dev/coide/gcc/bin/../lib/gcc/arm-none-eabi/4.5.2/../../../../arm-none-eabi/lib/thumb2\libm.a(lib_a-s_scalbn.o)
 .bss           0x00000000        0x0 c:/dev/coide/gcc/bin/../lib/gcc/arm-none-eabi/4.5.2/../../../../arm-none-eabi/lib/thumb2\libm.a(lib_a-s_scalbn.o)
 .data          0x00000000        0x0 c:/dev/coide/gcc/bin/../lib/gcc/arm-none-eabi/4.5.2/../../../../arm-none-eabi/lib/thumb2\libm.a(lib_a-s_copysign.o)
 .bss           0x00000000        0x0 c:/dev/coide/gcc/bin/../lib/gcc/arm-none-eabi/4.5.2/../../../../arm-none-eabi/lib/thumb2\libm.a(lib_a-s_copysign.o)
 .data          0x00000000        0x0 c:/dev/coide/gcc/bin/../lib/gcc/arm-none-eabi/4.5.2/thumb2\libgcc.a(_arm_addsubdf3.o)
 .bss           0x00000000        0x0 c:/dev/coide/gcc/bin/../lib/gcc/arm-none-eabi/4.5.2/thumb2\libgcc.a(_arm_addsubdf3.o)
 .data          0x00000000        0x0 c:/dev/coide/gcc/bin/../lib/gcc/arm-none-eabi/4.5.2/thumb2\libgcc.a(_arm_muldivdf3.o)
 .bss           0x00000000        0x0 c:/dev/coide/gcc/bin/../lib/gcc/arm-none-eabi/4.5.2/thumb2\libgcc.a(_arm_muldivdf3.o)
 .data          0x00000000        0x0 c:/dev/coide/gcc/bin/../lib/gcc/arm-none-eabi/4.5.2/thumb2\libgcc.a(_arm_cmpdf2.o)
 .bss           0x00000000        0x0 c:/dev/coide/gcc/bin/../lib/gcc/arm-none-eabi/4.5.2/thumb2\libgcc.a(_arm_cmpdf2.o)
 .data          0x00000000        0x0 c:/dev/coide/gcc/bin/../lib/gcc/arm-none-eabi/4.5.2/thumb2\libgcc.a(_arm_fixdfsi.o)
 .bss           0x00000000        0x0 c:/dev/coide/gcc/bin/../lib/gcc/arm-none-eabi/4.5.2/thumb2\libgcc.a(_arm_fixdfsi.o)
 .data          0x00000000        0x0 c:/dev/coide/gcc/bin/../lib/gcc/arm-none-eabi/4.5.2/thumb2\libgcc.a(_arm_fixunsdfsi.o)
 .bss           0x00000000        0x0 c:/dev/coide/gcc/bin/../lib/gcc/arm-none-eabi/4.5.2/thumb2\libgcc.a(_arm_fixunsdfsi.o)
 .text          0x00000000       0x2c c:/dev/coide/gcc/bin/../lib/gcc/arm-none-eabi/4.5.2/thumb2\libgcc.a(_aeabi_uldivmod.o)
 .data          0x00000000        0x0 c:/dev/coide/gcc/bin/../lib/gcc/arm-none-eabi/4.5.2/thumb2\libgcc.a(_aeabi_uldivmod.o)
 .bss           0x00000000        0x0 c:/dev/coide/gcc/bin/../lib/gcc/arm-none-eabi/4.5.2/thumb2\libgcc.a(_aeabi_uldivmod.o)
 .text          0x00000000       0x60 c:/dev/coide/gcc/bin/../lib/gcc/arm-none-eabi/4.5.2/thumb2\libgcc.a(bpabi.o)
 .data          0x00000000        0x0 c:/dev/coide/gcc/bin/../lib/gcc/arm-none-eabi/4.5.2/thumb2\libgcc.a(bpabi.o)
 .bss           0x00000000        0x0 c:/dev/coide/gcc/bin/../lib/gcc/arm-none-eabi/4.5.2/thumb2\libgcc.a(bpabi.o)
 .text          0x00000000        0x4 c:/dev/coide/gcc/bin/../lib/gcc/arm-none-eabi/4.5.2/thumb2\libgcc.a(_dvmd_tls.o)
 .data          0x00000000        0x0 c:/dev/coide/gcc/bin/../lib/gcc/arm-none-eabi/4.5.2/thumb2\libgcc.a(_dvmd_tls.o)
 .bss           0x00000000        0x0 c:/dev/coide/gcc/bin/../lib/gcc/arm-none-eabi/4.5.2/thumb2\libgcc.a(_dvmd_tls.o)
 .text          0x00000000      0x360 c:/dev/coide/gcc/bin/../lib/gcc/arm-none-eabi/4.5.2/thumb2\libgcc.a(_divdi3.o)
 .data          0x00000000        0x0 c:/dev/coide/gcc/bin/../lib/gcc/arm-none-eabi/4.5.2/thumb2\libgcc.a(_divdi3.o)
 .bss           0x00000000        0x0 c:/dev/coide/gcc/bin/../lib/gcc/arm-none-eabi/4.5.2/thumb2\libgcc.a(_divdi3.o)
 .ARM.extab     0x00000000        0x0 c:/dev/coide/gcc/bin/../lib/gcc/arm-none-eabi/4.5.2/thumb2\libgcc.a(_divdi3.o)
 .ARM.exidx     0x00000000        0x8 c:/dev/coide/gcc/bin/../lib/gcc/arm-none-eabi/4.5.2/thumb2\libgcc.a(_divdi3.o)
 .text          0x00000000      0x308 c:/dev/coide/gcc/bin/../lib/gcc/arm-none-eabi/4.5.2/thumb2\libgcc.a(_udivdi3.o)
 .data          0x00000000        0x0 c:/dev/coide/gcc/bin/../lib/gcc/arm-none-eabi/4.5.2/thumb2\libgcc.a(_udivdi3.o)
 .bss           0x00000000        0x0 c:/dev/coide/gcc/bin/../lib/gcc/arm-none-eabi/4.5.2/thumb2\libgcc.a(_udivdi3.o)
 .ARM.extab     0x00000000        0x0 c:/dev/coide/gcc/bin/../lib/gcc/arm-none-eabi/4.5.2/thumb2\libgcc.a(_udivdi3.o)
 .ARM.exidx     0x00000000        0x8 c:/dev/coide/gcc/bin/../lib/gcc/arm-none-eabi/4.5.2/thumb2\libgcc.a(_udivdi3.o)
 .text          0x00000000      0x278 c:/dev/coide/gcc/bin/../lib/gcc/arm-none-eabi/4.5.2/thumb2\libgcc.a(_udivsi3.o)
 .data          0x00000000        0x0 c:/dev/coide/gcc/bin/../lib/gcc/arm-none-eabi/4.5.2/thumb2\libgcc.a(_udivsi3.o)
 .bss           0x00000000        0x0 c:/dev/coide/gcc/bin/../lib/gcc/arm-none-eabi/4.5.2/thumb2\libgcc.a(_udivsi3.o)
 .data          0x00000000        0x0 c:/dev/coide/gcc/bin/../lib/gcc/arm-none-eabi/4.5.2/../../../../arm-none-eabi/lib/thumb2\libc.a(lib_a-errno.o)
 .bss           0x00000000        0x0 c:/dev/coide/gcc/bin/../lib/gcc/arm-none-eabi/4.5.2/../../../../arm-none-eabi/lib/thumb2\libc.a(lib_a-errno.o)
 .text          0x00000000        0x0 c:/dev/coide/gcc/bin/../lib/gcc/arm-none-eabi/4.5.2/../../../../arm-none-eabi/lib/thumb2\libc.a(lib_a-impure.o)
 .bss           0x00000000        0x0 c:/dev/coide/gcc/bin/../lib/gcc/arm-none-eabi/4.5.2/../../../../arm-none-eabi/lib/thumb2\libc.a(lib_a-impure.o)
 .rodata        0x00000000        0x4 c:/dev/coide/gcc/bin/../lib/gcc/arm-none-eabi/4.5.2/../../../../arm-none-eabi/lib/thumb2\libc.a(lib_a-impure.o)
 .data          0x00000000        0x0 c:/dev/coide/gcc/bin/../lib/gcc/arm-none-eabi/4.5.2/../../../../arm-none-eabi/lib/thumb2\libc.a(lib_a-strlen.o)
 .bss           0x00000000        0x0 c:/dev/coide/gcc/bin/../lib/gcc/arm-none-eabi/4.5.2/../../../../arm-none-eabi/lib/thumb2\libc.a(lib_a-strlen.o)

Memory Configuration

Name             Origin             Length             Attributes
rom              0x00000000         0x00080000         xr
ram              0x10000000         0x00008000         xrw
ram1             0x2007c000         0x00008000         xrw
*default*        0x00000000         0xffffffff

Linker script and memory map

                0x10008000                _eram = 0x10008000

.text           0x00000000     0x9694
 *(.isr_vector .isr_vector.*)
 .isr_vector    0x00000000       0xcc ..\obj\startup_LPC17xx.o
                0x00000000                g_pfnVectors
 *(.text .text.* .gnu.linkonce.t.*)
 .text.CoCreateKheap
                0x000000cc       0x4c ..\obj\kernelHeap.o
                0x000000cc                CoCreateKheap
 .text.TIM_ClearIntPending
                0x00000118       0x90 ..\obj\lpc17xx_timer.o
                0x00000118                TIM_ClearIntPending
 .text.CoEnterISR
                0x000001a8       0x10 ..\obj\core.o
                0x000001a8                CoEnterISR
 .text.CoExitISR
                0x000001b8       0x50 ..\obj\core.o
                0x000001b8                CoExitISR
 .text.OsSchedUnlock
                0x00000208       0x50 ..\obj\core.o
                0x00000208                OsSchedUnlock
 .text.CoInitOS
                0x00000258       0x84 ..\obj\core.o
                0x00000258                CoInitOS
 .text.CoStartOS
                0x000002dc       0x38 ..\obj\core.o
                0x000002dc                CoStartOS
 .text.drv_buzz_load
                0x00000314       0x40 ..\obj\drv_buzz.o
                0x00000314                drv_buzz_load
 .text.drv_buzz_open
                0x00000354        0xc ..\obj\drv_buzz.o
                0x00000354                drv_buzz_open
 .text.TIMER0_IRQHandler
                0x00000360       0x4c ..\obj\drv_buzz.o
                0x00000360                TIMER0_IRQHandler
 .text.InsertTmrList
                0x000003ac      0x248 ..\obj\timer.o
 .text.RemoveTmrList
                0x000005f4       0xec ..\obj\timer.o
 .text.TmrDispose
                0x000006e0       0x7c ..\obj\timer.o
                0x000006e0                TmrDispose
 .text.isr_TmrDispose
                0x0000075c       0x34 ..\obj\timer.o
                0x0000075c                isr_TmrDispose
 .text.CLKPWR_GetPCLKSEL
                0x00000790       0x4c ..\obj\lpc17xx_clkpwr.o
                0x00000790                CLKPWR_GetPCLKSEL
 .text.CLKPWR_GetPCLK
                0x000007dc       0x70 ..\obj\lpc17xx_clkpwr.o
                0x000007dc                CLKPWR_GetPCLK
 .text.CLKPWR_ConfigPPWR
                0x0000084c       0x60 ..\obj\lpc17xx_clkpwr.o
                0x0000084c                CLKPWR_ConfigPPWR
 .text.SystemInit
                0x000008ac      0x180 ..\obj\system_LPC17xx.o
                0x000008ac                SystemInit
 .text.drv_led_load
                0x00000a2c       0x40 ..\obj\drv_led.o
                0x00000a2c                drv_led_load
 .text.drv_led_open
                0x00000a6c       0x2c ..\obj\drv_led.o
                0x00000a6c                drv_led_open
 .text.drv_led_start
                0x00000a98       0x74 ..\obj\drv_led.o
                0x00000a98                drv_led_start
 .text.drv_led_stop
                0x00000b0c       0x30 ..\obj\drv_led.o
                0x00000b0c                drv_led_stop
 .text.drv_led_speed
                0x00000b3c       0x34 ..\obj\drv_led.o
                0x00000b3c                drv_led_speed
 .text.drv_led_set
                0x00000b70       0x20 ..\obj\drv_led.o
                0x00000b70                drv_led_set
 .text.drv_led_clear
                0x00000b90       0x20 ..\obj\drv_led.o
                0x00000b90                drv_led_clear
 .text.led_task
                0x00000bb0       0xcc ..\obj\drv_led.o
 .text.CreateTCBList
                0x00000c7c       0x74 ..\obj\task.o
                0x00000c7c                CreateTCBList
 .text.InsertToTCBRdyList
                0x00000cf0      0x108 ..\obj\task.o
                0x00000cf0                InsertToTCBRdyList
 .text.RemoveFromTCBRdyList
                0x00000df8       0x94 ..\obj\task.o
                0x00000df8                RemoveFromTCBRdyList
 .text.CoSetPriority
                0x00000e8c      0x1dc ..\obj\task.o
                0x00000e8c                CoSetPriority
 .text.Schedule
                0x00001068      0x164 ..\obj\task.o
                0x00001068                Schedule
 .text.AssignTCB
                0x000011cc       0x50 ..\obj\task.o
 .text.CreateTask
                0x0000121c      0x14c ..\obj\task.o
                0x0000121c                CreateTask
 .text.CoDelTask
                0x00001368      0x12c ..\obj\task.o
                0x00001368                CoDelTask
 .text.ADC_Init
                0x00001494       0x98 ..\obj\lpc17xx_adc.o
                0x00001494                ADC_Init
 .text.ADC_StartCmd
                0x0000152c       0x84 ..\obj\lpc17xx_adc.o
                0x0000152c                ADC_StartCmd
 .text.ADC_IntConfig
                0x000015b0       0xa4 ..\obj\lpc17xx_adc.o
                0x000015b0                ADC_IntConfig
 .text.ADC_ChannelCmd
                0x00001654       0x68 ..\obj\lpc17xx_adc.o
                0x00001654                ADC_ChannelCmd
 .text.ADC_ChannelGetData
                0x000016bc       0x54 ..\obj\lpc17xx_adc.o
                0x000016bc                ADC_ChannelGetData
 .text.ADC_ChannelGetStatus
                0x00001710       0x84 ..\obj\lpc17xx_adc.o
                0x00001710                ADC_ChannelGetStatus
 .text.InsertInSRQ
                0x00001794       0xa0 ..\obj\serviceReq.o
                0x00001794                InsertInSRQ
 .text.RespondSRQ
                0x00001834      0x11c ..\obj\serviceReq.o
                0x00001834                RespondSRQ
 .text.main     0x00001950       0x50 ..\obj\main.o
                0x00001950                main
 .text.main_task
                0x000019a0       0x78 ..\obj\main.o
 .text.button_interrupt
                0x00001a18       0x1c ..\obj\main.o
 .text.CoPostMail
                0x00001a34       0x84 ..\obj\mbox.o
                0x00001a34                CoPostMail
 .text.Default_Reset_Handler
                0x00001ab8       0x68 ..\obj\startup_LPC17xx.o
                0x00001ab8                Default_Reset_Handler
                0x00001ab8                Reset_Handler
 .text.Default_Handler
                0x00001b20        0x8 ..\obj\startup_LPC17xx.o
                0x00001b20                TIMER2_IRQHandler
                0x00001b20                DebugMon_Handler
                0x00001b20                RIT_IRQHandler
                0x00001b20                I2C0_IRQHandler
                0x00001b20                HardFault_Handler
                0x00001b20                USBActivity_IRQHandler
                0x00001b20                PWM1_IRQHandler
                0x00001b20                NMI_Handler
                0x00001b20                I2C1_IRQHandler
                0x00001b20                EINT2_IRQHandler
                0x00001b20                UART1_IRQHandler
                0x00001b20                EINT3_IRQHandler
                0x00001b20                CANActivity_IRQHandler
                0x00001b20                TIMER3_IRQHandler
                0x00001b20                UART0_IRQHandler
                0x00001b20                UsageFault_Handler
                0x00001b20                PLL0_IRQHandler
                0x00001b20                CAN_IRQHandler
                0x00001b20                PLL1_IRQHandler
                0x00001b20                SSP0_IRQHandler
                0x00001b20                I2S_IRQHandler
                0x00001b20                I2C2_IRQHandler
                0x00001b20                RTC_IRQHandler
                0x00001b20                SPI_IRQHandler
                0x00001b20                EINT1_IRQHandler
                0x00001b20                TIMER1_IRQHandler
                0x00001b20                UART2_IRQHandler
                0x00001b20                SSP1_IRQHandler
                0x00001b20                USB_IRQHandler
                0x00001b20                BOD_IRQHandler
                0x00001b20                MemManage_Handler
                0x00001b20                WDT_IRQHandler
                0x00001b20                SVC_Handler
                0x00001b20                QEI_IRQHandler
                0x00001b20                DMA_IRQHandler
                0x00001b20                BusFault_Handler
                0x00001b20                UART3_IRQHandler
                0x00001b20                MCPWM_IRQHandler
                0x00001b20                ENET_IRQHandler
 .text.check_failed
                0x00001b28        0xc ..\obj\lpc17xx_libcfg_default.o
                0x00001b28                check_failed
 .text.InsertDelayList
                0x00001b34       0xf4 ..\obj\time.o
                0x00001b34                InsertDelayList
 .text.RemoveDelayList
                0x00001c28       0xc0 ..\obj\time.o
                0x00001c28                RemoveDelayList
 .text.CoTickDelay
                0x00001ce8       0x7c ..\obj\time.o
                0x00001ce8                CoTickDelay
 .text.CoTimeDelay
                0x00001d64       0xb4 ..\obj\time.o
                0x00001d64                CoTimeDelay
 .text.TimeDispose
                0x00001e18       0x7c ..\obj\time.o
                0x00001e18                TimeDispose
 .text.isr_TimeDispose
                0x00001e94       0x34 ..\obj\time.o
                0x00001e94                isr_TimeDispose
 .text.CreateEventList
                0x00001ec8       0x88 ..\obj\event.o
                0x00001ec8                CreateEventList
 .text.EventTaskToWait
                0x00001f50      0x10c ..\obj\event.o
                0x00001f50                EventTaskToWait
 .text.EventTaskToRdy
                0x0000205c      0x128 ..\obj\event.o
                0x0000205c                EventTaskToRdy
 .text.RemoveEventWaittingList
                0x00002184       0xac ..\obj\event.o
                0x00002184                RemoveEventWaittingList
 .text.set_PinFunc
                0x00002230       0x9c ..\obj\lpc17xx_pinsel.o
 .text.set_ResistorMode
                0x000022cc       0x9c ..\obj\lpc17xx_pinsel.o
 .text.set_OpenDrainMode
                0x00002368       0x7c ..\obj\lpc17xx_pinsel.o
 .text.PINSEL_ConfigPin
                0x000023e4       0x54 ..\obj\lpc17xx_pinsel.o
                0x000023e4                PINSEL_ConfigPin
 .text.Inc8     0x00002438       0x34 ..\obj\port.o
                0x00002438                Inc8
 .text.Dec8     0x0000246c       0x30 ..\obj\port.o
                0x0000246c                Dec8
 .text.IRQ_ENABLE_RESTORE
                0x0000249c        0xc ..\obj\port.o
                0x0000249c                IRQ_ENABLE_RESTORE
 .text.IRQ_DISABLE_SAVE
                0x000024a8        0xc ..\obj\port.o
                0x000024a8                IRQ_DISABLE_SAVE
 .text.SetEnvironment
                0x000024b4        0xc ..\obj\port.o
                0x000024b4                SetEnvironment
 .text.SwitchContext
                0x000024c0       0x14 ..\obj\port.o
                0x000024c0                SwitchContext
 .text.PendSV_Handler
                0x000024d4       0x3c ..\obj\port.o
                0x000024d4                PendSV_Handler
 .text.CoPostQueueMail
                0x00002510       0xc4 ..\obj\queue.o
                0x00002510                CoPostQueueMail
 .text.CoCreateMutex
                0x000025d4       0x8c ..\obj\mutex.o
                0x000025d4                CoCreateMutex
 .text.CoEnterMutexSection
                0x00002660      0x198 ..\obj\mutex.o
                0x00002660                CoEnterMutexSection
 .text.CoLeaveMutexSection
                0x000027f8      0x14c ..\obj\mutex.o
                0x000027f8                CoLeaveMutexSection
 .text.RemoveMutexList
                0x00002944      0x108 ..\obj\mutex.o
                0x00002944                RemoveMutexList
 .text.CoCreateFlag
                0x00002a4c       0xa4 ..\obj\flag.o
                0x00002a4c                CoCreateFlag
 .text.CoWaitForSingleFlag
                0x00002af0      0x1b4 ..\obj\flag.o
                0x00002af0                CoWaitForSingleFlag
 .text.CoSetFlag
                0x00002ca4      0x118 ..\obj\flag.o
                0x00002ca4                CoSetFlag
 .text.isr_SetFlag
                0x00002dbc       0x50 ..\obj\flag.o
                0x00002dbc                isr_SetFlag
 .text.FlagBlock
                0x00002e0c       0x80 ..\obj\flag.o
 .text.RemoveFromLink
                0x00002e8c       0x58 ..\obj\flag.o
 .text.RemoveLinkNode
                0x00002ee4       0x90 ..\obj\flag.o
                0x00002ee4                RemoveLinkNode
 .text.NVIC_EnableIRQ
                0x00002f74       0x34 ..\obj\drv_userInt.o
 .text.NVIC_ClearPendingIRQ
                0x00002fa8       0x38 ..\obj\drv_userInt.o
 .text.NVIC_SetPriority
                0x00002fe0       0x58 ..\obj\drv_userInt.o
 .text.drv_usr_int_load
                0x00003038       0x58 ..\obj\drv_userInt.o
                0x00003038                drv_usr_int_load
 .text.drv_usr_int_open
                0x00003090       0x44 ..\obj\drv_userInt.o
                0x00003090                drv_usr_int_open
 .text.EINT0_IRQHandler
                0x000030d4       0x28 ..\obj\drv_userInt.o
                0x000030d4                EINT0_IRQHandler
 .text.delay_ms
                0x000030fc       0x24 ..\obj\drv_lcd.o
                0x000030fc                delay_ms
 .text.Initial_Hardware
                0x00003120       0xe4 ..\obj\drv_lcd.o
                0x00003120                Initial_Hardware
 .text.GLCD_SPI_Read_Write
                0x00003204       0x34 ..\obj\drv_lcd.o
                0x00003204                GLCD_SPI_Read_Write
 .text.GLCD_Write_Command
                0x00003238       0x48 ..\obj\drv_lcd.o
                0x00003238                GLCD_Write_Command
 .text.GLCD_Write_Data
                0x00003280       0x4c ..\obj\drv_lcd.o
                0x00003280                GLCD_Write_Data
 .text.Initial_GLCD_Hor
                0x000032cc      0x28c ..\obj\drv_lcd.o
                0x000032cc                Initial_GLCD_Hor
 .text.bg_color
                0x00003558       0x5c ..\obj\drv_lcd.o
                0x00003558                bg_color
 .text.plot_dot_hor
                0x000035b4       0x40 ..\obj\drv_lcd.o
                0x000035b4                plot_dot_hor
 .text.text_7x11_hor
                0x000035f4      0x20c ..\obj\drv_lcd.o
                0x000035f4                text_7x11_hor
 .text.lcd_printStr_hor
                0x00003800       0x54 ..\obj\drv_lcd.o
                0x00003800                lcd_printStr_hor
 .text.Line     0x00003854      0x21c ..\obj\drv_lcd.o
                0x00003854                Line
 .text.Rectan   0x00003a70      0x104 ..\obj\drv_lcd.o
                0x00003a70                Rectan
 .text.plot_picture_hor
                0x00003b74       0xc4 ..\obj\drv_lcd.o
                0x00003b74                plot_picture_hor
 .text.InitTaskContext
                0x00003c38       0x5c ..\obj\arch.o
                0x00003c38                InitTaskContext
 .text.SysTick_Handler
                0x00003c94       0xac ..\obj\arch.o
                0x00003c94                SysTick_Handler
 .text.NVIC_EnableIRQ
                0x00003d40       0x34 ..\obj\drv_pot.o
 .text.NVIC_DisableIRQ
                0x00003d74       0x38 ..\obj\drv_pot.o
 .text.NVIC_SetPriority
                0x00003dac       0x58 ..\obj\drv_pot.o
 .text.drv_pot_load
                0x00003e04       0x34 ..\obj\drv_pot.o
                0x00003e04                drv_pot_load
 .text.drv_pot_open
                0x00003e38       0x60 ..\obj\drv_pot.o
                0x00003e38                drv_pot_open
 .text.drv_pot_getValue
                0x00003e98       0x4c ..\obj\drv_pot.o
                0x00003e98                drv_pot_getValue
 .text.ADC_IRQHandler
                0x00003ee4       0x54 ..\obj\drv_pot.o
                0x00003ee4                ADC_IRQHandler
 .text.mdw_log_load
                0x00003f38        0xc ..\obj\mdw_log_debug.o
                0x00003f38                mdw_log_load
 .text.mdw_log_open
                0x00003f44       0xbc ..\obj\mdw_log_debug.o
                0x00003f44                mdw_log_open
 .text.mdw_log_debug
                0x00004000       0x90 ..\obj\mdw_log_debug.o
                0x00004000                mdw_log_debug
 .text.CoPostSem
                0x00004090       0x88 ..\obj\sem.o
                0x00004090                CoPostSem
 .text.CoIdleTask
                0x00004118        0xc ..\obj\hook.o
                0x00004118                CoIdleTask
 .text.CoStkOverflowHook
                0x00004124        0xc ..\obj\hook.o
                0x00004124                CoStkOverflowHook
 .text          0x00004130      0x348 c:/dev/coide/gcc/bin/../lib/gcc/arm-none-eabi/4.5.2/../../../../arm-none-eabi/lib/thumb2\libm.a(lib_a-w_pow.o)
                0x00004130                pow
 .text          0x00004478      0xb50 c:/dev/coide/gcc/bin/../lib/gcc/arm-none-eabi/4.5.2/../../../../arm-none-eabi/lib/thumb2\libm.a(lib_a-e_pow.o)
                0x00004478                __ieee754_pow
 .text          0x00004fc8      0x1c0 c:/dev/coide/gcc/bin/../lib/gcc/arm-none-eabi/4.5.2/../../../../arm-none-eabi/lib/thumb2\libm.a(lib_a-e_sqrt.o)
                0x00004fc8                __ieee754_sqrt
 .text          0x00005188        0x8 c:/dev/coide/gcc/bin/../lib/gcc/arm-none-eabi/4.5.2/../../../../arm-none-eabi/lib/thumb2\libm.a(lib_a-s_fabs.o)
                0x00005188                fabs
 .text          0x00005190       0x10 c:/dev/coide/gcc/bin/../lib/gcc/arm-none-eabi/4.5.2/../../../../arm-none-eabi/lib/thumb2\libm.a(lib_a-s_finite.o)
                0x00005190                finite
 .text          0x000051a0       0x90 c:/dev/coide/gcc/bin/../lib/gcc/arm-none-eabi/4.5.2/../../../../arm-none-eabi/lib/thumb2\libm.a(lib_a-s_fpclassify.o)
                0x000051a0                __fpclassifyd
 .text          0x00005230        0x4 c:/dev/coide/gcc/bin/../lib/gcc/arm-none-eabi/4.5.2/../../../../arm-none-eabi/lib/thumb2\libm.a(lib_a-s_matherr.o)
                0x00005230                matherr
 .text          0x00005234        0xc c:/dev/coide/gcc/bin/../lib/gcc/arm-none-eabi/4.5.2/../../../../arm-none-eabi/lib/thumb2\libm.a(lib_a-s_nan.o)
                0x00005234                nan
 .text          0x00005240      0x13c c:/dev/coide/gcc/bin/../lib/gcc/arm-none-eabi/4.5.2/../../../../arm-none-eabi/lib/thumb2\libm.a(lib_a-s_rint.o)
                0x00005240                rint
 *fill*         0x0000537c        0x4 00
 .text          0x00005380      0x108 c:/dev/coide/gcc/bin/../lib/gcc/arm-none-eabi/4.5.2/../../../../arm-none-eabi/lib/thumb2\libm.a(lib_a-s_scalbn.o)
                0x00005380                scalbn
 .text          0x00005488       0x14 c:/dev/coide/gcc/bin/../lib/gcc/arm-none-eabi/4.5.2/../../../../arm-none-eabi/lib/thumb2\libm.a(lib_a-s_copysign.o)
                0x00005488                copysign
 .text          0x0000549c      0x370 c:/dev/coide/gcc/bin/../lib/gcc/arm-none-eabi/4.5.2/thumb2\libgcc.a(_arm_addsubdf3.o)
                0x0000549c                __aeabi_drsub
                0x000054a4                __aeabi_dsub
                0x000054a4                __subdf3
                0x000054a8                __aeabi_dadd
                0x000054a8                __adddf3
                0x00005720                __floatunsidf
                0x00005720                __aeabi_ui2d
                0x00005740                __floatsidf
                0x00005740                __aeabi_i2d
                0x00005764                __aeabi_f2d
                0x00005764                __extendsfdf2
                0x000057a0                __floatundidf
                0x000057a0                __aeabi_ul2d
                0x000057b0                __floatdidf
                0x000057b0                __aeabi_l2d
 .text          0x0000580c      0x424 c:/dev/coide/gcc/bin/../lib/gcc/arm-none-eabi/4.5.2/thumb2\libgcc.a(_arm_muldivdf3.o)
                0x0000580c                __aeabi_dmul
                0x0000580c                __muldf3
                0x00005a60                __divdf3
                0x00005a60                __aeabi_ddiv
 .text          0x00005c30      0x110 c:/dev/coide/gcc/bin/../lib/gcc/arm-none-eabi/4.5.2/thumb2\libgcc.a(_arm_cmpdf2.o)
                0x00005c30                __gtdf2
                0x00005c30                __gedf2
                0x00005c38                __ltdf2
                0x00005c38                __ledf2
                0x00005c40                __nedf2
                0x00005c40                __eqdf2
                0x00005c40                __cmpdf2
                0x00005cbc                __aeabi_cdrcmple
                0x00005ccc                __aeabi_cdcmpeq
                0x00005ccc                __aeabi_cdcmple
                0x00005cdc                __aeabi_dcmpeq
                0x00005cf0                __aeabi_dcmplt
                0x00005d04                __aeabi_dcmple
                0x00005d18                __aeabi_dcmpge
                0x00005d2c                __aeabi_dcmpgt
 .text          0x00005d40       0x50 c:/dev/coide/gcc/bin/../lib/gcc/arm-none-eabi/4.5.2/thumb2\libgcc.a(_arm_fixdfsi.o)
                0x00005d40                __aeabi_d2iz
                0x00005d40                __fixdfsi
 .text          0x00005d90       0x40 c:/dev/coide/gcc/bin/../lib/gcc/arm-none-eabi/4.5.2/thumb2\libgcc.a(_arm_fixunsdfsi.o)
                0x00005d90                __aeabi_d2uiz
                0x00005d90                __fixunsdfsi
 .text          0x00005dd0        0xc c:/dev/coide/gcc/bin/../lib/gcc/arm-none-eabi/4.5.2/../../../../arm-none-eabi/lib/thumb2\libc.a(lib_a-errno.o)
                0x00005dd0                __errno
 .text          0x00005ddc       0x60 c:/dev/coide/gcc/bin/../lib/gcc/arm-none-eabi/4.5.2/../../../../arm-none-eabi/lib/thumb2\libc.a(lib_a-strlen.o)
                0x00005ddc                strlen
 *(.glue_7t)
 .glue_7t       0x00000000        0x0 linker stubs
 *(.glue_7)
 .glue_7        0x00000000        0x0 linker stubs
 *(.rodata .rodata* .gnu.linkonce.r.*)
 .rodata        0x00005e3c       0x4c ..\obj\lpc17xx_timer.o
 .rodata        0x00005e88       0x48 ..\obj\lpc17xx_adc.o
 .rodata        0x00005ed0       0x28 ..\obj\main.o
 .rodata        0x00005ef8      0x534 ..\obj\font.o
                0x00005ef8                ascii_7x11
 .rodata        0x0000642c       0x18 ..\obj\mdw_log_debug.o
 .rodata        0x00006444     0x3200 ..\obj\mdw_log_debug_image.o
                0x00006444                image
 .rodata.str1.4
                0x00009644        0x4 c:/dev/coide/gcc/bin/../lib/gcc/arm-none-eabi/4.5.2/../../../../arm-none-eabi/lib/thumb2\libm.a(lib_a-w_pow.o)
 .rodata        0x00009648       0x30 c:/dev/coide/gcc/bin/../lib/gcc/arm-none-eabi/4.5.2/../../../../arm-none-eabi/lib/thumb2\libm.a(lib_a-e_pow.o)
 .rodata.str1.4
                0x00009678        0x1 c:/dev/coide/gcc/bin/../lib/gcc/arm-none-eabi/4.5.2/../../../../arm-none-eabi/lib/thumb2\libm.a(lib_a-e_pow.o)
                                  0x4 (size before relaxing)
 *fill*         0x00009679        0x7 00
 .rodata        0x00009680       0x10 c:/dev/coide/gcc/bin/../lib/gcc/arm-none-eabi/4.5.2/../../../../arm-none-eabi/lib/thumb2\libm.a(lib_a-s_rint.o)
 .rodata.str1.4
                0x00009690        0x4 c:/dev/coide/gcc/bin/../lib/gcc/arm-none-eabi/4.5.2/../../../../arm-none-eabi/lib/thumb2\libc.a(lib_a-impure.o)

.vfp11_veneer   0x00009694        0x0
 .vfp11_veneer  0x00000000        0x0 linker stubs

.v4_bx          0x00009694        0x0
 .v4_bx         0x00000000        0x0 linker stubs

.ARM.extab
 *(.ARM.extab* .gnu.linkonce.armextab.*)

.ARM.exidx
 *(.ARM.exidx* .gnu.linkonce.armexidx.*)
                0x00009694                . = ALIGN (0x4)
                0x00009694                _etext = .
                0x00009694                _sidata = .

.data           0x10000000      0x10c load address 0x00009694
                0x10000000                _sdata = .
 *(.data .data.*)
 .data          0x10000000        0x4 ..\obj\system_LPC17xx.o
                0x10000000                SystemCoreClock
 .data          0x10000004        0x4 ..\obj\drv_led.o
 .data          0x10000008        0xc ..\obj\port.o
                0x10000008                NVIC_INT_CTRL
                0x1000000c                NVIC_PENDSVSET
                0x10000010                INT_EXIT
 .data          0x10000014        0x1 c:/dev/coide/gcc/bin/../lib/gcc/arm-none-eabi/4.5.2/../../../../arm-none-eabi/lib/thumb2\libm.a(lib_a-s_lib_ver.o)
                0x10000014                __fdlib_version
 *fill*         0x10000015        0x3 00
 .data          0x10000018       0xf4 c:/dev/coide/gcc/bin/../lib/gcc/arm-none-eabi/4.5.2/../../../../arm-none-eabi/lib/thumb2\libc.a(lib_a-impure.o)
                0x10000018                _impure_ptr
                0x1000010c                . = ALIGN (0x4)
                0x1000010c                _edata = .

.bss            0x10000110      0x8b4 load address 0x000097a4
                0x10000110                _sbss = .
 *(.bss .bss.*)
 .bss           0x10000110       0xd4 ..\obj\kernelHeap.o
                0x10000110                KernelHeap
                0x100001d8                FMBlist
                0x100001dc                Kheap
 .bss           0x100001e4        0x3 ..\obj\core.o
                0x100001e4                OSIntNesting
                0x100001e5                OSSchedLock
                0x100001e6                TaskSchedReq
 *fill*         0x100001e7        0x1 00
 .bss           0x100001e8        0x8 ..\obj\drv_buzz.o
 .bss           0x100001f0       0x38 ..\obj\timer.o
                0x100001f0                TmrTbl
                0x10000220                TmrList
                0x10000224                TmrIDVessel
 .bss           0x10000228      0x214 ..\obj\drv_led.o
 *fill*         0x1000043c        0x4 00
 .bss           0x10000440      0x188 ..\obj\task.o
                0x10000440                TCBTbl
                0x10000548                idle_stk
                0x100005ac                FreeTCB
                0x100005b0                TCBRdy
                0x100005b4                TCBNext
                0x100005b8                TCBRunning
                0x100005c0                OSCheckTime
 .bss           0x100005c8       0x30 ..\obj\serviceReq.o
                0x100005c8                ServiceReq
                0x100005f4                IsrReq
                0x100005f5                TimeReq
                0x100005f6                TimerReq
 .bss           0x100005f8      0x204 ..\obj\main.o
 .bss           0x100007fc        0x4 ..\obj\time.o
                0x100007fc                DlyList
 .bss           0x10000800      0x144 ..\obj\event.o
                0x10000800                EventTbl
                0x10000940                FreeEventList
 .bss           0x10000944       0x54 ..\obj\mutex.o
                0x10000944                MutexFreeID
                0x10000948                MutexTbl
 .bss           0x10000998       0x14 ..\obj\flag.o
                0x10000998                FlagCrl
 .bss           0x100009ac        0x4 ..\obj\drv_userInt.o
 .bss           0x100009b0        0x8 ..\obj\arch.o
                0x100009b0                OSTickCnt
 .bss           0x100009b8        0x4 ..\obj\drv_pot.o
                0x100009b8                adcValue
 .bss           0x100009bc        0x4 ..\obj\mdw_log_debug.o
 *(COMMON)
 COMMON         0x100009c0        0x1 ..\obj\drv_pot.o
                0x100009c0                adcDoneFlag
                0x100009c4                . = ALIGN (0x4)
 *fill*         0x100009c1        0x3 00
                0x100009c4                _ebss = .

.co_stack       0x100009c4      0x404 load address 0x0000a058
                0x100009c8                . = ALIGN (0x8)
 *fill*         0x100009c4        0x4 00
 *(.co_stack .co_stack.*)
 .co_stack      0x100009c8      0x400 ..\obj\startup_LPC17xx.o
                0x100009c8                pulStack
                0x10000dc8                . = ALIGN (0x4)
                0x10000dc8                _end = .
LOAD ..\obj\kernelHeap.o
LOAD ..\obj\lpc17xx_timer.o
LOAD ..\obj\core.o
LOAD ..\obj\drv_buzz.o
LOAD ..\obj\core_cm3.o
LOAD ..\obj\timer.o
LOAD ..\obj\lpc17xx_clkpwr.o
LOAD ..\obj\mdw_error.o
LOAD ..\obj\utility.o
LOAD ..\obj\system_LPC17xx.o
LOAD ..\obj\drv_led.o
LOAD ..\obj\task.o
LOAD ..\obj\lpc17xx_adc.o
LOAD ..\obj\serviceReq.o
LOAD ..\obj\main.o
LOAD ..\obj\font.o
LOAD ..\obj\mbox.o
LOAD ..\obj\mm.o
LOAD ..\obj\startup_LPC17xx.o
LOAD ..\obj\lpc17xx_libcfg_default.o
LOAD ..\obj\time.o
LOAD ..\obj\event.o
LOAD ..\obj\lpc17xx_pinsel.o
LOAD ..\obj\syscalls.o
LOAD ..\obj\port.o
LOAD ..\obj\queue.o
LOAD ..\obj\mutex.o
LOAD ..\obj\flag.o
LOAD ..\obj\drv_userInt.o
LOAD ..\obj\drv_lcd.o
LOAD ..\obj\lpc17xx_nvic.o
LOAD ..\obj\arch.o
LOAD ..\obj\drv_pot.o
LOAD ..\obj\mdw_log_debug.o
LOAD ..\obj\sem.o
LOAD ..\obj\mdw_log_debug_image.o
LOAD ..\obj\hook.o
LOAD c:/dev/coide/gcc/bin/../lib/gcc/arm-none-eabi/4.5.2/../../../../arm-none-eabi/lib/thumb2\libm.a
START GROUP
LOAD c:/dev/coide/gcc/bin/../lib/gcc/arm-none-eabi/4.5.2/thumb2\libgcc.a
LOAD c:/dev/coide/gcc/bin/../lib/gcc/arm-none-eabi/4.5.2/../../../../arm-none-eabi/lib/thumb2\libc.a
END GROUP
OUTPUT(project.elf elf32-littlearm)

.debug_abbrev   0x00000000     0x29cb
 .debug_abbrev  0x00000000      0x145 ..\obj\kernelHeap.o
 .debug_abbrev  0x00000145      0x1b2 ..\obj\lpc17xx_timer.o
 .debug_abbrev  0x000002f7       0xd9 ..\obj\core.o
 .debug_abbrev  0x000003d0      0x19e ..\obj\drv_buzz.o
 .debug_abbrev  0x0000056e       0xd5 ..\obj\core_cm3.o
 .debug_abbrev  0x00000643      0x16b ..\obj\timer.o
 .debug_abbrev  0x000007ae      0x170 ..\obj\lpc17xx_clkpwr.o
 .debug_abbrev  0x0000091e       0x6d ..\obj\mdw_error.o
 .debug_abbrev  0x0000098b       0xaa ..\obj\utility.o
 .debug_abbrev  0x00000a35       0xd7 ..\obj\system_LPC17xx.o
 .debug_abbrev  0x00000b0c      0x155 ..\obj\drv_led.o
 .debug_abbrev  0x00000c61      0x1c5 ..\obj\task.o
 .debug_abbrev  0x00000e26      0x13b ..\obj\lpc17xx_adc.o
 .debug_abbrev  0x00000f61      0x121 ..\obj\serviceReq.o
 .debug_abbrev  0x00001082      0x153 ..\obj\main.o
 .debug_abbrev  0x000011d5       0x47 ..\obj\font.o
 .debug_abbrev  0x0000121c      0x15b ..\obj\mbox.o
 .debug_abbrev  0x00001377      0x102 ..\obj\mm.o
 .debug_abbrev  0x00001479       0xa3 ..\obj\startup_LPC17xx.o
 .debug_abbrev  0x0000151c       0x66 ..\obj\lpc17xx_libcfg_default.o
 .debug_abbrev  0x00001582      0x184 ..\obj\time.o
 .debug_abbrev  0x00001706      0x196 ..\obj\event.o
 .debug_abbrev  0x0000189c      0x11b ..\obj\lpc17xx_pinsel.o
 .debug_abbrev  0x000019b7       0xde ..\obj\syscalls.o
 .debug_abbrev  0x00001a95       0xf2 ..\obj\port.o
 .debug_abbrev  0x00001b87      0x17b ..\obj\queue.o
 .debug_abbrev  0x00001d02      0x15b ..\obj\mutex.o
 .debug_abbrev  0x00001e5d      0x188 ..\obj\flag.o
 .debug_abbrev  0x00001fe5      0x13f ..\obj\drv_userInt.o
 .debug_abbrev  0x00002124      0x1e1 ..\obj\drv_lcd.o
 .debug_abbrev  0x00002305       0xde ..\obj\lpc17xx_nvic.o
 .debug_abbrev  0x000023e3      0x10d ..\obj\arch.o
 .debug_abbrev  0x000024f0      0x19e ..\obj\drv_pot.o
 .debug_abbrev  0x0000268e      0x133 ..\obj\mdw_log_debug.o
 .debug_abbrev  0x000027c1      0x13d ..\obj\sem.o
 .debug_abbrev  0x000028fe       0x47 ..\obj\mdw_log_debug_image.o
 .debug_abbrev  0x00002945       0x86 ..\obj\hook.o

.debug_info     0x00000000     0xb1a9
 .debug_info    0x00000000      0x326 ..\obj\kernelHeap.o
 .debug_info    0x00000326      0x87e ..\obj\lpc17xx_timer.o
 .debug_info    0x00000ba4      0x378 ..\obj\core.o
 .debug_info    0x00000f1c      0xd6b ..\obj\drv_buzz.o
 .debug_info    0x00001c87      0x548 ..\obj\core_cm3.o
 .debug_info    0x000021cf      0x448 ..\obj\timer.o
 .debug_info    0x00002617      0x667 ..\obj\lpc17xx_clkpwr.o
 .debug_info    0x00002c7e       0xb6 ..\obj\mdw_error.o
 .debug_info    0x00002d34      0x16d ..\obj\utility.o
 .debug_info    0x00002ea1      0x4f9 ..\obj\system_LPC17xx.o
 .debug_info    0x0000339a      0x827 ..\obj\drv_led.o
 .debug_info    0x00003bc1      0x7e9 ..\obj\task.o
 .debug_info    0x000043aa      0x604 ..\obj\lpc17xx_adc.o
 .debug_info    0x000049ae      0x22e ..\obj\serviceReq.o
 .debug_info    0x00004bdc      0x48f ..\obj\main.o
 .debug_info    0x0000506b       0x5d ..\obj\font.o
 .debug_info    0x000050c8      0x48b ..\obj\mbox.o
 .debug_info    0x00005553      0x348 ..\obj\mm.o
 .debug_info    0x0000589b      0x131 ..\obj\startup_LPC17xx.o
 .debug_info    0x000059cc       0xc5 ..\obj\lpc17xx_libcfg_default.o
 .debug_info    0x00005a91      0x493 ..\obj\time.o
 .debug_info    0x00005f24      0x53f ..\obj\event.o
 .debug_info    0x00006463      0x4a6 ..\obj\lpc17xx_pinsel.o
 .debug_info    0x00006909      0x440 ..\obj\syscalls.o
 .debug_info    0x00006d49      0x1b0 ..\obj\port.o
 .debug_info    0x00006ef9      0x5cd ..\obj\queue.o
 .debug_info    0x000074c6      0x52e ..\obj\mutex.o
 .debug_info    0x000079f4      0x6e0 ..\obj\flag.o
 .debug_info    0x000080d4      0x8a9 ..\obj\drv_userInt.o
 .debug_info    0x0000897d      0xe7f ..\obj\drv_lcd.o
 .debug_info    0x000097fc      0x3f1 ..\obj\lpc17xx_nvic.o
 .debug_info    0x00009bed      0x37d ..\obj\arch.o
 .debug_info    0x00009f6a      0x855 ..\obj\drv_pot.o
 .debug_info    0x0000a7bf      0x486 ..\obj\mdw_log_debug.o
 .debug_info    0x0000ac45      0x44b ..\obj\sem.o
 .debug_info    0x0000b090       0x58 ..\obj\mdw_log_debug_image.o
 .debug_info    0x0000b0e8       0xc1 ..\obj\hook.o

.debug_line     0x00000000     0x41fa
 .debug_line    0x00000000      0x1b3 ..\obj\kernelHeap.o
 .debug_line    0x000001b3      0x50d ..\obj\lpc17xx_timer.o
 .debug_line    0x000006c0      0x125 ..\obj\core.o
 .debug_line    0x000007e5      0x288 ..\obj\drv_buzz.o
 .debug_line    0x00000a6d      0x269 ..\obj\core_cm3.o
 .debug_line    0x00000cd6      0x1f8 ..\obj\timer.o
 .debug_line    0x00000ece      0x288 ..\obj\lpc17xx_clkpwr.o
 .debug_line    0x00001156       0xb1 ..\obj\mdw_error.o
 .debug_line    0x00001207       0x9d ..\obj\utility.o
 .debug_line    0x000012a4      0x1df ..\obj\system_LPC17xx.o
 .debug_line    0x00001483      0x2b0 ..\obj\drv_led.o
 .debug_line    0x00001733      0x2ed ..\obj\task.o
 .debug_line    0x00001a20      0x393 ..\obj\lpc17xx_adc.o
 .debug_line    0x00001db3       0xd3 ..\obj\serviceReq.o
 .debug_line    0x00001e86      0x1f2 ..\obj\main.o
 .debug_line    0x00002078       0x55 ..\obj\font.o
 .debug_line    0x000020cd      0x138 ..\obj\mbox.o
 .debug_line    0x00002205      0x14c ..\obj\mm.o
 .debug_line    0x00002351       0x9f ..\obj\startup_LPC17xx.o
 .debug_line    0x000023f0       0xe8 ..\obj\lpc17xx_libcfg_default.o
 .debug_line    0x000024d8      0x1eb ..\obj\time.o
 .debug_line    0x000026c3      0x1bc ..\obj\event.o
 .debug_line    0x0000287f      0x22d ..\obj\lpc17xx_pinsel.o
 .debug_line    0x00002aac      0x177 ..\obj\syscalls.o
 .debug_line    0x00002c23      0x124 ..\obj\port.o
 .debug_line    0x00002d47      0x17b ..\obj\queue.o
 .debug_line    0x00002ec2      0x166 ..\obj\mutex.o
 .debug_line    0x00003028      0x267 ..\obj\flag.o
 .debug_line    0x0000328f      0x25d ..\obj\drv_userInt.o
 .debug_line    0x000034ec      0x451 ..\obj\drv_lcd.o
 .debug_line    0x0000393d      0x168 ..\obj\lpc17xx_nvic.o
 .debug_line    0x00003aa5       0xfe ..\obj\arch.o
 .debug_line    0x00003ba3      0x2a0 ..\obj\drv_pot.o
 .debug_line    0x00003e43      0x19c ..\obj\mdw_log_debug.o
 .debug_line    0x00003fdf      0x130 ..\obj\sem.o
 .debug_line    0x0000410f       0x60 ..\obj\mdw_log_debug_image.o
 .debug_line    0x0000416f       0x8b ..\obj\hook.o

.debug_loc      0x00000000     0x328e
 .debug_loc     0x00000000       0xd4 ..\obj\kernelHeap.o
 .debug_loc     0x000000d4      0x380 ..\obj\lpc17xx_timer.o
 .debug_loc     0x00000454      0x160 ..\obj\core.o
 .debug_loc     0x000005b4      0x240 ..\obj\drv_buzz.o
 .debug_loc     0x000007f4      0x3f0 ..\obj\core_cm3.o
 .debug_loc     0x00000be4      0x224 ..\obj\timer.o
 .debug_loc     0x00000e08      0x1bc ..\obj\lpc17xx_clkpwr.o
 .debug_loc     0x00000fc4       0x38 ..\obj\mdw_error.o
 .debug_loc     0x00000ffc       0x70 ..\obj\utility.o
 .debug_loc     0x0000106c       0x58 ..\obj\system_LPC17xx.o
 .debug_loc     0x000010c4      0x270 ..\obj\drv_led.o
 .debug_loc     0x00001334      0x288 ..\obj\task.o
 .debug_loc     0x000015bc      0x2d8 ..\obj\lpc17xx_adc.o
 .debug_loc     0x00001894       0x70 ..\obj\serviceReq.o
 .debug_loc     0x00001904       0x90 ..\obj\main.o
 .debug_loc     0x00001994      0x150 ..\obj\mbox.o
 .debug_loc     0x00001ae4      0x118 ..\obj\mm.o
 .debug_loc     0x00001bfc       0x64 ..\obj\startup_LPC17xx.o
 .debug_loc     0x00001c60       0x38 ..\obj\lpc17xx_libcfg_default.o
 .debug_loc     0x00001c98      0x1a8 ..\obj\time.o
 .debug_loc     0x00001e40      0x188 ..\obj\event.o
 .debug_loc     0x00001fc8      0x150 ..\obj\lpc17xx_pinsel.o
 .debug_loc     0x00002118      0x1ec ..\obj\syscalls.o
 .debug_loc     0x00002304       0xc8 ..\obj\port.o
 .debug_loc     0x000023cc      0x150 ..\obj\queue.o
 .debug_loc     0x0000251c       0xe0 ..\obj\mutex.o
 .debug_loc     0x000025fc      0x2a0 ..\obj\flag.o
 .debug_loc     0x0000289c      0x19c ..\obj\drv_userInt.o
 .debug_loc     0x00002a38      0x2ce ..\obj\drv_lcd.o
 .debug_loc     0x00002d06       0xa8 ..\obj\lpc17xx_nvic.o
 .debug_loc     0x00002dae       0x64 ..\obj\arch.o
 .debug_loc     0x00002e12      0x1c8 ..\obj\drv_pot.o
 .debug_loc     0x00002fda       0xf4 ..\obj\mdw_log_debug.o
 .debug_loc     0x000030ce      0x150 ..\obj\sem.o
 .debug_loc     0x0000321e       0x70 ..\obj\hook.o

.debug_pubnames
                0x00000000     0x1481
 .debug_pubnames
                0x00000000       0x63 ..\obj\kernelHeap.o
 .debug_pubnames
                0x00000063      0x12b ..\obj\lpc17xx_timer.o
 .debug_pubnames
                0x0000018e       0xc3 ..\obj\core.o
 .debug_pubnames
                0x00000251       0xc9 ..\obj\drv_buzz.o
 .debug_pubnames
                0x0000031a      0x159 ..\obj\core_cm3.o
 .debug_pubnames
                0x00000473       0xb8 ..\obj\timer.o
 .debug_pubnames
                0x0000052b       0xbb ..\obj\lpc17xx_clkpwr.o
 .debug_pubnames
                0x000005e6       0x24 ..\obj\mdw_error.o
 .debug_pubnames
                0x0000060a       0x34 ..\obj\utility.o
 .debug_pubnames
                0x0000063e       0x4f ..\obj\system_LPC17xx.o
 .debug_pubnames
                0x0000068d       0xd8 ..\obj\drv_led.o
 .debug_pubnames
                0x00000765      0x12e ..\obj\task.o
 .debug_pubnames
                0x00000893      0x110 ..\obj\lpc17xx_adc.o
 .debug_pubnames
                0x000009a3       0x64 ..\obj\serviceReq.o
 .debug_pubnames
                0x00000a07       0x1b ..\obj\main.o
 .debug_pubnames
                0x00000a22       0x21 ..\obj\font.o
 .debug_pubnames
                0x00000a43       0x71 ..\obj\mbox.o
 .debug_pubnames
                0x00000ab4       0xa8 ..\obj\mm.o
 .debug_pubnames
                0x00000b5c       0x4a ..\obj\startup_LPC17xx.o
 .debug_pubnames
                0x00000ba6       0x23 ..\obj\lpc17xx_libcfg_default.o
 .debug_pubnames
                0x00000bc9       0xb3 ..\obj\time.o
 .debug_pubnames
                0x00000c7c       0xa7 ..\obj\event.o
 .debug_pubnames
                0x00000d23       0x59 ..\obj\lpc17xx_pinsel.o
 .debug_pubnames
                0x00000d7c       0x71 ..\obj\syscalls.o
 .debug_pubnames
                0x00000ded       0xba ..\obj\port.o
 .debug_pubnames
                0x00000ea7       0xa6 ..\obj\queue.o
 .debug_pubnames
                0x00000f4d       0x85 ..\obj\mutex.o
 .debug_pubnames
                0x00000fd2       0xe2 ..\obj\flag.o
 .debug_pubnames
                0x000010b4       0x7e ..\obj\drv_userInt.o
 .debug_pubnames
                0x00001132       0xfa ..\obj\drv_lcd.o
 .debug_pubnames
                0x0000122c       0x46 ..\obj\lpc17xx_nvic.o
 .debug_pubnames
                0x00001272       0x48 ..\obj\arch.o
 .debug_pubnames
                0x000012ba       0x9e ..\obj\drv_pot.o
 .debug_pubnames
                0x00001358       0x6b ..\obj\mdw_log_debug.o
 .debug_pubnames
                0x000013c3       0x6b ..\obj\sem.o
 .debug_pubnames
                0x0000142e       0x1c ..\obj\mdw_log_debug_image.o
 .debug_pubnames
                0x0000144a       0x37 ..\obj\hook.o

.debug_pubtypes
                0x00000000     0x11e2
 .debug_pubtypes
                0x00000000       0x6c ..\obj\kernelHeap.o
 .debug_pubtypes
                0x0000006c      0x107 ..\obj\lpc17xx_timer.o
 .debug_pubtypes
                0x00000173       0x8f ..\obj\core.o
 .debug_pubtypes
                0x00000202       0xd6 ..\obj\drv_buzz.o
 .debug_pubtypes
                0x000002d8       0x50 ..\obj\core_cm3.o
 .debug_pubtypes
                0x00000328       0x80 ..\obj\timer.o
 .debug_pubtypes
                0x000003a8       0x5f ..\obj\lpc17xx_clkpwr.o
 .debug_pubtypes
                0x00000407       0x1d ..\obj\mdw_error.o
 .debug_pubtypes
                0x00000424       0x38 ..\obj\utility.o
 .debug_pubtypes
                0x0000045c       0x4b ..\obj\system_LPC17xx.o
 .debug_pubtypes
                0x000004a7       0xbe ..\obj\drv_led.o
 .debug_pubtypes
                0x00000565       0xe9 ..\obj\task.o
 .debug_pubtypes
                0x0000064e       0x84 ..\obj\lpc17xx_adc.o
 .debug_pubtypes
                0x000006d2       0x63 ..\obj\serviceReq.o
 .debug_pubtypes
                0x00000735       0x79 ..\obj\main.o
 .debug_pubtypes
                0x000007ae       0xa2 ..\obj\mbox.o
 .debug_pubtypes
                0x00000850       0x74 ..\obj\mm.o
 .debug_pubtypes
                0x000008c4       0x2b ..\obj\lpc17xx_libcfg_default.o
 .debug_pubtypes
                0x000008ef       0xa3 ..\obj\time.o
 .debug_pubtypes
                0x00000992       0xbf ..\obj\event.o
 .debug_pubtypes
                0x00000a51       0x6a ..\obj\lpc17xx_pinsel.o
 .debug_pubtypes
                0x00000abb       0xaa ..\obj\syscalls.o
 .debug_pubtypes
                0x00000b65       0x2c ..\obj\port.o
 .debug_pubtypes
                0x00000b91       0xbe ..\obj\queue.o
 .debug_pubtypes
                0x00000c4f       0xd5 ..\obj\mutex.o
 .debug_pubtypes
                0x00000d24       0xdd ..\obj\flag.o
 .debug_pubtypes
                0x00000e01       0x93 ..\obj\drv_userInt.o
 .debug_pubtypes
                0x00000e94       0x8b ..\obj\drv_lcd.o
 .debug_pubtypes
                0x00000f1f       0x46 ..\obj\lpc17xx_nvic.o
 .debug_pubtypes
                0x00000f65       0xc1 ..\obj\arch.o
 .debug_pubtypes
                0x00001026       0xa9 ..\obj\drv_pot.o
 .debug_pubtypes
                0x000010cf       0x4d ..\obj\mdw_log_debug.o
 .debug_pubtypes
                0x0000111c       0xa2 ..\obj\sem.o
 .debug_pubtypes
                0x000011be       0x24 ..\obj\hook.o

.debug_aranges  0x00000000      0xb10
 .debug_aranges
                0x00000000       0x38 ..\obj\kernelHeap.o
 .debug_aranges
                0x00000038       0x98 ..\obj\lpc17xx_timer.o
 .debug_aranges
                0x000000d0       0x58 ..\obj\core.o
 .debug_aranges
                0x00000128       0x78 ..\obj\drv_buzz.o
 .debug_aranges
                0x000001a0       0xc8 ..\obj\core_cm3.o
 .debug_aranges
                0x00000268       0x68 ..\obj\timer.o
 .debug_aranges
                0x000002d0       0x60 ..\obj\lpc17xx_clkpwr.o
 .debug_aranges
                0x00000330       0x20 ..\obj\mdw_error.o
 .debug_aranges
                0x00000350       0x28 ..\obj\utility.o
 .debug_aranges
                0x00000378       0x28 ..\obj\system_LPC17xx.o
 .debug_aranges
                0x000003a0       0x78 ..\obj\drv_led.o
 .debug_aranges
                0x00000418       0x78 ..\obj\task.o
 .debug_aranges
                0x00000490       0x80 ..\obj\lpc17xx_adc.o
 .debug_aranges
                0x00000510       0x28 ..\obj\serviceReq.o
 .debug_aranges
                0x00000538       0x30 ..\obj\main.o
 .debug_aranges
                0x00000568       0x48 ..\obj\mbox.o
 .debug_aranges
                0x000005b0       0x40 ..\obj\mm.o
 .debug_aranges
                0x000005f0       0x28 ..\obj\startup_LPC17xx.o
 .debug_aranges
                0x00000618       0x20 ..\obj\lpc17xx_libcfg_default.o
 .debug_aranges
                0x00000638       0x58 ..\obj\time.o
 .debug_aranges
                0x00000690       0x50 ..\obj\event.o
 .debug_aranges
                0x000006e0       0x48 ..\obj\lpc17xx_pinsel.o
 .debug_aranges
                0x00000728       0x60 ..\obj\syscalls.o
 .debug_aranges
                0x00000788       0x50 ..\obj\port.o
 .debug_aranges
                0x000007d8       0x48 ..\obj\queue.o
 .debug_aranges
                0x00000820       0x38 ..\obj\mutex.o
 .debug_aranges
                0x00000858       0x78 ..\obj\flag.o
 .debug_aranges
                0x000008d0       0x58 ..\obj\drv_userInt.o
 .debug_aranges
                0x00000928       0x80 ..\obj\drv_lcd.o
 .debug_aranges
                0x000009a8       0x30 ..\obj\lpc17xx_nvic.o
 .debug_aranges
                0x000009d8       0x28 ..\obj\arch.o
 .debug_aranges
                0x00000a00       0x60 ..\obj\drv_pot.o
 .debug_aranges
                0x00000a60       0x40 ..\obj\mdw_log_debug.o
 .debug_aranges
                0x00000aa0       0x48 ..\obj\sem.o
 .debug_aranges
                0x00000ae8       0x28 ..\obj\hook.o

.debug_ranges   0x00000000      0x8e0
 .debug_ranges  0x00000000       0x28 ..\obj\kernelHeap.o
 .debug_ranges  0x00000028       0x88 ..\obj\lpc17xx_timer.o
 .debug_ranges  0x000000b0       0x48 ..\obj\core.o
 .debug_ranges  0x000000f8       0x68 ..\obj\drv_buzz.o
 .debug_ranges  0x00000160       0xb8 ..\obj\core_cm3.o
 .debug_ranges  0x00000218       0x58 ..\obj\timer.o
 .debug_ranges  0x00000270       0x50 ..\obj\lpc17xx_clkpwr.o
 .debug_ranges  0x000002c0       0x10 ..\obj\mdw_error.o
 .debug_ranges  0x000002d0       0x18 ..\obj\utility.o
 .debug_ranges  0x000002e8       0x18 ..\obj\system_LPC17xx.o
 .debug_ranges  0x00000300       0x68 ..\obj\drv_led.o
 .debug_ranges  0x00000368       0x68 ..\obj\task.o
 .debug_ranges  0x000003d0       0x70 ..\obj\lpc17xx_adc.o
 .debug_ranges  0x00000440       0x18 ..\obj\serviceReq.o
 .debug_ranges  0x00000458       0x20 ..\obj\main.o
 .debug_ranges  0x00000478       0x38 ..\obj\mbox.o
 .debug_ranges  0x000004b0       0x30 ..\obj\mm.o
 .debug_ranges  0x000004e0       0x18 ..\obj\startup_LPC17xx.o
 .debug_ranges  0x000004f8       0x10 ..\obj\lpc17xx_libcfg_default.o
 .debug_ranges  0x00000508       0x48 ..\obj\time.o
 .debug_ranges  0x00000550       0x40 ..\obj\event.o
 .debug_ranges  0x00000590       0x38 ..\obj\lpc17xx_pinsel.o
 .debug_ranges  0x000005c8       0x50 ..\obj\syscalls.o
 .debug_ranges  0x00000618       0x40 ..\obj\port.o
 .debug_ranges  0x00000658       0x38 ..\obj\queue.o
 .debug_ranges  0x00000690       0x28 ..\obj\mutex.o
 .debug_ranges  0x000006b8       0x68 ..\obj\flag.o
 .debug_ranges  0x00000720       0x48 ..\obj\drv_userInt.o
 .debug_ranges  0x00000768       0x70 ..\obj\drv_lcd.o
 .debug_ranges  0x000007d8       0x20 ..\obj\lpc17xx_nvic.o
 .debug_ranges  0x000007f8       0x18 ..\obj\arch.o
 .debug_ranges  0x00000810       0x50 ..\obj\drv_pot.o
 .debug_ranges  0x00000860       0x30 ..\obj\mdw_log_debug.o
 .debug_ranges  0x00000890       0x38 ..\obj\sem.o
 .debug_ranges  0x000008c8       0x18 ..\obj\hook.o

.debug_str      0x00000000     0x2d70
 .debug_str     0x00000000      0x199 ..\obj\kernelHeap.o
                                0x1bd (size before relaxing)
 .debug_str     0x00000199      0x4e2 ..\obj\lpc17xx_timer.o
                                0x587 (size before relaxing)
 .debug_str     0x0000067b      0x185 ..\obj\core.o
                                0x20c (size before relaxing)
 .debug_str     0x00000800      0x618 ..\obj\drv_buzz.o
                                0x8b7 (size before relaxing)
 .debug_str     0x00000e18      0x16a ..\obj\core_cm3.o
                                0x22a (size before relaxing)
 .debug_str     0x00000f82      0x14d ..\obj\timer.o
                                0x1fa (size before relaxing)
 .debug_str     0x000010cf      0x21b ..\obj\lpc17xx_clkpwr.o
                                0x380 (size before relaxing)
 .debug_str     0x000012ea       0x8b ..\obj\mdw_error.o
                                 0xa9 (size before relaxing)
 .debug_str     0x00001375       0x7a ..\obj\utility.o
                                 0xfa (size before relaxing)
 .debug_str     0x000013ef       0x63 ..\obj\system_LPC17xx.o
                                0x2b9 (size before relaxing)
 .debug_str     0x00001452      0x182 ..\obj\drv_led.o
                                0x4af (size before relaxing)
 .debug_str     0x000015d4      0x218 ..\obj\task.o
                                0x3ab (size before relaxing)
 .debug_str     0x000017ec      0x37c ..\obj\lpc17xx_adc.o
                                0x493 (size before relaxing)
 .debug_str     0x00001b68       0x9e ..\obj\serviceReq.o
                                0x132 (size before relaxing)
 .debug_str     0x00001c06       0x62 ..\obj\main.o
                                0x284 (size before relaxing)
 .debug_str     0x00001c68       0x40 ..\obj\font.o
                                 0x67 (size before relaxing)
 .debug_str     0x00001ca8       0x98 ..\obj\mbox.o
                                0x24d (size before relaxing)
 .debug_str     0x00001d40      0x121 ..\obj\mm.o
                                0x1c1 (size before relaxing)
 .debug_str     0x00001e61       0xac ..\obj\startup_LPC17xx.o
                                 0xd7 (size before relaxing)
 .debug_str     0x00001f0d       0x64 ..\obj\lpc17xx_libcfg_default.o
                                0x10f (size before relaxing)
 .debug_str     0x00001f71       0xba ..\obj\time.o
                                0x269 (size before relaxing)
 .debug_str     0x0000202b       0xe3 ..\obj\event.o
                                0x2b4 (size before relaxing)
 .debug_str     0x0000210e      0x168 ..\obj\lpc17xx_pinsel.o
                                0x359 (size before relaxing)
 .debug_str     0x00002276      0x185 ..\obj\syscalls.o
                                0x24d (size before relaxing)
 .debug_str     0x000023fb       0xc4 ..\obj\port.o
                                0x14c (size before relaxing)
 .debug_str     0x000024bf       0xae ..\obj\queue.o
                                0x2b1 (size before relaxing)
 .debug_str     0x0000256d       0x8c ..\obj\mutex.o
                                0x2bc (size before relaxing)
 .debug_str     0x000025f9      0x1af ..\obj\flag.o
                                0x32a (size before relaxing)
 .debug_str     0x000027a8       0xc7 ..\obj\drv_userInt.o
                                0x5ac (size before relaxing)
 .debug_str     0x0000286f      0x1b6 ..\obj\drv_lcd.o
                                0x62b (size before relaxing)
 .debug_str     0x00002a25       0x77 ..\obj\lpc17xx_nvic.o
                                0x1db (size before relaxing)
 .debug_str     0x00002a9c       0x69 ..\obj\arch.o
                                0x22c (size before relaxing)
 .debug_str     0x00002b05       0xa0 ..\obj\drv_pot.o
                                0x6aa (size before relaxing)
 .debug_str     0x00002ba5       0xad ..\obj\mdw_log_debug.o
                                0x29e (size before relaxing)
 .debug_str     0x00002c52       0x88 ..\obj\sem.o
                                0x250 (size before relaxing)
 .debug_str     0x00002cda       0x40 ..\obj\mdw_log_debug_image.o
                                 0x6d (size before relaxing)
 .debug_str     0x00002d1a       0x56 ..\obj\hook.o
                                 0xdf (size before relaxing)

.comment        0x00000000       0x11
 .comment       0x00000000       0x11 ..\obj\kernelHeap.o
                                 0x12 (size before relaxing)
 .comment       0x00000000       0x12 ..\obj\lpc17xx_timer.o
 .comment       0x00000000       0x12 ..\obj\core.o
 .comment       0x00000000       0x12 ..\obj\drv_buzz.o
 .comment       0x00000000       0x12 ..\obj\core_cm3.o
 .comment       0x00000000       0x12 ..\obj\timer.o
 .comment       0x00000000       0x12 ..\obj\lpc17xx_clkpwr.o
 .comment       0x00000000       0x12 ..\obj\mdw_error.o
 .comment       0x00000000       0x12 ..\obj\utility.o
 .comment       0x00000000       0x12 ..\obj\system_LPC17xx.o
 .comment       0x00000000       0x12 ..\obj\drv_led.o
 .comment       0x00000000       0x12 ..\obj\task.o
 .comment       0x00000000       0x12 ..\obj\lpc17xx_adc.o
 .comment       0x00000000       0x12 ..\obj\serviceReq.o
 .comment       0x00000000       0x12 ..\obj\main.o
 .comment       0x00000000       0x12 ..\obj\font.o
 .comment       0x00000000       0x12 ..\obj\mbox.o
 .comment       0x00000000       0x12 ..\obj\mm.o
 .comment       0x00000000       0x12 ..\obj\startup_LPC17xx.o
 .comment       0x00000000       0x12 ..\obj\lpc17xx_libcfg_default.o
 .comment       0x00000000       0x12 ..\obj\time.o
 .comment       0x00000000       0x12 ..\obj\event.o
 .comment       0x00000000       0x12 ..\obj\lpc17xx_pinsel.o
 .comment       0x00000000       0x12 ..\obj\syscalls.o
 .comment       0x00000000       0x12 ..\obj\port.o
 .comment       0x00000000       0x12 ..\obj\queue.o
 .comment       0x00000000       0x12 ..\obj\mutex.o
 .comment       0x00000000       0x12 ..\obj\flag.o
 .comment       0x00000000       0x12 ..\obj\drv_userInt.o
 .comment       0x00000000       0x12 ..\obj\drv_lcd.o
 .comment       0x00000000       0x12 ..\obj\lpc17xx_nvic.o
 .comment       0x00000000       0x12 ..\obj\arch.o
 .comment       0x00000000       0x12 ..\obj\drv_pot.o
 .comment       0x00000000       0x12 ..\obj\mdw_log_debug.o
 .comment       0x00000000       0x12 ..\obj\sem.o
 .comment       0x00000000       0x12 ..\obj\mdw_log_debug_image.o
 .comment       0x00000000       0x12 ..\obj\hook.o

.ARM.attributes
                0x00000000       0x31
 .ARM.attributes
                0x00000000       0x31 ..\obj\kernelHeap.o
 .ARM.attributes
                0x00000031       0x31 ..\obj\lpc17xx_timer.o
 .ARM.attributes
                0x00000062       0x31 ..\obj\core.o
 .ARM.attributes
                0x00000093       0x31 ..\obj\drv_buzz.o
 .ARM.attributes
                0x000000c4       0x31 ..\obj\core_cm3.o
 .ARM.attributes
                0x000000f5       0x31 ..\obj\timer.o
 .ARM.attributes
                0x00000126       0x31 ..\obj\lpc17xx_clkpwr.o
 .ARM.attributes
                0x00000157       0x31 ..\obj\mdw_error.o
 .ARM.attributes
                0x00000188       0x31 ..\obj\utility.o
 .ARM.attributes
                0x000001b9       0x31 ..\obj\system_LPC17xx.o
 .ARM.attributes
                0x000001ea       0x31 ..\obj\drv_led.o
 .ARM.attributes
                0x0000021b       0x31 ..\obj\task.o
 .ARM.attributes
                0x0000024c       0x31 ..\obj\lpc17xx_adc.o
 .ARM.attributes
                0x0000027d       0x31 ..\obj\serviceReq.o
 .ARM.attributes
                0x000002ae       0x31 ..\obj\main.o
 .ARM.attributes
                0x000002df       0x31 ..\obj\font.o
 .ARM.attributes
                0x00000310       0x31 ..\obj\mbox.o
 .ARM.attributes
                0x00000341       0x31 ..\obj\mm.o
 .ARM.attributes
                0x00000372       0x31 ..\obj\startup_LPC17xx.o
 .ARM.attributes
                0x000003a3       0x31 ..\obj\lpc17xx_libcfg_default.o
 .ARM.attributes
                0x000003d4       0x31 ..\obj\time.o
 .ARM.attributes
                0x00000405       0x31 ..\obj\event.o
 .ARM.attributes
                0x00000436       0x31 ..\obj\lpc17xx_pinsel.o
 .ARM.attributes
                0x00000467       0x31 ..\obj\syscalls.o
 .ARM.attributes
                0x00000498       0x31 ..\obj\port.o
 .ARM.attributes
                0x000004c9       0x31 ..\obj\queue.o
 .ARM.attributes
                0x000004fa       0x31 ..\obj\mutex.o
 .ARM.attributes
                0x0000052b       0x31 ..\obj\flag.o
 .ARM.attributes
                0x0000055c       0x31 ..\obj\drv_userInt.o
 .ARM.attributes
                0x0000058d       0x31 ..\obj\drv_lcd.o
 .ARM.attributes
                0x000005be       0x31 ..\obj\lpc17xx_nvic.o
 .ARM.attributes
                0x000005ef       0x31 ..\obj\arch.o
 .ARM.attributes
                0x00000620       0x31 ..\obj\drv_pot.o
 .ARM.attributes
                0x00000651       0x31 ..\obj\mdw_log_debug.o
 .ARM.attributes
                0x00000682       0x31 ..\obj\sem.o
 .ARM.attributes
                0x000006b3       0x31 ..\obj\mdw_log_debug_image.o
 .ARM.attributes
                0x000006e4       0x31 ..\obj\hook.o
 .ARM.attributes
                0x00000715       0x29 c:/dev/coide/gcc/bin/../lib/gcc/arm-none-eabi/4.5.2/../../../../arm-none-eabi/lib/thumb2\libm.a(lib_a-w_pow.o)
 .ARM.attributes
                0x0000073e       0x29 c:/dev/coide/gcc/bin/../lib/gcc/arm-none-eabi/4.5.2/../../../../arm-none-eabi/lib/thumb2\libm.a(lib_a-e_pow.o)
 .ARM.attributes
                0x00000767       0x29 c:/dev/coide/gcc/bin/../lib/gcc/arm-none-eabi/4.5.2/../../../../arm-none-eabi/lib/thumb2\libm.a(lib_a-e_sqrt.o)
 .ARM.attributes
                0x00000790       0x29 c:/dev/coide/gcc/bin/../lib/gcc/arm-none-eabi/4.5.2/../../../../arm-none-eabi/lib/thumb2\libm.a(lib_a-s_fabs.o)
 .ARM.attributes
                0x000007b9       0x29 c:/dev/coide/gcc/bin/../lib/gcc/arm-none-eabi/4.5.2/../../../../arm-none-eabi/lib/thumb2\libm.a(lib_a-s_finite.o)
 .ARM.attributes
                0x000007e2       0x29 c:/dev/coide/gcc/bin/../lib/gcc/arm-none-eabi/4.5.2/../../../../arm-none-eabi/lib/thumb2\libm.a(lib_a-s_fpclassify.o)
 .ARM.attributes
                0x0000080b       0x29 c:/dev/coide/gcc/bin/../lib/gcc/arm-none-eabi/4.5.2/../../../../arm-none-eabi/lib/thumb2\libm.a(lib_a-s_lib_ver.o)
 .ARM.attributes
                0x00000834       0x29 c:/dev/coide/gcc/bin/../lib/gcc/arm-none-eabi/4.5.2/../../../../arm-none-eabi/lib/thumb2\libm.a(lib_a-s_matherr.o)
 .ARM.attributes
                0x0000085d       0x29 c:/dev/coide/gcc/bin/../lib/gcc/arm-none-eabi/4.5.2/../../../../arm-none-eabi/lib/thumb2\libm.a(lib_a-s_nan.o)
 .ARM.attributes
                0x00000886       0x29 c:/dev/coide/gcc/bin/../lib/gcc/arm-none-eabi/4.5.2/../../../../arm-none-eabi/lib/thumb2\libm.a(lib_a-s_rint.o)
 .ARM.attributes
                0x000008af       0x29 c:/dev/coide/gcc/bin/../lib/gcc/arm-none-eabi/4.5.2/../../../../arm-none-eabi/lib/thumb2\libm.a(lib_a-s_scalbn.o)
 .ARM.attributes
                0x000008d8       0x29 c:/dev/coide/gcc/bin/../lib/gcc/arm-none-eabi/4.5.2/../../../../arm-none-eabi/lib/thumb2\libm.a(lib_a-s_copysign.o)
 .ARM.attributes
                0x00000901       0x1b c:/dev/coide/gcc/bin/../lib/gcc/arm-none-eabi/4.5.2/thumb2\libgcc.a(_arm_addsubdf3.o)
 .ARM.attributes
                0x0000091c       0x1b c:/dev/coide/gcc/bin/../lib/gcc/arm-none-eabi/4.5.2/thumb2\libgcc.a(_arm_muldivdf3.o)
 .ARM.attributes
                0x00000937       0x1b c:/dev/coide/gcc/bin/../lib/gcc/arm-none-eabi/4.5.2/thumb2\libgcc.a(_arm_cmpdf2.o)
 .ARM.attributes
                0x00000952       0x1b c:/dev/coide/gcc/bin/../lib/gcc/arm-none-eabi/4.5.2/thumb2\libgcc.a(_arm_fixdfsi.o)
 .ARM.attributes
                0x0000096d       0x1b c:/dev/coide/gcc/bin/../lib/gcc/arm-none-eabi/4.5.2/thumb2\libgcc.a(_arm_fixunsdfsi.o)
 .ARM.attributes
                0x00000988       0x1b c:/dev/coide/gcc/bin/../lib/gcc/arm-none-eabi/4.5.2/thumb2\libgcc.a(_aeabi_uldivmod.o)
 .ARM.attributes
                0x000009a3       0x29 c:/dev/coide/gcc/bin/../lib/gcc/arm-none-eabi/4.5.2/thumb2\libgcc.a(bpabi.o)
 .ARM.attributes
                0x000009cc       0x1b c:/dev/coide/gcc/bin/../lib/gcc/arm-none-eabi/4.5.2/thumb2\libgcc.a(_dvmd_tls.o)
 .ARM.attributes
                0x000009e7       0x29 c:/dev/coide/gcc/bin/../lib/gcc/arm-none-eabi/4.5.2/thumb2\libgcc.a(_divdi3.o)
 .ARM.attributes
                0x00000a10       0x29 c:/dev/coide/gcc/bin/../lib/gcc/arm-none-eabi/4.5.2/thumb2\libgcc.a(_udivdi3.o)
 .ARM.attributes
                0x00000a39       0x1b c:/dev/coide/gcc/bin/../lib/gcc/arm-none-eabi/4.5.2/thumb2\libgcc.a(_udivsi3.o)
 .ARM.attributes
                0x00000a54       0x29 c:/dev/coide/gcc/bin/../lib/gcc/arm-none-eabi/4.5.2/../../../../arm-none-eabi/lib/thumb2\libc.a(lib_a-errno.o)
 .ARM.attributes
                0x00000a7d       0x29 c:/dev/coide/gcc/bin/../lib/gcc/arm-none-eabi/4.5.2/../../../../arm-none-eabi/lib/thumb2\libc.a(lib_a-impure.o)
 .ARM.attributes
                0x00000aa6       0x29 c:/dev/coide/gcc/bin/../lib/gcc/arm-none-eabi/4.5.2/../../../../arm-none-eabi/lib/thumb2\libc.a(lib_a-strlen.o)

.debug_frame    0x00000000     0x21c4
 .debug_frame   0x00000000       0x84 ..\obj\kernelHeap.o
 .debug_frame   0x00000084      0x208 ..\obj\lpc17xx_timer.o
 .debug_frame   0x0000028c       0xe8 ..\obj\core.o
 .debug_frame   0x00000374      0x14c ..\obj\drv_buzz.o
 .debug_frame   0x000004c0      0x280 ..\obj\core_cm3.o
 .debug_frame   0x00000740      0x148 ..\obj\timer.o
 .debug_frame   0x00000888      0x10c ..\obj\lpc17xx_clkpwr.o
 .debug_frame   0x00000994       0x2c ..\obj\mdw_error.o
 .debug_frame   0x000009c0       0x48 ..\obj\utility.o
 .debug_frame   0x00000a08       0x40 ..\obj\system_LPC17xx.o
 .debug_frame   0x00000a48      0x164 ..\obj\drv_led.o
 .debug_frame   0x00000bac      0x178 ..\obj\task.o
 .debug_frame   0x00000d24      0x1ac ..\obj\lpc17xx_adc.o
 .debug_frame   0x00000ed0       0x50 ..\obj\serviceReq.o
 .debug_frame   0x00000f20       0x64 ..\obj\main.o
 .debug_frame   0x00000f84       0xd0 ..\obj\mbox.o
 .debug_frame   0x00001054       0xb0 ..\obj\mm.o
 .debug_frame   0x00001104       0x48 ..\obj\startup_LPC17xx.o
 .debug_frame   0x0000114c       0x2c ..\obj\lpc17xx_libcfg_default.o
 .debug_frame   0x00001178       0xfc ..\obj\time.o
 .debug_frame   0x00001274       0xe8 ..\obj\event.o
 .debug_frame   0x0000135c       0xbc ..\obj\lpc17xx_pinsel.o
 .debug_frame   0x00001418      0x108 ..\obj\syscalls.o
 .debug_frame   0x00001520       0xb0 ..\obj\port.o
 .debug_frame   0x000015d0       0xd0 ..\obj\queue.o
 .debug_frame   0x000016a0       0x90 ..\obj\mutex.o
 .debug_frame   0x00001730      0x184 ..\obj\flag.o
 .debug_frame   0x000018b4       0xf0 ..\obj\drv_userInt.o
 .debug_frame   0x000019a4      0x1ac ..\obj\drv_lcd.o
 .debug_frame   0x00001b50       0x64 ..\obj\lpc17xx_nvic.o
 .debug_frame   0x00001bb4       0x48 ..\obj\arch.o
 .debug_frame   0x00001bfc      0x110 ..\obj\drv_pot.o
 .debug_frame   0x00001d0c       0x98 ..\obj\mdw_log_debug.o
 .debug_frame   0x00001da4       0xd0 ..\obj\sem.o
 .debug_frame   0x00001e74       0x48 ..\obj\hook.o
 .debug_frame   0x00001ebc       0x3c c:/dev/coide/gcc/bin/../lib/gcc/arm-none-eabi/4.5.2/../../../../arm-none-eabi/lib/thumb2\libm.a(lib_a-w_pow.o)
 .debug_frame   0x00001ef8       0x3c c:/dev/coide/gcc/bin/../lib/gcc/arm-none-eabi/4.5.2/../../../../arm-none-eabi/lib/thumb2\libm.a(lib_a-e_pow.o)
 .debug_frame   0x00001f34       0x34 c:/dev/coide/gcc/bin/../lib/gcc/arm-none-eabi/4.5.2/../../../../arm-none-eabi/lib/thumb2\libm.a(lib_a-e_sqrt.o)
 .debug_frame   0x00001f68       0x20 c:/dev/coide/gcc/bin/../lib/gcc/arm-none-eabi/4.5.2/../../../../arm-none-eabi/lib/thumb2\libm.a(lib_a-s_fabs.o)
 .debug_frame   0x00001f88       0x20 c:/dev/coide/gcc/bin/../lib/gcc/arm-none-eabi/4.5.2/../../../../arm-none-eabi/lib/thumb2\libm.a(lib_a-s_finite.o)
 .debug_frame   0x00001fa8       0x28 c:/dev/coide/gcc/bin/../lib/gcc/arm-none-eabi/4.5.2/../../../../arm-none-eabi/lib/thumb2\libm.a(lib_a-s_fpclassify.o)
 .debug_frame   0x00001fd0       0x20 c:/dev/coide/gcc/bin/../lib/gcc/arm-none-eabi/4.5.2/../../../../arm-none-eabi/lib/thumb2\libm.a(lib_a-s_matherr.o)
 .debug_frame   0x00001ff0       0x20 c:/dev/coide/gcc/bin/../lib/gcc/arm-none-eabi/4.5.2/../../../../arm-none-eabi/lib/thumb2\libm.a(lib_a-s_nan.o)
 .debug_frame   0x00002010       0x34 c:/dev/coide/gcc/bin/../lib/gcc/arm-none-eabi/4.5.2/../../../../arm-none-eabi/lib/thumb2\libm.a(lib_a-s_rint.o)
 .debug_frame   0x00002044       0x30 c:/dev/coide/gcc/bin/../lib/gcc/arm-none-eabi/4.5.2/../../../../arm-none-eabi/lib/thumb2\libm.a(lib_a-s_scalbn.o)
 .debug_frame   0x00002074       0x28 c:/dev/coide/gcc/bin/../lib/gcc/arm-none-eabi/4.5.2/../../../../arm-none-eabi/lib/thumb2\libm.a(lib_a-s_copysign.o)
 .debug_frame   0x0000209c       0x50 c:/dev/coide/gcc/bin/../lib/gcc/arm-none-eabi/4.5.2/thumb2\libgcc.a(bpabi.o)
 .debug_frame   0x000020ec       0x3c c:/dev/coide/gcc/bin/../lib/gcc/arm-none-eabi/4.5.2/thumb2\libgcc.a(_divdi3.o)
 .debug_frame   0x00002128       0x3c c:/dev/coide/gcc/bin/../lib/gcc/arm-none-eabi/4.5.2/thumb2\libgcc.a(_udivdi3.o)
 .debug_frame   0x00002164       0x20 c:/dev/coide/gcc/bin/../lib/gcc/arm-none-eabi/4.5.2/thumb2\libgcc.a(_udivsi3.o)
 .debug_frame   0x00002184       0x20 c:/dev/coide/gcc/bin/../lib/gcc/arm-none-eabi/4.5.2/../../../../arm-none-eabi/lib/thumb2\libc.a(lib_a-errno.o)
 .debug_frame   0x000021a4       0x20 c:/dev/coide/gcc/bin/../lib/gcc/arm-none-eabi/4.5.2/../../../../arm-none-eabi/lib/thumb2\libc.a(lib_a-strlen.o)
