Archive member included because of file (symbol)

c:/dev/coide131/gcc/bin/../lib/gcc/arm-none-eabi/4.5.2/../../../../arm-none-eabi/lib/thumb2\libm.a(lib_a-w_pow.o)
                              ..\obj\drv_led.o (pow)
c:/dev/coide131/gcc/bin/../lib/gcc/arm-none-eabi/4.5.2/../../../../arm-none-eabi/lib/thumb2\libm.a(lib_a-e_pow.o)
                              c:/dev/coide131/gcc/bin/../lib/gcc/arm-none-eabi/4.5.2/../../../../arm-none-eabi/lib/thumb2\libm.a(lib_a-w_pow.o) (__ieee754_pow)
c:/dev/coide131/gcc/bin/../lib/gcc/arm-none-eabi/4.5.2/../../../../arm-none-eabi/lib/thumb2\libm.a(lib_a-e_sqrt.o)
                              c:/dev/coide131/gcc/bin/../lib/gcc/arm-none-eabi/4.5.2/../../../../arm-none-eabi/lib/thumb2\libm.a(lib_a-e_pow.o) (__ieee754_sqrt)
c:/dev/coide131/gcc/bin/../lib/gcc/arm-none-eabi/4.5.2/../../../../arm-none-eabi/lib/thumb2\libm.a(lib_a-s_fabs.o)
                              c:/dev/coide131/gcc/bin/../lib/gcc/arm-none-eabi/4.5.2/../../../../arm-none-eabi/lib/thumb2\libm.a(lib_a-e_pow.o) (fabs)
c:/dev/coide131/gcc/bin/../lib/gcc/arm-none-eabi/4.5.2/../../../../arm-none-eabi/lib/thumb2\libm.a(lib_a-s_finite.o)
                              c:/dev/coide131/gcc/bin/../lib/gcc/arm-none-eabi/4.5.2/../../../../arm-none-eabi/lib/thumb2\libm.a(lib_a-w_pow.o) (finite)
c:/dev/coide131/gcc/bin/../lib/gcc/arm-none-eabi/4.5.2/../../../../arm-none-eabi/lib/thumb2\libm.a(lib_a-s_fpclassify.o)
                              c:/dev/coide131/gcc/bin/../lib/gcc/arm-none-eabi/4.5.2/../../../../arm-none-eabi/lib/thumb2\libm.a(lib_a-w_pow.o) (__fpclassifyd)
c:/dev/coide131/gcc/bin/../lib/gcc/arm-none-eabi/4.5.2/../../../../arm-none-eabi/lib/thumb2\libm.a(lib_a-s_lib_ver.o)
                              c:/dev/coide131/gcc/bin/../lib/gcc/arm-none-eabi/4.5.2/../../../../arm-none-eabi/lib/thumb2\libm.a(lib_a-w_pow.o) (__fdlib_version)
c:/dev/coide131/gcc/bin/../lib/gcc/arm-none-eabi/4.5.2/../../../../arm-none-eabi/lib/thumb2\libm.a(lib_a-s_matherr.o)
                              c:/dev/coide131/gcc/bin/../lib/gcc/arm-none-eabi/4.5.2/../../../../arm-none-eabi/lib/thumb2\libm.a(lib_a-w_pow.o) (matherr)
c:/dev/coide131/gcc/bin/../lib/gcc/arm-none-eabi/4.5.2/../../../../arm-none-eabi/lib/thumb2\libm.a(lib_a-s_nan.o)
                              c:/dev/coide131/gcc/bin/../lib/gcc/arm-none-eabi/4.5.2/../../../../arm-none-eabi/lib/thumb2\libm.a(lib_a-e_pow.o) (nan)
c:/dev/coide131/gcc/bin/../lib/gcc/arm-none-eabi/4.5.2/../../../../arm-none-eabi/lib/thumb2\libm.a(lib_a-s_rint.o)
                              c:/dev/coide131/gcc/bin/../lib/gcc/arm-none-eabi/4.5.2/../../../../arm-none-eabi/lib/thumb2\libm.a(lib_a-w_pow.o) (rint)
c:/dev/coide131/gcc/bin/../lib/gcc/arm-none-eabi/4.5.2/../../../../arm-none-eabi/lib/thumb2\libm.a(lib_a-s_scalbn.o)
                              c:/dev/coide131/gcc/bin/../lib/gcc/arm-none-eabi/4.5.2/../../../../arm-none-eabi/lib/thumb2\libm.a(lib_a-e_pow.o) (scalbn)
c:/dev/coide131/gcc/bin/../lib/gcc/arm-none-eabi/4.5.2/../../../../arm-none-eabi/lib/thumb2\libm.a(lib_a-s_copysign.o)
                              c:/dev/coide131/gcc/bin/../lib/gcc/arm-none-eabi/4.5.2/../../../../arm-none-eabi/lib/thumb2\libm.a(lib_a-s_scalbn.o) (copysign)
c:/dev/coide131/gcc/bin/../lib/gcc/arm-none-eabi/4.5.2/thumb2\libgcc.a(_arm_addsubdf3.o)
                              ..\obj\drv_led.o (__aeabi_dsub)
c:/dev/coide131/gcc/bin/../lib/gcc/arm-none-eabi/4.5.2/thumb2\libgcc.a(_arm_muldivdf3.o)
                              c:/dev/coide131/gcc/bin/../lib/gcc/arm-none-eabi/4.5.2/../../../../arm-none-eabi/lib/thumb2\libm.a(lib_a-w_pow.o) (__aeabi_dmul)
c:/dev/coide131/gcc/bin/../lib/gcc/arm-none-eabi/4.5.2/thumb2\libgcc.a(_arm_cmpdf2.o)
                              c:/dev/coide131/gcc/bin/../lib/gcc/arm-none-eabi/4.5.2/../../../../arm-none-eabi/lib/thumb2\libm.a(lib_a-w_pow.o) (__aeabi_dcmpeq)
c:/dev/coide131/gcc/bin/../lib/gcc/arm-none-eabi/4.5.2/thumb2\libgcc.a(_arm_fixdfsi.o)
                              ..\obj\drv_lcd.o (__aeabi_d2iz)
c:/dev/coide131/gcc/bin/../lib/gcc/arm-none-eabi/4.5.2/thumb2\libgcc.a(_arm_fixunsdfsi.o)
                              ..\obj\drv_led.o (__aeabi_d2uiz)
c:/dev/coide131/gcc/bin/../lib/gcc/arm-none-eabi/4.5.2/thumb2\libgcc.a(_aeabi_uldivmod.o)
                              ..\obj\lpc17xx_timer.o (__aeabi_uldivmod)
c:/dev/coide131/gcc/bin/../lib/gcc/arm-none-eabi/4.5.2/thumb2\libgcc.a(bpabi.o)
                              c:/dev/coide131/gcc/bin/../lib/gcc/arm-none-eabi/4.5.2/thumb2\libgcc.a(_aeabi_uldivmod.o) (__gnu_uldivmod_helper)
c:/dev/coide131/gcc/bin/../lib/gcc/arm-none-eabi/4.5.2/thumb2\libgcc.a(_dvmd_tls.o)
                              c:/dev/coide131/gcc/bin/../lib/gcc/arm-none-eabi/4.5.2/thumb2\libgcc.a(_aeabi_uldivmod.o) (__aeabi_ldiv0)
c:/dev/coide131/gcc/bin/../lib/gcc/arm-none-eabi/4.5.2/thumb2\libgcc.a(_divdi3.o)
                              c:/dev/coide131/gcc/bin/../lib/gcc/arm-none-eabi/4.5.2/thumb2\libgcc.a(bpabi.o) (__divdi3)
[...]
Memory Configuration

Name             Origin             Length             Attributes
rom              0x00000000         0x00080000         xr
ram              0x10000000         0x00008000         xrw
ram1             0x2007c000         0x00008000         xrw
*default*        0x00000000         0xffffffff

Linker script and memory map

                0x10008000                _eram = 0x10008000

.text           0x00000000     0xb51c
 *(.isr_vector .isr_vector.*)
 .isr_vector    0x00000000       0xcc ..\obj\startup_LPC17xx.o
                0x00000000                g_pfnVectors
 *(.text .text.* .gnu.linkonce.t.*)
 .text.SPI_Init
                0x000000cc       0xc4 ..\obj\spi.o
                0x000000cc                SPI_Init
 .text.SPI_Write
                0x00000190       0x48 ..\obj\spi.o
                0x00000190                SPI_Write
 .text.SPI_Read
                0x000001d8       0x44 ..\obj\spi.o
                0x000001d8                SPI_Read
 .text.spi_GetPclk
                0x0000021c       0x78 ..\obj\spi.o
 .text.CoCreateKheap
                0x00000294       0x4c ..\obj\kernelHeap.o
                0x00000294                CoCreateKheap
 .text.TIM_ClearIntPending
                0x000002e0       0x90 ..\obj\lpc17xx_timer.o
                0x000002e0                TIM_ClearIntPending
 .text.CoEnterISR
                0x00000370       0x10 ..\obj\core.o
                0x00000370                CoEnterISR
 .text.CoExitISR
                0x00000380       0x50 ..\obj\core.o
                0x00000380                CoExitISR
 .text.OsSchedUnlock
                0x000003d0       0x50 ..\obj\core.o
                0x000003d0                OsSchedUnlock
 .text.CoInitOS
                0x00000420       0x84 ..\obj\core.o
                0x00000420                CoInitOS
 .text.CoStartOS
                0x000004a4       0x38 ..\obj\core.o
                0x000004a4                CoStartOS
 .text.drv_buzz_load
                0x000004dc       0x40 ..\obj\drv_buzz.o
                0x000004dc                drv_buzz_load
 .text.drv_buzz_open
                0x0000051c        0xc ..\obj\drv_buzz.o
                0x0000051c                drv_buzz_open
 .text.TIMER0_IRQHandler
                0x00000528       0x4c ..\obj\drv_buzz.o
                0x00000528                TIMER0_IRQHandler
 .text.InsertTmrList
                0x00000574      0x248 ..\obj\timer.o
 .text.RemoveTmrList
                0x000007bc       0xec ..\obj\timer.o
 .text.TmrDispose
                0x000008a8       0x7c ..\obj\timer.o
                0x000008a8                TmrDispose
 .text.isr_TmrDispose
                0x00000924       0x34 ..\obj\timer.o
                0x00000924                isr_TmrDispose
 .text.CLKPWR_GetPCLKSEL
                0x00000958       0x4c ..\obj\lpc17xx_clkpwr.o
                0x00000958                CLKPWR_GetPCLKSEL
 .text.CLKPWR_GetPCLK
                0x000009a4       0x70 ..\obj\lpc17xx_clkpwr.o
                0x000009a4                CLKPWR_GetPCLK
 .text.CLKPWR_ConfigPPWR
                0x00000a14       0x60 ..\obj\lpc17xx_clkpwr.o
                0x00000a14                CLKPWR_ConfigPPWR
 .text.mdw_log_error
                0x00000a74       0x14 ..\obj\mdw_error.o
                0x00000a74                mdw_log_error
 .text.SystemInit
                0x00000a88      0x180 ..\obj\system_LPC17xx.o
                0x00000a88                SystemInit
 .text.drv_led_load
                0x00000c08       0x40 ..\obj\drv_led.o
                0x00000c08                drv_led_load
 .text.drv_led_open
                0x00000c48       0x4c ..\obj\drv_led.o
                0x00000c48                drv_led_open
 .text.drv_led_start
                0x00000c94       0x74 ..\obj\drv_led.o
                0x00000c94                drv_led_start
 .text.drv_led_stop
                0x00000d08       0x4c ..\obj\drv_led.o
                0x00000d08                drv_led_stop
 .text.drv_led_speed
                0x00000d54       0x34 ..\obj\drv_led.o
                0x00000d54                drv_led_speed
 .text.drv_led_set
                0x00000d88       0x20 ..\obj\drv_led.o
                0x00000d88                drv_led_set
 .text.drv_led_clear
                0x00000da8       0x20 ..\obj\drv_led.o
                0x00000da8                drv_led_clear
 .text.led_task
                0x00000dc8       0xe8 ..\obj\drv_led.o
 .text.SD_Init  0x00000eb0       0x3c ..\obj\sdcard.o
                0x00000eb0                SD_Init
 .text.SD_sendCommand
                0x00000eec      0x134 ..\obj\sdcard.o
                0x00000eec                SD_sendCommand
 .text.SD_readSingleBlock
                0x00001020       0xc4 ..\obj\sdcard.o
                0x00001020                SD_readSingleBlock
 .text.SD_writeMultipleBlocks
                0x000010e4      0x174 ..\obj\sdcard.o
                0x000010e4                SD_writeMultipleBlocks
 .text.init_SdCard
                0x00001258      0x16c ..\obj\sdcard.o
                0x00001258                init_SdCard
 .text.CreateTCBList
                0x000013c4       0x74 ..\obj\task.o
                0x000013c4                CreateTCBList
 .text.InsertToTCBRdyList
                0x00001438      0x108 ..\obj\task.o
                0x00001438                InsertToTCBRdyList
 .text.RemoveFromTCBRdyList
                0x00001540       0x94 ..\obj\task.o
                0x00001540                RemoveFromTCBRdyList
 .text.CoSetPriority
                0x000015d4      0x1dc ..\obj\task.o
                0x000015d4                CoSetPriority
 .text.Schedule
                0x000017b0      0x164 ..\obj\task.o
                0x000017b0                Schedule
 .text.AssignTCB
                0x00001914       0x50 ..\obj\task.o
 .text.CreateTask
                0x00001964      0x14c ..\obj\task.o
                0x00001964                CreateTask
 .text.CoDelTask
                0x00001ab0      0x12c ..\obj\task.o
                0x00001ab0                CoDelTask
 .text.ADC_Init
                0x00001bdc       0x98 ..\obj\lpc17xx_adc.o
                0x00001bdc                ADC_Init
 .text.ADC_StartCmd
                0x00001c74       0x84 ..\obj\lpc17xx_adc.o
                0x00001c74                ADC_StartCmd
 .text.ADC_IntConfig
                0x00001cf8       0xa4 ..\obj\lpc17xx_adc.o
                0x00001cf8                ADC_IntConfig
 .text.ADC_ChannelCmd
                0x00001d9c       0x68 ..\obj\lpc17xx_adc.o
                0x00001d9c                ADC_ChannelCmd
 .text.ADC_ChannelGetData
                0x00001e04       0x54 ..\obj\lpc17xx_adc.o
                0x00001e04                ADC_ChannelGetData
 .text.ADC_ChannelGetStatus
                0x00001e58       0x84 ..\obj\lpc17xx_adc.o
                0x00001e58                ADC_ChannelGetStatus
 .text.InsertInSRQ
                0x00001edc       0xa0 ..\obj\serviceReq.o
                0x00001edc                InsertInSRQ
 .text.RespondSRQ
                0x00001f7c      0x11c ..\obj\serviceReq.o
                0x00001f7c                RespondSRQ
 .text.main     0x00002098       0x74 ..\obj\main.o
                0x00002098                main
 .text.main_task
                0x0000210c       0x78 ..\obj\main.o
 .text.button_interrupt
                0x00002184       0x1c ..\obj\main.o
 .text.CoPostMail
                0x000021a0       0x84 ..\obj\mbox.o
                0x000021a0                CoPostMail
 .text.GPIO_PinFunction
                0x00002224       0x94 ..\obj\gpio.o
                0x00002224                GPIO_PinFunction
 .text.GPIO_PinDirection
                0x000022b8       0x7c ..\obj\gpio.o
                0x000022b8                GPIO_PinDirection
 .text.GPIO_PinWrite
                0x00002334       0x70 ..\obj\gpio.o
                0x00002334                GPIO_PinWrite
 .text.drv_sd_load
                0x000023a4       0xb4 ..\obj\drv_sd.o
                0x000023a4                drv_sd_load
 .text.Default_Reset_Handler
                0x00002458       0x68 ..\obj\startup_LPC17xx.o
                0x00002458                Default_Reset_Handler
                0x00002458                Reset_Handler
 .text.Default_Handler
                0x000024c0        0x8 ..\obj\startup_LPC17xx.o
                0x000024c0                TIMER2_IRQHandler
                0x000024c0                DebugMon_Handler
                0x000024c0                RIT_IRQHandler
                0x000024c0                I2C0_IRQHandler
                0x000024c0                HardFault_Handler
                0x000024c0                USBActivity_IRQHandler
                0x000024c0                PWM1_IRQHandler
                0x000024c0                NMI_Handler
                0x000024c0                I2C1_IRQHandler
                0x000024c0                EINT2_IRQHandler
                0x000024c0                UART1_IRQHandler
                0x000024c0                EINT3_IRQHandler
                0x000024c0                CANActivity_IRQHandler
                0x000024c0                TIMER3_IRQHandler
                0x000024c0                UART0_IRQHandler
                0x000024c0                UsageFault_Handler
                0x000024c0                PLL0_IRQHandler
                0x000024c0                CAN_IRQHandler
                0x000024c0                PLL1_IRQHandler
                0x000024c0                SSP0_IRQHandler
                0x000024c0                I2S_IRQHandler
                0x000024c0                I2C2_IRQHandler
                0x000024c0                RTC_IRQHandler
                0x000024c0                SPI_IRQHandler
                0x000024c0                EINT1_IRQHandler
                0x000024c0                TIMER1_IRQHandler
                0x000024c0                UART2_IRQHandler
                0x000024c0                SSP1_IRQHandler
                0x000024c0                USB_IRQHandler
                0x000024c0                BOD_IRQHandler
                0x000024c0                MemManage_Handler
                0x000024c0                WDT_IRQHandler
                0x000024c0                SVC_Handler
                0x000024c0                QEI_IRQHandler
                0x000024c0                DMA_IRQHandler
                0x000024c0                BusFault_Handler
                0x000024c0                UART3_IRQHandler
                0x000024c0                MCPWM_IRQHandler
                0x000024c0                ENET_IRQHandler
 .text.check_failed
                0x000024c8        0xc ..\obj\lpc17xx_libcfg_default.o
                0x000024c8                check_failed
 .text.InsertDelayList
                0x000024d4       0xf4 ..\obj\time.o
                0x000024d4                InsertDelayList
 .text.RemoveDelayList
                0x000025c8       0xc0 ..\obj\time.o
                0x000025c8                RemoveDelayList
 .text.CoTickDelay
                0x00002688       0x7c ..\obj\time.o
                0x00002688                CoTickDelay
 .text.CoTimeDelay
                0x00002704       0xb4 ..\obj\time.o
                0x00002704                CoTimeDelay
 .text.TimeDispose
                0x000027b8       0x7c ..\obj\time.o
                0x000027b8                TimeDispose
 .text.isr_TimeDispose
                0x00002834       0x34 ..\obj\time.o
                0x00002834                isr_TimeDispose
 .text.CreateEventList
                0x00002868       0x88 ..\obj\event.o
                0x00002868                CreateEventList
 .text.EventTaskToWait
                0x000028f0      0x10c ..\obj\event.o
                0x000028f0                EventTaskToWait
 .text.EventTaskToRdy
                0x000029fc      0x128 ..\obj\event.o
                0x000029fc                EventTaskToRdy
 .text.RemoveEventWaittingList
                0x00002b24       0xac ..\obj\event.o
                0x00002b24                RemoveEventWaittingList
 .text.set_PinFunc
                0x00002bd0       0x9c ..\obj\lpc17xx_pinsel.o
 .text.set_ResistorMode
                0x00002c6c       0x9c ..\obj\lpc17xx_pinsel.o
 .text.set_OpenDrainMode
                0x00002d08       0x7c ..\obj\lpc17xx_pinsel.o
 .text.PINSEL_ConfigPin
                0x00002d84       0x54 ..\obj\lpc17xx_pinsel.o
                0x00002d84                PINSEL_ConfigPin
 .text.Inc8     0x00002dd8       0x34 ..\obj\port.o
                0x00002dd8                Inc8
 .text.Dec8     0x00002e0c       0x30 ..\obj\port.o
                0x00002e0c                Dec8
 .text.IRQ_ENABLE_RESTORE
                0x00002e3c        0xc ..\obj\port.o
                0x00002e3c                IRQ_ENABLE_RESTORE
 .text.IRQ_DISABLE_SAVE
                0x00002e48        0xc ..\obj\port.o
                0x00002e48                IRQ_DISABLE_SAVE
 .text.SetEnvironment
                0x00002e54        0xc ..\obj\port.o
                0x00002e54                SetEnvironment
 .text.SwitchContext
                0x00002e60       0x14 ..\obj\port.o
                0x00002e60                SwitchContext
 .text.PendSV_Handler
                0x00002e74       0x3c ..\obj\port.o
                0x00002e74                PendSV_Handler
 .text.CoPostQueueMail
                0x00002eb0       0xc4 ..\obj\queue.o
                0x00002eb0                CoPostQueueMail
 .text.CoCreateMutex
                0x00002f74       0x8c ..\obj\mutex.o
                0x00002f74                CoCreateMutex
 .text.CoEnterMutexSection
                0x00003000      0x198 ..\obj\mutex.o
                0x00003000                CoEnterMutexSection
 .text.CoLeaveMutexSection
                0x00003198      0x14c ..\obj\mutex.o
                0x00003198                CoLeaveMutexSection
 .text.RemoveMutexList
                0x000032e4      0x108 ..\obj\mutex.o
                0x000032e4                RemoveMutexList
 .text.CoCreateFlag
                0x000033ec       0xa4 ..\obj\flag.o
                0x000033ec                CoCreateFlag
 .text.CoWaitForSingleFlag
                0x00003490      0x1b4 ..\obj\flag.o
                0x00003490                CoWaitForSingleFlag
 .text.CoSetFlag
                0x00003644      0x118 ..\obj\flag.o
                0x00003644                CoSetFlag
 .text.isr_SetFlag
                0x0000375c       0x50 ..\obj\flag.o
                0x0000375c                isr_SetFlag
 .text.FlagBlock
                0x000037ac       0x80 ..\obj\flag.o
 .text.RemoveFromLink
                0x0000382c       0x58 ..\obj\flag.o
 .text.RemoveLinkNode
                0x00003884       0x90 ..\obj\flag.o
                0x00003884                RemoveLinkNode
 .text.drv_tcs_load
                0x00003914       0xc8 ..\obj\drv_tch.o
                0x00003914                drv_tcs_load
 .text.drv_tcs_open
                0x000039dc        0xc ..\obj\drv_tch.o
                0x000039dc                drv_tcs_open
 .text.TCS_SPI_Write
                0x000039e8       0x34 ..\obj\drv_tch.o
 .text.TCS_SPI_Read_Hor
                0x00003a1c       0xec ..\obj\drv_tch.o
 .text.TCS_Average_X_Y
                0x00003b08      0x1b0 ..\obj\drv_tch.o
 .text.drv_tcs_get_point
                0x00003cb8      0x1d0 ..\obj\drv_tch.o
                0x00003cb8                drv_tcs_get_point
 .text.drv_tcs_get_status_touch
                0x00003e88       0x34 ..\obj\drv_tch.o
                0x00003e88                drv_tcs_get_status_touch
 .text.NVIC_EnableIRQ
                0x00003ebc       0x34 ..\obj\drv_userInt.o
 .text.NVIC_ClearPendingIRQ
                0x00003ef0       0x38 ..\obj\drv_userInt.o
 .text.NVIC_SetPriority
                0x00003f28       0x58 ..\obj\drv_userInt.o
 .text.drv_usr_int_load
                0x00003f80       0x58 ..\obj\drv_userInt.o
                0x00003f80                drv_usr_int_load
 .text.drv_usr_int_open
                0x00003fd8       0x44 ..\obj\drv_userInt.o
                0x00003fd8                drv_usr_int_open
 .text.EINT0_IRQHandler
                0x0000401c       0x28 ..\obj\drv_userInt.o
                0x0000401c                EINT0_IRQHandler
 .text.drv_lcd_load
                0x00004044       0xe4 ..\obj\drv_lcd.o
                0x00004044                drv_lcd_load
 .text.drv_lcd_open
                0x00004128      0x28c ..\obj\drv_lcd.o
                0x00004128                drv_lcd_open
 .text.drv_lcd_bg_color
                0x000043b4       0x5c ..\obj\drv_lcd.o
                0x000043b4                drv_lcd_bg_color
 .text.drv_lcd_plot_dot_hor
                0x00004410       0x40 ..\obj\drv_lcd.o
                0x00004410                drv_lcd_plot_dot_hor
 .text.drv_lcd_text_7x11_hor
                0x00004450      0x20c ..\obj\drv_lcd.o
                0x00004450                drv_lcd_text_7x11_hor
 .text.drv_lcd_printStr_hor
                0x0000465c       0x54 ..\obj\drv_lcd.o
                0x0000465c                drv_lcd_printStr_hor
 .text.drv_lcd_line
                0x000046b0      0x21c ..\obj\drv_lcd.o
                0x000046b0                drv_lcd_line
 .text.drv_lcd_rectan
                0x000048cc      0x104 ..\obj\drv_lcd.o
                0x000048cc                drv_lcd_rectan
 .text.drv_lcd_plot_picture_hor
                0x000049d0       0xc4 ..\obj\drv_lcd.o
                0x000049d0                drv_lcd_plot_picture_hor
 .text.delay_ms
                0x00004a94       0x24 ..\obj\drv_lcd.o
 .text.GLCD_SPI_Read_Write
                0x00004ab8       0x34 ..\obj\drv_lcd.o
 .text.GLCD_Write_Command
                0x00004aec       0x48 ..\obj\drv_lcd.o
 .text.GLCD_Write_Data
                0x00004b34       0x4c ..\obj\drv_lcd.o
 .text.InitTaskContext
                0x00004b80       0x5c ..\obj\arch.o
                0x00004b80                InitTaskContext
 .text.SysTick_Handler
                0x00004bdc       0xac ..\obj\arch.o
                0x00004bdc                SysTick_Handler
 .text.NVIC_EnableIRQ
                0x00004c88       0x34 ..\obj\drv_pot.o
 .text.NVIC_DisableIRQ
                0x00004cbc       0x38 ..\obj\drv_pot.o
 .text.NVIC_SetPriority
                0x00004cf4       0x58 ..\obj\drv_pot.o
 .text.drv_pot_load
                0x00004d4c       0x34 ..\obj\drv_pot.o
                0x00004d4c                drv_pot_load
 .text.drv_pot_open
                0x00004d80       0x80 ..\obj\drv_pot.o
                0x00004d80                drv_pot_open
 .text.drv_pot_getValue
                0x00004e00       0x4c ..\obj\drv_pot.o
                0x00004e00                drv_pot_getValue
 .text.ADC_IRQHandler
                0x00004e4c       0x54 ..\obj\drv_pot.o
                0x00004e4c                ADC_IRQHandler
 .text.mdw_log_load
                0x00004ea0        0xc ..\obj\mdw_log_debug.o
                0x00004ea0                mdw_log_load
 .text.mdw_log_open
                0x00004eac      0x110 ..\obj\mdw_log_debug.o
                0x00004eac                mdw_log_open
 .text.mdw_log_debug
                0x00004fbc       0x90 ..\obj\mdw_log_debug.o
                0x00004fbc                mdw_log_debug
 .text.log_touch_task
                0x0000504c      0x244 ..\obj\mdw_log_debug.o
 .text.CoPostSem
                0x00005290       0x88 ..\obj\sem.o
                0x00005290                CoPostSem
 .text.CoIdleTask
                0x00005318        0xc ..\obj\hook.o
                0x00005318                CoIdleTask
 .text.CoStkOverflowHook
                0x00005324        0xc ..\obj\hook.o
                0x00005324                CoStkOverflowHook
 .text          0x00005330      0x348 c:/dev/coide131/gcc/bin/../lib/gcc/arm-none-eabi/4.5.2/../../../../arm-none-eabi/lib/thumb2\libm.a(lib_a-w_pow.o)
                0x00005330                pow
 .text          0x00005678      0xb50 c:/dev/coide131/gcc/bin/../lib/gcc/arm-none-eabi/4.5.2/../../../../arm-none-eabi/lib/thumb2\libm.a(lib_a-e_pow.o)
                0x00005678                __ieee754_pow
 .text          0x000061c8      0x1c0 c:/dev/coide131/gcc/bin/../lib/gcc/arm-none-eabi/4.5.2/../../../../arm-none-eabi/lib/thumb2\libm.a(lib_a-e_sqrt.o)
                0x000061c8                __ieee754_sqrt
 .text          0x00006388        0x8 c:/dev/coide131/gcc/bin/../lib/gcc/arm-none-eabi/4.5.2/../../../../arm-none-eabi/lib/thumb2\libm.a(lib_a-s_fabs.o)
                0x00006388                fabs
 .text          0x00006390       0x10 c:/dev/coide131/gcc/bin/../lib/gcc/arm-none-eabi/4.5.2/../../../../arm-none-eabi/lib/thumb2\libm.a(lib_a-s_finite.o)
                0x00006390                finite
 .text          0x000063a0       0x90 c:/dev/coide131/gcc/bin/../lib/gcc/arm-none-eabi/4.5.2/../../../../arm-none-eabi/lib/thumb2\libm.a(lib_a-s_fpclassify.o)
                0x000063a0                __fpclassifyd
 .text          0x00006430        0x4 c:/dev/coide131/gcc/bin/../lib/gcc/arm-none-eabi/4.5.2/../../../../arm-none-eabi/lib/thumb2\libm.a(lib_a-s_matherr.o)
                0x00006430                matherr
 .text          0x00006434        0xc c:/dev/coide131/gcc/bin/../lib/gcc/arm-none-eabi/4.5.2/../../../../arm-none-eabi/lib/thumb2\libm.a(lib_a-s_nan.o)
                0x00006434                nan
 .text          0x00006440      0x13c c:/dev/coide131/gcc/bin/../lib/gcc/arm-none-eabi/4.5.2/../../../../arm-none-eabi/lib/thumb2\libm.a(lib_a-s_rint.o)
                0x00006440                rint
 *fill*         0x0000657c        0x4 00
 .text          0x00006580      0x108 c:/dev/coide131/gcc/bin/../lib/gcc/arm-none-eabi/4.5.2/../../../../arm-none-eabi/lib/thumb2\libm.a(lib_a-s_scalbn.o)
                0x00006580                scalbn
 .text          0x00006688       0x14 c:/dev/coide131/gcc/bin/../lib/gcc/arm-none-eabi/4.5.2/../../../../arm-none-eabi/lib/thumb2\libm.a(lib_a-s_copysign.o)
                0x00006688                copysign
 .text          0x0000669c      0x370 c:/dev/coide131/gcc/bin/../lib/gcc/arm-none-eabi/4.5.2/thumb2\libgcc.a(_arm_addsubdf3.o)
                0x0000669c                __aeabi_drsub
                0x000066a4                __aeabi_dsub
                0x000066a4                __subdf3
                0x000066a8                __aeabi_dadd
                0x000066a8                __adddf3
                0x00006920                __floatunsidf
                0x00006920                __aeabi_ui2d
                0x00006940                __floatsidf
                0x00006940                __aeabi_i2d
                0x00006964                __aeabi_f2d
                0x00006964                __extendsfdf2
                0x000069a0                __floatundidf
                0x000069a0                __aeabi_ul2d
                0x000069b0                __floatdidf
                0x000069b0                __aeabi_l2d
 .text          0x00006a0c      0x424 c:/dev/coide131/gcc/bin/../lib/gcc/arm-none-eabi/4.5.2/thumb2\libgcc.a(_arm_muldivdf3.o)
                0x00006a0c                __aeabi_dmul
                0x00006a0c                __muldf3
                0x00006c60                __divdf3
                0x00006c60                __aeabi_ddiv
 .text          0x00006e30      0x110 c:/dev/coide131/gcc/bin/../lib/gcc/arm-none-eabi/4.5.2/thumb2\libgcc.a(_arm_cmpdf2.o)
                0x00006e30                __gtdf2
                0x00006e30                __gedf2
                0x00006e38                __ltdf2
                0x00006e38                __ledf2
                0x00006e40                __nedf2
                0x00006e40                __eqdf2
                0x00006e40                __cmpdf2
                0x00006ebc                __aeabi_cdrcmple
                0x00006ecc                __aeabi_cdcmpeq
                0x00006ecc                __aeabi_cdcmple
                0x00006edc                __aeabi_dcmpeq
                0x00006ef0                __aeabi_dcmplt
                0x00006f04                __aeabi_dcmple
                0x00006f18                __aeabi_dcmpge
                0x00006f2c                __aeabi_dcmpgt
 .text          0x00006f40       0x50 c:/dev/coide131/gcc/bin/../lib/gcc/arm-none-eabi/4.5.2/thumb2\libgcc.a(_arm_fixdfsi.o)
                0x00006f40                __aeabi_d2iz
                0x00006f40                __fixdfsi
 .text          0x00006f90       0x40 c:/dev/coide131/gcc/bin/../lib/gcc/arm-none-eabi/4.5.2/thumb2\libgcc.a(_arm_fixunsdfsi.o)
                0x00006f90                __aeabi_d2uiz
                0x00006f90                __fixunsdfsi
 .text          0x00006fd0       0x2c c:/dev/coide131/gcc/bin/../lib/gcc/arm-none-eabi/4.5.2/thumb2\libgcc.a(_aeabi_uldivmod.o)
                0x00006fd0                __aeabi_uldivmod
 .text          0x00006ffc       0x60 c:/dev/coide131/gcc/bin/../lib/gcc/arm-none-eabi/4.5.2/thumb2\libgcc.a(bpabi.o)
                0x00006ffc                __gnu_ldivmod_helper
                0x0000702c                __gnu_uldivmod_helper
 .text          0x0000705c        0x4 c:/dev/coide131/gcc/bin/../lib/gcc/arm-none-eabi/4.5.2/thumb2\libgcc.a(_dvmd_tls.o)
                0x0000705c                __aeabi_idiv0
                0x0000705c                __aeabi_ldiv0
 .text          0x00007060      0x360 c:/dev/coide131/gcc/bin/../lib/gcc/arm-none-eabi/4.5.2/thumb2\libgcc.a(_divdi3.o)
                0x00007060                __divdi3
 .text          0x000073c0      0x308 c:/dev/coide131/gcc/bin/../lib/gcc/arm-none-eabi/4.5.2/thumb2\libgcc.a(_udivdi3.o)
                0x000073c0                __udivdi3
 .text          0x000076c8      0x278 c:/dev/coide131/gcc/bin/../lib/gcc/arm-none-eabi/4.5.2/thumb2\libgcc.a(_udivsi3.o)
                0x000076c8                __aeabi_uidiv
                0x000076c8                __udivsi3
                0x00007924                __aeabi_uidivmod
 .text          0x00007940        0xc c:/dev/coide131/gcc/bin/../lib/gcc/arm-none-eabi/4.5.2/../../../../arm-none-eabi/lib/thumb2\libc.a(lib_a-errno.o)
                0x00007940                __errno
 .text          0x0000794c      0x150 c:/dev/coide131/gcc/bin/../lib/gcc/arm-none-eabi/4.5.2/../../../../arm-none-eabi/lib/thumb2\libc.a(lib_a-memcpy.o)
                0x0000794c                memcpy
 .text          0x00007a9c       0xb4 c:/dev/coide131/gcc/bin/../lib/gcc/arm-none-eabi/4.5.2/../../../../arm-none-eabi/lib/thumb2\libc.a(lib_a-memset.o)
                0x00007a9c                memset
 .text          0x00007b50       0x60 c:/dev/coide131/gcc/bin/../lib/gcc/arm-none-eabi/4.5.2/../../../../arm-none-eabi/lib/thumb2\libc.a(lib_a-strlen.o)
                0x00007b50                strlen
 *(.glue_7t)
 .glue_7t       0x00000000        0x0 linker stubs
 *(.glue_7)
 .glue_7        0x00000000        0x0 linker stubs
 *(.rodata .rodata* .gnu.linkonce.r.*)
 .rodata        0x00007bb0       0x48 ..\obj\lpc17xx_timer.o
 .rodata        0x00007bf8       0x6c ..\obj\drv_led.o
 .rodata        0x00007c64       0x48 ..\obj\lpc17xx_adc.o
 .rodata        0x00007cac       0x2c ..\obj\main.o
 .rodata        0x00007cd8      0x534 ..\obj\font.o
                0x00007cd8                ascii_7x11
 .rodata        0x0000820c       0x24 ..\obj\drv_pot.o
 .rodata        0x00008230       0x98 ..\obj\mdw_log_debug.o
 .rodata        0x000082c8     0x3200 ..\obj\mdw_log_debug_image.o
                0x000082c8                image
 .rodata.str1.4
                0x0000b4c8        0x4 c:/dev/coide131/gcc/bin/../lib/gcc/arm-none-eabi/4.5.2/../../../../arm-none-eabi/lib/thumb2\libm.a(lib_a-w_pow.o)
 *fill*         0x0000b4cc        0x4 00
 .rodata        0x0000b4d0       0x30 c:/dev/coide131/gcc/bin/../lib/gcc/arm-none-eabi/4.5.2/../../../../arm-none-eabi/lib/thumb2\libm.a(lib_a-e_pow.o)
 .rodata.str1.4
                0x0000b500        0x1 c:/dev/coide131/gcc/bin/../lib/gcc/arm-none-eabi/4.5.2/../../../../arm-none-eabi/lib/thumb2\libm.a(lib_a-e_pow.o)
                                  0x4 (size before relaxing)
 *fill*         0x0000b501        0x7 00
 .rodata        0x0000b508       0x10 c:/dev/coide131/gcc/bin/../lib/gcc/arm-none-eabi/4.5.2/../../../../arm-none-eabi/lib/thumb2\libm.a(lib_a-s_rint.o)
 .rodata.str1.4
                0x0000b518        0x4 c:/dev/coide131/gcc/bin/../lib/gcc/arm-none-eabi/4.5.2/../../../../arm-none-eabi/lib/thumb2\libc.a(lib_a-impure.o)

.vfp11_veneer   0x0000b51c        0x0
 .vfp11_veneer  0x00000000        0x0 linker stubs

.v4_bx          0x0000b51c        0x0
 .v4_bx         0x00000000        0x0 linker stubs

.ARM.extab
 *(.ARM.extab* .gnu.linkonce.armextab.*)

.ARM.exidx      0x0000b51c        0x8
 *(.ARM.exidx* .gnu.linkonce.armexidx.*)
 .ARM.exidx     0x0000b51c        0x8 c:/dev/coide131/gcc/bin/../lib/gcc/arm-none-eabi/4.5.2/thumb2\libgcc.a(_divdi3.o)
 .ARM.exidx     0x0000b524        0x0 c:/dev/coide131/gcc/bin/../lib/gcc/arm-none-eabi/4.5.2/thumb2\libgcc.a(_udivdi3.o)
                                  0x8 (size before relaxing)
                0x0000b524                . = ALIGN (0x4)
                0x0000b524                _etext = .
                0x0000b524                _sidata = .

.data           0x10000000      0x160 load address 0x0000b524
                0x10000000                _sdata = .
 *(.data .data.*)
 .data          0x10000000        0x4 ..\obj\system_LPC17xx.o
                0x10000000                SystemCoreClock
 .data          0x10000004        0x4 ..\obj\drv_led.o
 .data          0x10000008        0xc ..\obj\port.o
                0x10000008                NVIC_INT_CTRL
                0x1000000c                NVIC_PENDSVSET
                0x10000010                INT_EXIT
 *fill*         0x10000014        0x4 00
 .data          0x10000018       0x50 ..\obj\drv_tch.o
 .data          0x10000068        0x1 c:/dev/coide131/gcc/bin/../lib/gcc/arm-none-eabi/4.5.2/../../../../arm-none-eabi/lib/thumb2\libm.a(lib_a-s_lib_ver.o)
                0x10000068                __fdlib_version
 *fill*         0x10000069        0x3 00
 .data          0x1000006c       0xf4 c:/dev/coide131/gcc/bin/../lib/gcc/arm-none-eabi/4.5.2/../../../../arm-none-eabi/lib/thumb2\libc.a(lib_a-impure.o)
                0x1000006c                _impure_ptr
                0x10000160                . = ALIGN (0x4)
                0x10000160                _edata = .

.bss            0x10000160     0x1150 load address 0x0000b684
                0x10000160                _sbss = .
 *(.bss .bss.*)
 .bss           0x10000160       0xd4 ..\obj\kernelHeap.o
                0x10000160                KernelHeap
                0x10000228                FMBlist
                0x1000022c                Kheap
 .bss           0x10000234        0x3 ..\obj\core.o
                0x10000234                OSIntNesting
                0x10000235                OSSchedLock
                0x10000236                TaskSchedReq
 *fill*         0x10000237        0x1 00
 .bss           0x10000238        0x8 ..\obj\drv_buzz.o
 .bss           0x10000240       0x38 ..\obj\timer.o
                0x10000240                TmrTbl
                0x10000270                TmrList
                0x10000274                TmrIDVessel
 .bss           0x10000278      0x214 ..\obj\drv_led.o
 .bss           0x1000048c        0x1 ..\obj\sdcard.o
                0x1000048c                V_SdHighcapacityFlag_u8
 *fill*         0x1000048d        0x3 00
 .bss           0x10000490      0x188 ..\obj\task.o
                0x10000490                TCBTbl
                0x10000598                idle_stk
                0x100005fc                FreeTCB
                0x10000600                TCBRdy
                0x10000604                TCBNext
                0x10000608                TCBRunning
                0x10000610                OSCheckTime
 .bss           0x10000618       0x30 ..\obj\serviceReq.o
                0x10000618                ServiceReq
                0x10000644                IsrReq
                0x10000645                TimeReq
                0x10000646                TimerReq
 .bss           0x10000648      0x204 ..\obj\main.o
 .bss           0x1000084c        0x4 ..\obj\time.o
                0x1000084c                DlyList
 .bss           0x10000850      0x144 ..\obj\event.o
                0x10000850                EventTbl
                0x10000990                FreeEventList
 .bss           0x10000994       0x54 ..\obj\mutex.o
                0x10000994                MutexFreeID
                0x10000998                MutexTbl
 .bss           0x100009e8       0x14 ..\obj\flag.o
                0x100009e8                FlagCrl
 *fill*         0x100009fc        0x4 00
 .bss           0x10000a00      0x690 ..\obj\drv_tch.o
 .bss           0x10001090        0x4 ..\obj\drv_userInt.o
 *fill*         0x10001094        0x4 00
 .bss           0x10001098        0x8 ..\obj\arch.o
                0x10001098                OSTickCnt
 .bss           0x100010a0        0x4 ..\obj\drv_pot.o
                0x100010a0                adcValue
 .bss           0x100010a4      0x208 ..\obj\mdw_log_debug.o
 *(COMMON)
 COMMON         0x100012ac        0x1 ..\obj\spi.o
                0x100012ac                dummy_u8
 COMMON         0x100012ad        0x1 ..\obj\drv_pot.o
                0x100012ad                adcDoneFlag
                0x100012b0                . = ALIGN (0x4)
 *fill*         0x100012ae        0x2 00
                0x100012b0                _ebss = .

.co_stack       0x100012b0      0x400 load address 0x0000c7d4
                0x100012b0                . = ALIGN (0x8)
 *(.co_stack .co_stack.*)
 .co_stack      0x100012b0      0x400 ..\obj\startup_LPC17xx.o
                0x100012b0                pulStack
                0x100016b0                . = ALIGN (0x4)
                0x100016b0                _end = .
LOAD ..\obj\spi.o
LOAD ..\obj\kernelHeap.o
LOAD ..\obj\lpc17xx_timer.o
LOAD ..\obj\core.o
LOAD ..\obj\drv_buzz.o
LOAD ..\obj\core_cm3.o
LOAD ..\obj\timer.o
LOAD ..\obj\lpc17xx_clkpwr.o
LOAD ..\obj\mdw_error.o
LOAD ..\obj\utility.o
LOAD ..\obj\system_LPC17xx.o
LOAD ..\obj\drv_led.o
LOAD ..\obj\sdcard.o
LOAD ..\obj\task.o
LOAD ..\obj\diskio.o
LOAD ..\obj\lpc17xx_adc.o
LOAD ..\obj\serviceReq.o
LOAD ..\obj\main.o
LOAD ..\obj\font.o
LOAD ..\obj\lpc17xx_gpio.o
LOAD ..\obj\mbox.o
LOAD ..\obj\gpio.o
LOAD ..\obj\mm.o
LOAD ..\obj\drv_sd.o
LOAD ..\obj\startup_LPC17xx.o
LOAD ..\obj\ffsystem.o
LOAD ..\obj\ffunicode.o
LOAD ..\obj\lpc17xx_libcfg_default.o
LOAD ..\obj\time.o
LOAD ..\obj\event.o
LOAD ..\obj\lpc17xx_pinsel.o
LOAD ..\obj\syscalls.o
LOAD ..\obj\port.o
LOAD ..\obj\queue.o
LOAD ..\obj\mutex.o
LOAD ..\obj\flag.o
LOAD ..\obj\ff.o
LOAD ..\obj\drv_tch.o
LOAD ..\obj\drv_userInt.o
LOAD ..\obj\drv_lcd.o
LOAD ..\obj\lpc17xx_nvic.o
LOAD ..\obj\arch.o
LOAD ..\obj\drv_pot.o
LOAD ..\obj\mdw_log_debug.o
LOAD ..\obj\sem.o
LOAD ..\obj\mdw_log_debug_image.o
LOAD ..\obj\hook.o
LOAD c:/dev/coide131/gcc/bin/../lib/gcc/arm-none-eabi/4.5.2/../../../../arm-none-eabi/lib/thumb2\libm.a
START GROUP
LOAD c:/dev/coide131/gcc/bin/../lib/gcc/arm-none-eabi/4.5.2/thumb2\libgcc.a
LOAD c:/dev/coide131/gcc/bin/../lib/gcc/arm-none-eabi/4.5.2/../../../../arm-none-eabi/lib/thumb2\libc.a
END GROUP
OUTPUT(project.elf elf32-littlearm)

.debug_abbrev   0x00000000     0x35a1
 .debug_abbrev  0x00000000      0x157 ..\obj\spi.o
 .debug_abbrev  0x00000157      0x145 ..\obj\kernelHeap.o
 .debug_abbrev  0x0000029c      0x1b2 ..\obj\lpc17xx_timer.o
 .debug_abbrev  0x0000044e       0xd9 ..\obj\core.o
 .debug_abbrev  0x00000527      0x19e ..\obj\drv_buzz.o
 .debug_abbrev  0x000006c5       0xd5 ..\obj\core_cm3.o
 .debug_abbrev  0x0000079a      0x16b ..\obj\timer.o
 .debug_abbrev  0x00000905      0x170 ..\obj\lpc17xx_clkpwr.o
 .debug_abbrev  0x00000a75       0x6d ..\obj\mdw_error.o
 .debug_abbrev  0x00000ae2       0xaa ..\obj\utility.o
 .debug_abbrev  0x00000b8c       0xd7 ..\obj\system_LPC17xx.o
 .debug_abbrev  0x00000c63      0x169 ..\obj\drv_led.o
 .debug_abbrev  0x00000dcc      0x134 ..\obj\sdcard.o
 .debug_abbrev  0x00000f00      0x1c5 ..\obj\task.o
 .debug_abbrev  0x000010c5       0xdd ..\obj\diskio.o
 .debug_abbrev  0x000011a2      0x13b ..\obj\lpc17xx_adc.o
 .debug_abbrev  0x000012dd      0x121 ..\obj\serviceReq.o
 .debug_abbrev  0x000013fe      0x169 ..\obj\main.o
 .debug_abbrev  0x00001567       0x47 ..\obj\font.o
 .debug_abbrev  0x000015ae      0x1c7 ..\obj\lpc17xx_gpio.o
 .debug_abbrev  0x00001775      0x15b ..\obj\mbox.o
 .debug_abbrev  0x000018d0      0x130 ..\obj\gpio.o
 .debug_abbrev  0x00001a00      0x102 ..\obj\mm.o
 .debug_abbrev  0x00001b02      0x147 ..\obj\drv_sd.o
 .debug_abbrev  0x00001c49       0xa3 ..\obj\startup_LPC17xx.o
 .debug_abbrev  0x00001cec       0x28 ..\obj\ffsystem.o
 .debug_abbrev  0x00001d14       0x28 ..\obj\ffunicode.o
 .debug_abbrev  0x00001d3c       0x66 ..\obj\lpc17xx_libcfg_default.o
 .debug_abbrev  0x00001da2      0x184 ..\obj\time.o
 .debug_abbrev  0x00001f26      0x196 ..\obj\event.o
 .debug_abbrev  0x000020bc      0x11b ..\obj\lpc17xx_pinsel.o
 .debug_abbrev  0x000021d7       0xde ..\obj\syscalls.o
 .debug_abbrev  0x000022b5       0xf2 ..\obj\port.o
 .debug_abbrev  0x000023a7      0x17b ..\obj\queue.o
 .debug_abbrev  0x00002522      0x15b ..\obj\mutex.o
 .debug_abbrev  0x0000267d      0x188 ..\obj\flag.o
 .debug_abbrev  0x00002805      0x14a ..\obj\ff.o
 .debug_abbrev  0x0000294f      0x207 ..\obj\drv_tch.o
 .debug_abbrev  0x00002b56      0x13f ..\obj\drv_userInt.o
 .debug_abbrev  0x00002c95      0x1f4 ..\obj\drv_lcd.o
 .debug_abbrev  0x00002e89       0xde ..\obj\lpc17xx_nvic.o
 .debug_abbrev  0x00002f67      0x10d ..\obj\arch.o
 .debug_abbrev  0x00003074      0x1ab ..\obj\drv_pot.o
 .debug_abbrev  0x0000321f      0x178 ..\obj\mdw_log_debug.o
 .debug_abbrev  0x00003397      0x13d ..\obj\sem.o
 .debug_abbrev  0x000034d4       0x47 ..\obj\mdw_log_debug_image.o
 .debug_abbrev  0x0000351b       0x86 ..\obj\hook.o

.debug_info     0x00000000    0x10ccf
 .debug_info    0x00000000      0x8d2 ..\obj\spi.o
 .debug_info    0x000008d2      0x326 ..\obj\kernelHeap.o
 .debug_info    0x00000bf8      0x87e ..\obj\lpc17xx_timer.o
 .debug_info    0x00001476      0x378 ..\obj\core.o
 .debug_info    0x000017ee      0xd6b ..\obj\drv_buzz.o
 .debug_info    0x00002559      0x548 ..\obj\core_cm3.o
 .debug_info    0x00002aa1      0x448 ..\obj\timer.o
 .debug_info    0x00002ee9      0x667 ..\obj\lpc17xx_clkpwr.o
 .debug_info    0x00003550       0xb6 ..\obj\mdw_error.o
 .debug_info    0x00003606      0x16d ..\obj\utility.o
 .debug_info    0x00003773      0x4f9 ..\obj\system_LPC17xx.o
 .debug_info    0x00003c6c      0x88b ..\obj\drv_led.o
 .debug_info    0x000044f7      0x831 ..\obj\sdcard.o
 .debug_info    0x00004d28      0x7e9 ..\obj\task.o
 .debug_info    0x00005511      0x2ce ..\obj\diskio.o
 .debug_info    0x000057df      0x604 ..\obj\lpc17xx_adc.o
 .debug_info    0x00005de3      0x22e ..\obj\serviceReq.o
 .debug_info    0x00006011      0x4c0 ..\obj\main.o
 .debug_info    0x000064d1       0x5d ..\obj\font.o
 .debug_info    0x0000652e      0xe1a ..\obj\lpc17xx_gpio.o
 .debug_info    0x00007348      0x48b ..\obj\mbox.o
 .debug_info    0x000077d3      0xb2e ..\obj\gpio.o
 .debug_info    0x00008301      0x348 ..\obj\mm.o
 .debug_info    0x00008649      0x394 ..\obj\drv_sd.o
 .debug_info    0x000089dd      0x131 ..\obj\startup_LPC17xx.o
 .debug_info    0x00008b0e       0x61 ..\obj\ffsystem.o
 .debug_info    0x00008b6f       0x61 ..\obj\ffunicode.o
 .debug_info    0x00008bd0       0xc5 ..\obj\lpc17xx_libcfg_default.o
 .debug_info    0x00008c95      0x493 ..\obj\time.o
 .debug_info    0x00009128      0x53f ..\obj\event.o
 .debug_info    0x00009667      0x4a6 ..\obj\lpc17xx_pinsel.o
 .debug_info    0x00009b0d      0x440 ..\obj\syscalls.o
 .debug_info    0x00009f4d      0x1b0 ..\obj\port.o
 .debug_info    0x0000a0fd      0x5cd ..\obj\queue.o
 .debug_info    0x0000a6ca      0x52e ..\obj\mutex.o
 .debug_info    0x0000abf8      0x6e0 ..\obj\flag.o
 .debug_info    0x0000b2d8     0x1a2e ..\obj\ff.o
 .debug_info    0x0000cd06      0xc54 ..\obj\drv_tch.o
 .debug_info    0x0000d95a      0x8a9 ..\obj\drv_userInt.o
 .debug_info    0x0000e203      0xf95 ..\obj\drv_lcd.o
 .debug_info    0x0000f198      0x3f1 ..\obj\lpc17xx_nvic.o
 .debug_info    0x0000f589      0x37d ..\obj\arch.o
 .debug_info    0x0000f906      0x87f ..\obj\drv_pot.o
 .debug_info    0x00010185      0x5e6 ..\obj\mdw_log_debug.o
 .debug_info    0x0001076b      0x44b ..\obj\sem.o
 .debug_info    0x00010bb6       0x58 ..\obj\mdw_log_debug_image.o
 .debug_info    0x00010c0e       0xc1 ..\obj\hook.o

.debug_line     0x00000000     0x637f
 .debug_line    0x00000000      0x1f8 ..\obj\spi.o
 .debug_line    0x000001f8      0x1b1 ..\obj\kernelHeap.o
 .debug_line    0x000003a9      0x508 ..\obj\lpc17xx_timer.o
 .debug_line    0x000008b1      0x123 ..\obj\core.o
 .debug_line    0x000009d4      0x283 ..\obj\drv_buzz.o
 .debug_line    0x00000c57      0x26a ..\obj\core_cm3.o
 .debug_line    0x00000ec1      0x1f6 ..\obj\timer.o
 .debug_line    0x000010b7      0x283 ..\obj\lpc17xx_clkpwr.o
 .debug_line    0x0000133a       0xb2 ..\obj\mdw_error.o
 .debug_line    0x000013ec       0x9b ..\obj\utility.o
 .debug_line    0x00001487      0x1dc ..\obj\system_LPC17xx.o
 .debug_line    0x00001663      0x29f ..\obj\drv_led.o
 .debug_line    0x00001902      0x2d2 ..\obj\sdcard.o
 .debug_line    0x00001bd4      0x2e9 ..\obj\task.o
 .debug_line    0x00001ebd      0x175 ..\obj\diskio.o
 .debug_line    0x00002032      0x38e ..\obj\lpc17xx_adc.o
 .debug_line    0x000023c0       0xd1 ..\obj\serviceReq.o
 .debug_line    0x00002491      0x1e8 ..\obj\main.o
 .debug_line    0x00002679       0x53 ..\obj\font.o
 .debug_line    0x000026cc      0x44e ..\obj\lpc17xx_gpio.o
 .debug_line    0x00002b1a      0x136 ..\obj\mbox.o
 .debug_line    0x00002c50      0x1eb ..\obj\gpio.o
 .debug_line    0x00002e3b      0x14a ..\obj\mm.o
 .debug_line    0x00002f85      0x2c5 ..\obj\drv_sd.o
 .debug_line    0x0000324a       0x9d ..\obj\startup_LPC17xx.o
 .debug_line    0x000032e7       0x1d ..\obj\ffsystem.o
 .debug_line    0x00003304       0x1d ..\obj\ffunicode.o
 .debug_line    0x00003321       0xe9 ..\obj\lpc17xx_libcfg_default.o
 .debug_line    0x0000340a      0x1e7 ..\obj\time.o
 .debug_line    0x000035f1      0x1ba ..\obj\event.o
 .debug_line    0x000037ab      0x228 ..\obj\lpc17xx_pinsel.o
 .debug_line    0x000039d3      0x178 ..\obj\syscalls.o
 .debug_line    0x00003b4b      0x120 ..\obj\port.o
 .debug_line    0x00003c6b      0x179 ..\obj\queue.o
 .debug_line    0x00003de4      0x164 ..\obj\mutex.o
 .debug_line    0x00003f48      0x265 ..\obj\flag.o
 .debug_line    0x000041ad      0xe8b ..\obj\ff.o
 .debug_line    0x00005038      0x2f2 ..\obj\drv_tch.o
 .debug_line    0x0000532a      0x256 ..\obj\drv_userInt.o
 .debug_line    0x00005580      0x4c9 ..\obj\drv_lcd.o
 .debug_line    0x00005a49      0x167 ..\obj\lpc17xx_nvic.o
 .debug_line    0x00005bb0       0xfa ..\obj\arch.o
 .debug_line    0x00005caa      0x295 ..\obj\drv_pot.o
 .debug_line    0x00005f3f      0x22b ..\obj\mdw_log_debug.o
 .debug_line    0x0000616a      0x12e ..\obj\sem.o
 .debug_line    0x00006298       0x5e ..\obj\mdw_log_debug_image.o
 .debug_line    0x000062f6       0x89 ..\obj\hook.o

.debug_loc      0x00000000     0x4db9
 .debug_loc     0x00000000       0xd4 ..\obj\spi.o
 .debug_loc     0x000000d4       0xd4 ..\obj\kernelHeap.o
 .debug_loc     0x000001a8      0x380 ..\obj\lpc17xx_timer.o
 .debug_loc     0x00000528      0x160 ..\obj\core.o
 .debug_loc     0x00000688      0x240 ..\obj\drv_buzz.o
 .debug_loc     0x000008c8      0x3f0 ..\obj\core_cm3.o
 .debug_loc     0x00000cb8      0x224 ..\obj\timer.o
 .debug_loc     0x00000edc      0x1bc ..\obj\lpc17xx_clkpwr.o
 .debug_loc     0x00001098       0x38 ..\obj\mdw_error.o
 .debug_loc     0x000010d0       0x70 ..\obj\utility.o
 .debug_loc     0x00001140       0x58 ..\obj\system_LPC17xx.o
 .debug_loc     0x00001198      0x27c ..\obj\drv_led.o
 .debug_loc     0x00001414      0x1c2 ..\obj\sdcard.o
 .debug_loc     0x000015d6      0x288 ..\obj\task.o
 .debug_loc     0x0000185e      0x118 ..\obj\diskio.o
 .debug_loc     0x00001976      0x2d8 ..\obj\lpc17xx_adc.o
 .debug_loc     0x00001c4e       0x70 ..\obj\serviceReq.o
 .debug_loc     0x00001cbe       0x9c ..\obj\main.o
 .debug_loc     0x00001d5a      0x620 ..\obj\lpc17xx_gpio.o
 .debug_loc     0x0000237a      0x150 ..\obj\mbox.o
 .debug_loc     0x000024ca      0x118 ..\obj\gpio.o
 .debug_loc     0x000025e2      0x118 ..\obj\mm.o
 .debug_loc     0x000026fa      0x183 ..\obj\drv_sd.o
 .debug_loc     0x0000287d       0x64 ..\obj\startup_LPC17xx.o
 .debug_loc     0x000028e1       0x38 ..\obj\lpc17xx_libcfg_default.o
 .debug_loc     0x00002919      0x1a8 ..\obj\time.o
 .debug_loc     0x00002ac1      0x188 ..\obj\event.o
 .debug_loc     0x00002c49      0x150 ..\obj\lpc17xx_pinsel.o
 .debug_loc     0x00002d99      0x1ec ..\obj\syscalls.o
 .debug_loc     0x00002f85       0xc8 ..\obj\port.o
 .debug_loc     0x0000304d      0x150 ..\obj\queue.o
 .debug_loc     0x0000319d       0xe0 ..\obj\mutex.o
 .debug_loc     0x0000327d      0x2a0 ..\obj\flag.o
 .debug_loc     0x0000351d      0xb38 ..\obj\ff.o
 .debug_loc     0x00004055      0x266 ..\obj\drv_tch.o
 .debug_loc     0x000042bb      0x19c ..\obj\drv_userInt.o
 .debug_loc     0x00004457      0x396 ..\obj\drv_lcd.o
 .debug_loc     0x000047ed       0xa8 ..\obj\lpc17xx_nvic.o
 .debug_loc     0x00004895       0x64 ..\obj\arch.o
 .debug_loc     0x000048f9      0x1d4 ..\obj\drv_pot.o
 .debug_loc     0x00004acd      0x12c ..\obj\mdw_log_debug.o
 .debug_loc     0x00004bf9      0x150 ..\obj\sem.o
 .debug_loc     0x00004d49       0x70 ..\obj\hook.o

.debug_pubnames
                0x00000000     0x1a93
 .debug_pubnames
                0x00000000       0x47 ..\obj\spi.o
 .debug_pubnames
                0x00000047       0x63 ..\obj\kernelHeap.o
 .debug_pubnames
                0x000000aa      0x12b ..\obj\lpc17xx_timer.o
 .debug_pubnames
                0x000001d5       0xc3 ..\obj\core.o
 .debug_pubnames
                0x00000298       0xc9 ..\obj\drv_buzz.o
 .debug_pubnames
                0x00000361      0x159 ..\obj\core_cm3.o
 .debug_pubnames
                0x000004ba       0xb8 ..\obj\timer.o
 .debug_pubnames
                0x00000572       0xbb ..\obj\lpc17xx_clkpwr.o
 .debug_pubnames
                0x0000062d       0x24 ..\obj\mdw_error.o
 .debug_pubnames
                0x00000651       0x34 ..\obj\utility.o
 .debug_pubnames
                0x00000685       0x4f ..\obj\system_LPC17xx.o
 .debug_pubnames
                0x000006d4       0xd8 ..\obj\drv_led.o
 .debug_pubnames
                0x000007ac       0xce ..\obj\sdcard.o
 .debug_pubnames
                0x0000087a      0x12e ..\obj\task.o
 .debug_pubnames
                0x000009a8       0x62 ..\obj\diskio.o
 .debug_pubnames
                0x00000a0a      0x110 ..\obj\lpc17xx_adc.o
 .debug_pubnames
                0x00000b1a       0x64 ..\obj\serviceReq.o
 .debug_pubnames
                0x00000b7e       0x1b ..\obj\main.o
 .debug_pubnames
                0x00000b99       0x21 ..\obj\font.o
 .debug_pubnames
                0x00000bba      0x203 ..\obj\lpc17xx_gpio.o
 .debug_pubnames
                0x00000dbd       0x71 ..\obj\mbox.o
 .debug_pubnames
                0x00000e2e       0x73 ..\obj\gpio.o
 .debug_pubnames
                0x00000ea1       0xa8 ..\obj\mm.o
 .debug_pubnames
                0x00000f49       0x76 ..\obj\drv_sd.o
 .debug_pubnames
                0x00000fbf       0x4a ..\obj\startup_LPC17xx.o
 .debug_pubnames
                0x00001009       0x23 ..\obj\lpc17xx_libcfg_default.o
 .debug_pubnames
                0x0000102c       0xb3 ..\obj\time.o
 .debug_pubnames
                0x000010df       0xa7 ..\obj\event.o
 .debug_pubnames
                0x00001186       0x59 ..\obj\lpc17xx_pinsel.o
 .debug_pubnames
                0x000011df       0x71 ..\obj\syscalls.o
 .debug_pubnames
                0x00001250       0xba ..\obj\port.o
 .debug_pubnames
                0x0000130a       0xa6 ..\obj\queue.o
 .debug_pubnames
                0x000013b0       0x85 ..\obj\mutex.o
 .debug_pubnames
                0x00001435       0xe2 ..\obj\flag.o
 .debug_pubnames
                0x00001517       0xdc ..\obj\ff.o
 .debug_pubnames
                0x000015f3       0xa2 ..\obj\drv_tch.o
 .debug_pubnames
                0x00001695       0x7e ..\obj\drv_userInt.o
 .debug_pubnames
                0x00001713      0x12b ..\obj\drv_lcd.o
 .debug_pubnames
                0x0000183e       0x46 ..\obj\lpc17xx_nvic.o
 .debug_pubnames
                0x00001884       0x48 ..\obj\arch.o
 .debug_pubnames
                0x000018cc       0x9e ..\obj\drv_pot.o
 .debug_pubnames
                0x0000196a       0x6b ..\obj\mdw_log_debug.o
 .debug_pubnames
                0x000019d5       0x6b ..\obj\sem.o
 .debug_pubnames
                0x00001a40       0x1c ..\obj\mdw_log_debug_image.o
 .debug_pubnames
                0x00001a5c       0x37 ..\obj\hook.o

.debug_pubtypes
                0x00000000     0x15bf
 .debug_pubtypes
                0x00000000       0x52 ..\obj\spi.o
 .debug_pubtypes
                0x00000052       0x6c ..\obj\kernelHeap.o
 .debug_pubtypes
                0x000000be      0x107 ..\obj\lpc17xx_timer.o
 .debug_pubtypes
                0x000001c5       0x8f ..\obj\core.o
 .debug_pubtypes
                0x00000254       0xd6 ..\obj\drv_buzz.o
 .debug_pubtypes
                0x0000032a       0x50 ..\obj\core_cm3.o
 .debug_pubtypes
                0x0000037a       0x80 ..\obj\timer.o
 .debug_pubtypes
                0x000003fa       0x5f ..\obj\lpc17xx_clkpwr.o
 .debug_pubtypes
                0x00000459       0x1d ..\obj\mdw_error.o
 .debug_pubtypes
                0x00000476       0x38 ..\obj\utility.o
 .debug_pubtypes
                0x000004ae       0x4b ..\obj\system_LPC17xx.o
 .debug_pubtypes
                0x000004f9       0xbe ..\obj\drv_led.o
 .debug_pubtypes
                0x000005b7       0x38 ..\obj\sdcard.o
 .debug_pubtypes
                0x000005ef       0xe9 ..\obj\task.o
 .debug_pubtypes
                0x000006d8       0x52 ..\obj\diskio.o
 .debug_pubtypes
                0x0000072a       0x84 ..\obj\lpc17xx_adc.o
 .debug_pubtypes
                0x000007ae       0x63 ..\obj\serviceReq.o
 .debug_pubtypes
                0x00000811       0x79 ..\obj\main.o
 .debug_pubtypes
                0x0000088a       0xa9 ..\obj\lpc17xx_gpio.o
 .debug_pubtypes
                0x00000933       0xa2 ..\obj\mbox.o
 .debug_pubtypes
                0x000009d5       0x64 ..\obj\gpio.o
 .debug_pubtypes
                0x00000a39       0x74 ..\obj\mm.o
 .debug_pubtypes
                0x00000aad       0x68 ..\obj\drv_sd.o
 .debug_pubtypes
                0x00000b15       0x12 ..\obj\ffsystem.o
 .debug_pubtypes
                0x00000b27       0x12 ..\obj\ffunicode.o
 .debug_pubtypes
                0x00000b39       0x2b ..\obj\lpc17xx_libcfg_default.o
 .debug_pubtypes
                0x00000b64       0xa3 ..\obj\time.o
 .debug_pubtypes
                0x00000c07       0xbf ..\obj\event.o
 .debug_pubtypes
                0x00000cc6       0x6a ..\obj\lpc17xx_pinsel.o
 .debug_pubtypes
                0x00000d30       0xaa ..\obj\syscalls.o
 .debug_pubtypes
                0x00000dda       0x2c ..\obj\port.o
 .debug_pubtypes
                0x00000e06       0xbe ..\obj\queue.o
 .debug_pubtypes
                0x00000ec4       0xd5 ..\obj\mutex.o
 .debug_pubtypes
                0x00000f99       0xdd ..\obj\flag.o
 .debug_pubtypes
                0x00001076       0x97 ..\obj\ff.o
 .debug_pubtypes
                0x0000110d       0x98 ..\obj\drv_tch.o
 .debug_pubtypes
                0x000011a5       0x93 ..\obj\drv_userInt.o
 .debug_pubtypes
                0x00001238       0x8b ..\obj\drv_lcd.o
 .debug_pubtypes
                0x000012c3       0x46 ..\obj\lpc17xx_nvic.o
 .debug_pubtypes
                0x00001309       0xc1 ..\obj\arch.o
 .debug_pubtypes
                0x000013ca       0xa9 ..\obj\drv_pot.o
 .debug_pubtypes
                0x00001473       0x86 ..\obj\mdw_log_debug.o
 .debug_pubtypes
                0x000014f9       0xa2 ..\obj\sem.o
 .debug_pubtypes
                0x0000159b       0x24 ..\obj\hook.o

.debug_aranges  0x00000000      0xfb8
 .debug_aranges
                0x00000000       0x38 ..\obj\spi.o
 .debug_aranges
                0x00000038       0x38 ..\obj\kernelHeap.o
 .debug_aranges
                0x00000070       0x98 ..\obj\lpc17xx_timer.o
 .debug_aranges
                0x00000108       0x58 ..\obj\core.o
 .debug_aranges
                0x00000160       0x78 ..\obj\drv_buzz.o
 .debug_aranges
                0x000001d8       0xc8 ..\obj\core_cm3.o
 .debug_aranges
                0x000002a0       0x68 ..\obj\timer.o
 .debug_aranges
                0x00000308       0x60 ..\obj\lpc17xx_clkpwr.o
 .debug_aranges
                0x00000368       0x20 ..\obj\mdw_error.o
 .debug_aranges
                0x00000388       0x28 ..\obj\utility.o
 .debug_aranges
                0x000003b0       0x28 ..\obj\system_LPC17xx.o
 .debug_aranges
                0x000003d8       0x78 ..\obj\drv_led.o
 .debug_aranges
                0x00000450       0x58 ..\obj\sdcard.o
 .debug_aranges
                0x000004a8       0x78 ..\obj\task.o
 .debug_aranges
                0x00000520       0x40 ..\obj\diskio.o
 .debug_aranges
                0x00000560       0x80 ..\obj\lpc17xx_adc.o
 .debug_aranges
                0x000005e0       0x28 ..\obj\serviceReq.o
 .debug_aranges
                0x00000608       0x30 ..\obj\main.o
 .debug_aranges
                0x00000638       0xf8 ..\obj\lpc17xx_gpio.o
 .debug_aranges
                0x00000730       0x48 ..\obj\mbox.o
 .debug_aranges
                0x00000778       0x40 ..\obj\gpio.o
 .debug_aranges
                0x000007b8       0x40 ..\obj\mm.o
 .debug_aranges
                0x000007f8       0x50 ..\obj\drv_sd.o
 .debug_aranges
                0x00000848       0x28 ..\obj\startup_LPC17xx.o
 .debug_aranges
                0x00000870       0x20 ..\obj\lpc17xx_libcfg_default.o
 .debug_aranges
                0x00000890       0x58 ..\obj\time.o
 .debug_aranges
                0x000008e8       0x50 ..\obj\event.o
 .debug_aranges
                0x00000938       0x48 ..\obj\lpc17xx_pinsel.o
 .debug_aranges
                0x00000980       0x60 ..\obj\syscalls.o
 .debug_aranges
                0x000009e0       0x50 ..\obj\port.o
 .debug_aranges
                0x00000a30       0x48 ..\obj\queue.o
 .debug_aranges
                0x00000a78       0x38 ..\obj\mutex.o
 .debug_aranges
                0x00000ab0       0x78 ..\obj\flag.o
 .debug_aranges
                0x00000b28      0x1b0 ..\obj\ff.o
 .debug_aranges
                0x00000cd8       0x78 ..\obj\drv_tch.o
 .debug_aranges
                0x00000d50       0x58 ..\obj\drv_userInt.o
 .debug_aranges
                0x00000da8       0xa0 ..\obj\drv_lcd.o
 .debug_aranges
                0x00000e48       0x30 ..\obj\lpc17xx_nvic.o
 .debug_aranges
                0x00000e78       0x28 ..\obj\arch.o
 .debug_aranges
                0x00000ea0       0x60 ..\obj\drv_pot.o
 .debug_aranges
                0x00000f00       0x48 ..\obj\mdw_log_debug.o
 .debug_aranges
                0x00000f48       0x48 ..\obj\sem.o
 .debug_aranges
                0x00000f90       0x28 ..\obj\hook.o

.debug_ranges   0x00000000      0xd08
 .debug_ranges  0x00000000       0x28 ..\obj\spi.o
 .debug_ranges  0x00000028       0x28 ..\obj\kernelHeap.o
 .debug_ranges  0x00000050       0x88 ..\obj\lpc17xx_timer.o
 .debug_ranges  0x000000d8       0x48 ..\obj\core.o
 .debug_ranges  0x00000120       0x68 ..\obj\drv_buzz.o
 .debug_ranges  0x00000188       0xb8 ..\obj\core_cm3.o
 .debug_ranges  0x00000240       0x58 ..\obj\timer.o
 .debug_ranges  0x00000298       0x50 ..\obj\lpc17xx_clkpwr.o
 .debug_ranges  0x000002e8       0x10 ..\obj\mdw_error.o
 .debug_ranges  0x000002f8       0x18 ..\obj\utility.o
 .debug_ranges  0x00000310       0x18 ..\obj\system_LPC17xx.o
 .debug_ranges  0x00000328       0x68 ..\obj\drv_led.o
 .debug_ranges  0x00000390       0x48 ..\obj\sdcard.o
 .debug_ranges  0x000003d8       0x68 ..\obj\task.o
 .debug_ranges  0x00000440       0x30 ..\obj\diskio.o
 .debug_ranges  0x00000470       0x70 ..\obj\lpc17xx_adc.o
 .debug_ranges  0x000004e0       0x18 ..\obj\serviceReq.o
 .debug_ranges  0x000004f8       0x20 ..\obj\main.o
 .debug_ranges  0x00000518       0xe8 ..\obj\lpc17xx_gpio.o
 .debug_ranges  0x00000600       0x38 ..\obj\mbox.o
 .debug_ranges  0x00000638       0x30 ..\obj\gpio.o
 .debug_ranges  0x00000668       0x30 ..\obj\mm.o
 .debug_ranges  0x00000698       0x40 ..\obj\drv_sd.o
 .debug_ranges  0x000006d8       0x18 ..\obj\startup_LPC17xx.o
 .debug_ranges  0x000006f0       0x10 ..\obj\lpc17xx_libcfg_default.o
 .debug_ranges  0x00000700       0x48 ..\obj\time.o
 .debug_ranges  0x00000748       0x40 ..\obj\event.o
 .debug_ranges  0x00000788       0x38 ..\obj\lpc17xx_pinsel.o
 .debug_ranges  0x000007c0       0x50 ..\obj\syscalls.o
 .debug_ranges  0x00000810       0x40 ..\obj\port.o
 .debug_ranges  0x00000850       0x38 ..\obj\queue.o
 .debug_ranges  0x00000888       0x28 ..\obj\mutex.o
 .debug_ranges  0x000008b0       0x68 ..\obj\flag.o
 .debug_ranges  0x00000918      0x1a0 ..\obj\ff.o
 .debug_ranges  0x00000ab8       0x68 ..\obj\drv_tch.o
 .debug_ranges  0x00000b20       0x48 ..\obj\drv_userInt.o
 .debug_ranges  0x00000b68       0x90 ..\obj\drv_lcd.o
 .debug_ranges  0x00000bf8       0x20 ..\obj\lpc17xx_nvic.o
 .debug_ranges  0x00000c18       0x18 ..\obj\arch.o
 .debug_ranges  0x00000c30       0x50 ..\obj\drv_pot.o
 .debug_ranges  0x00000c80       0x38 ..\obj\mdw_log_debug.o
 .debug_ranges  0x00000cb8       0x38 ..\obj\sem.o
 .debug_ranges  0x00000cf0       0x18 ..\obj\hook.o

.debug_str      0x00000000     0x404e
 .debug_str     0x00000000      0x614 ..\obj\spi.o
                                0x652 (size before relaxing)
 .debug_str     0x00000614      0x13b ..\obj\kernelHeap.o
                                0x1bb (size before relaxing)
 .debug_str     0x0000074f      0x4ae ..\obj\lpc17xx_timer.o
                                0x585 (size before relaxing)
 .debug_str     0x00000bfd      0x183 ..\obj\core.o
                                0x20a (size before relaxing)
 .debug_str     0x00000d80      0x5ee ..\obj\drv_buzz.o
                                0x8b5 (size before relaxing)
 .debug_str     0x0000136e      0x168 ..\obj\core_cm3.o
                                0x228 (size before relaxing)
 .debug_str     0x000014d6      0x14b ..\obj\timer.o
                                0x1f8 (size before relaxing)
 .debug_str     0x00001621       0xfb ..\obj\lpc17xx_clkpwr.o
                                0x37e (size before relaxing)
 .debug_str     0x0000171c       0x84 ..\obj\mdw_error.o
                                 0xa7 (size before relaxing)
 .debug_str     0x000017a0       0x78 ..\obj\utility.o
                                 0xf8 (size before relaxing)
 .debug_str     0x00001818       0x61 ..\obj\system_LPC17xx.o
                                0x2b7 (size before relaxing)
 .debug_str     0x00001879      0x182 ..\obj\drv_led.o
                                0x4b6 (size before relaxing)
 .debug_str     0x000019fb      0x13e ..\obj\sdcard.o
                                0x594 (size before relaxing)
 .debug_str     0x00001b39      0x216 ..\obj\task.o
                                0x3a9 (size before relaxing)
 .debug_str     0x00001d4f       0xda ..\obj\diskio.o
                                0x18d (size before relaxing)
 .debug_str     0x00001e29      0x375 ..\obj\lpc17xx_adc.o
                                0x491 (size before relaxing)
 .debug_str     0x0000219e       0x9c ..\obj\serviceReq.o
                                0x130 (size before relaxing)
 .debug_str     0x0000223a       0x5b ..\obj\main.o
                                0x290 (size before relaxing)
 .debug_str     0x00002295       0x3e ..\obj\font.o
                                 0x65 (size before relaxing)
 .debug_str     0x000022d3      0x329 ..\obj\lpc17xx_gpio.o
                                0x543 (size before relaxing)
 .debug_str     0x000025fc       0x96 ..\obj\mbox.o
                                0x24b (size before relaxing)
 .debug_str     0x00002692       0xf0 ..\obj\gpio.o
                                0x781 (size before relaxing)
 .debug_str     0x00002782      0x116 ..\obj\mm.o
                                0x1bf (size before relaxing)
 .debug_str     0x00002898      0x10e ..\obj\drv_sd.o
                                0x226 (size before relaxing)
 .debug_str     0x000029a6       0xaa ..\obj\startup_LPC17xx.o
                                 0xd5 (size before relaxing)
 .debug_str     0x00002a50       0x35 ..\obj\ffsystem.o
                                 0xb0 (size before relaxing)
 .debug_str     0x00002a85       0x36 ..\obj\ffunicode.o
                                 0xb1 (size before relaxing)
 .debug_str     0x00002abb       0x62 ..\obj\lpc17xx_libcfg_default.o
                                0x10d (size before relaxing)
 .debug_str     0x00002b1d       0xb8 ..\obj\time.o
                                0x267 (size before relaxing)
 .debug_str     0x00002bd5       0xe1 ..\obj\event.o
                                0x2b2 (size before relaxing)
 .debug_str     0x00002cb6      0x166 ..\obj\lpc17xx_pinsel.o
                                0x357 (size before relaxing)
 .debug_str     0x00002e1c      0x13f ..\obj\syscalls.o
                                0x249 (size before relaxing)
 .debug_str     0x00002f5b       0xc2 ..\obj\port.o
                                0x14a (size before relaxing)
 .debug_str     0x0000301d       0xac ..\obj\queue.o
                                0x2af (size before relaxing)
 .debug_str     0x000030c9       0x8a ..\obj\mutex.o
                                0x2ba (size before relaxing)
 .debug_str     0x00003153      0x1ad ..\obj\flag.o
                                0x328 (size before relaxing)
 .debug_str     0x00003300      0x4b9 ..\obj\ff.o
                                0x5c2 (size before relaxing)
 .debug_str     0x000037b9      0x1ef ..\obj\drv_tch.o
                                0x63e (size before relaxing)
 .debug_str     0x000039a8       0xc5 ..\obj\drv_userInt.o
                                0x5aa (size before relaxing)
 .debug_str     0x00003a6d      0x201 ..\obj\drv_lcd.o
                                0x6a3 (size before relaxing)
 .debug_str     0x00003c6e       0x75 ..\obj\lpc17xx_nvic.o
                                0x1d9 (size before relaxing)
 .debug_str     0x00003ce3       0x67 ..\obj\arch.o
                                0x22a (size before relaxing)
 .debug_str     0x00003d4a       0x9e ..\obj\drv_pot.o
                                0x6b1 (size before relaxing)
 .debug_str     0x00003de8      0x14e ..\obj\mdw_log_debug.o
                                0x370 (size before relaxing)
 .debug_str     0x00003f36       0x86 ..\obj\sem.o
                                0x24e (size before relaxing)
 .debug_str     0x00003fbc       0x3e ..\obj\mdw_log_debug_image.o
                                 0x6b (size before relaxing)
 .debug_str     0x00003ffa       0x54 ..\obj\hook.o
                                 0xdd (size before relaxing)

.comment        0x00000000       0x11
 .comment       0x00000000       0x11 ..\obj\spi.o
                                 0x12 (size before relaxing)
 .comment       0x00000000       0x12 ..\obj\kernelHeap.o
 .comment       0x00000000       0x12 ..\obj\lpc17xx_timer.o
 .comment       0x00000000       0x12 ..\obj\core.o
 .comment       0x00000000       0x12 ..\obj\drv_buzz.o
 .comment       0x00000000       0x12 ..\obj\core_cm3.o
 .comment       0x00000000       0x12 ..\obj\timer.o
 .comment       0x00000000       0x12 ..\obj\lpc17xx_clkpwr.o
 .comment       0x00000000       0x12 ..\obj\mdw_error.o
 .comment       0x00000000       0x12 ..\obj\utility.o
 .comment       0x00000000       0x12 ..\obj\system_LPC17xx.o
 .comment       0x00000000       0x12 ..\obj\drv_led.o
 .comment       0x00000000       0x12 ..\obj\sdcard.o
 .comment       0x00000000       0x12 ..\obj\task.o
 .comment       0x00000000       0x12 ..\obj\diskio.o
 .comment       0x00000000       0x12 ..\obj\lpc17xx_adc.o
 .comment       0x00000000       0x12 ..\obj\serviceReq.o
 .comment       0x00000000       0x12 ..\obj\main.o
 .comment       0x00000000       0x12 ..\obj\font.o
 .comment       0x00000000       0x12 ..\obj\lpc17xx_gpio.o
 .comment       0x00000000       0x12 ..\obj\mbox.o
 .comment       0x00000000       0x12 ..\obj\gpio.o
 .comment       0x00000000       0x12 ..\obj\mm.o
 .comment       0x00000000       0x12 ..\obj\drv_sd.o
 .comment       0x00000000       0x12 ..\obj\startup_LPC17xx.o
 .comment       0x00000000       0x12 ..\obj\ffsystem.o
 .comment       0x00000000       0x12 ..\obj\ffunicode.o
 .comment       0x00000000       0x12 ..\obj\lpc17xx_libcfg_default.o
 .comment       0x00000000       0x12 ..\obj\time.o
 .comment       0x00000000       0x12 ..\obj\event.o
 .comment       0x00000000       0x12 ..\obj\lpc17xx_pinsel.o
 .comment       0x00000000       0x12 ..\obj\syscalls.o
 .comment       0x00000000       0x12 ..\obj\port.o
 .comment       0x00000000       0x12 ..\obj\queue.o
 .comment       0x00000000       0x12 ..\obj\mutex.o
 .comment       0x00000000       0x12 ..\obj\flag.o
 .comment       0x00000000       0x12 ..\obj\ff.o
 .comment       0x00000000       0x12 ..\obj\drv_tch.o
 .comment       0x00000000       0x12 ..\obj\drv_userInt.o
 .comment       0x00000000       0x12 ..\obj\drv_lcd.o
 .comment       0x00000000       0x12 ..\obj\lpc17xx_nvic.o
 .comment       0x00000000       0x12 ..\obj\arch.o
 .comment       0x00000000       0x12 ..\obj\drv_pot.o
 .comment       0x00000000       0x12 ..\obj\mdw_log_debug.o
 .comment       0x00000000       0x12 ..\obj\sem.o
 .comment       0x00000000       0x12 ..\obj\mdw_log_debug_image.o
 .comment       0x00000000       0x12 ..\obj\hook.o

.ARM.attributes
                0x00000000       0x31
 .ARM.attributes
                0x00000000       0x31 ..\obj\spi.o
 .ARM.attributes
                0x00000031       0x31 ..\obj\kernelHeap.o
 .ARM.attributes
                0x00000062       0x31 ..\obj\lpc17xx_timer.o
 .ARM.attributes
                0x00000093       0x31 ..\obj\core.o
 .ARM.attributes
                0x000000c4       0x31 ..\obj\drv_buzz.o
 .ARM.attributes
                0x000000f5       0x31 ..\obj\core_cm3.o
 .ARM.attributes
                0x00000126       0x31 ..\obj\timer.o
 .ARM.attributes
                0x00000157       0x31 ..\obj\lpc17xx_clkpwr.o
 .ARM.attributes
                0x00000188       0x31 ..\obj\mdw_error.o
 .ARM.attributes
                0x000001b9       0x31 ..\obj\utility.o
 .ARM.attributes
                0x000001ea       0x31 ..\obj\system_LPC17xx.o
 .ARM.attributes
                0x0000021b       0x31 ..\obj\drv_led.o
 .ARM.attributes
                0x0000024c       0x31 ..\obj\sdcard.o
 .ARM.attributes
                0x0000027d       0x31 ..\obj\task.o
 .ARM.attributes
                0x000002ae       0x31 ..\obj\diskio.o
 .ARM.attributes
                0x000002df       0x31 ..\obj\lpc17xx_adc.o
 .ARM.attributes
                0x00000310       0x31 ..\obj\serviceReq.o
 .ARM.attributes
                0x00000341       0x31 ..\obj\main.o
 .ARM.attributes
                0x00000372       0x31 ..\obj\font.o
 .ARM.attributes
                0x000003a3       0x31 ..\obj\lpc17xx_gpio.o
 .ARM.attributes
                0x000003d4       0x31 ..\obj\mbox.o
 .ARM.attributes
                0x00000405       0x31 ..\obj\gpio.o
 .ARM.attributes
                0x00000436       0x31 ..\obj\mm.o
 .ARM.attributes
                0x00000467       0x31 ..\obj\drv_sd.o
 .ARM.attributes
                0x00000498       0x31 ..\obj\startup_LPC17xx.o
 .ARM.attributes
                0x000004c9       0x31 ..\obj\ffsystem.o
 .ARM.attributes
                0x000004fa       0x31 ..\obj\ffunicode.o
 .ARM.attributes
                0x0000052b       0x31 ..\obj\lpc17xx_libcfg_default.o
 .ARM.attributes
                0x0000055c       0x31 ..\obj\time.o
 .ARM.attributes
                0x0000058d       0x31 ..\obj\event.o
 .ARM.attributes
                0x000005be       0x31 ..\obj\lpc17xx_pinsel.o
 .ARM.attributes
                0x000005ef       0x31 ..\obj\syscalls.o
 .ARM.attributes
                0x00000620       0x31 ..\obj\port.o
 .ARM.attributes
                0x00000651       0x31 ..\obj\queue.o
 .ARM.attributes
                0x00000682       0x31 ..\obj\mutex.o
 .ARM.attributes
                0x000006b3       0x31 ..\obj\flag.o
 .ARM.attributes
                0x000006e4       0x31 ..\obj\ff.o
 .ARM.attributes
                0x00000715       0x31 ..\obj\drv_tch.o
 .ARM.attributes
                0x00000746       0x31 ..\obj\drv_userInt.o
 .ARM.attributes
                0x00000777       0x31 ..\obj\drv_lcd.o
 .ARM.attributes
                0x000007a8       0x31 ..\obj\lpc17xx_nvic.o
 .ARM.attributes
                0x000007d9       0x31 ..\obj\arch.o
 .ARM.attributes
                0x0000080a       0x31 ..\obj\drv_pot.o
 .ARM.attributes
                0x0000083b       0x31 ..\obj\mdw_log_debug.o
 .ARM.attributes
                0x0000086c       0x31 ..\obj\sem.o
 .ARM.attributes
                0x0000089d       0x31 ..\obj\mdw_log_debug_image.o
 .ARM.attributes
                0x000008ce       0x31 ..\obj\hook.o
 .ARM.attributes
                0x000008ff       0x29 c:/dev/coide131/gcc/bin/../lib/gcc/arm-none-eabi/4.5.2/../../../../arm-none-eabi/lib/thumb2\libm.a(lib_a-w_pow.o)
 .ARM.attributes
                0x00000928       0x29 c:/dev/coide131/gcc/bin/../lib/gcc/arm-none-eabi/4.5.2/../../../../arm-none-eabi/lib/thumb2\libm.a(lib_a-e_pow.o)
 .ARM.attributes
                0x00000951       0x29 c:/dev/coide131/gcc/bin/../lib/gcc/arm-none-eabi/4.5.2/../../../../arm-none-eabi/lib/thumb2\libm.a(lib_a-e_sqrt.o)
 .ARM.attributes
                0x0000097a       0x29 c:/dev/coide131/gcc/bin/../lib/gcc/arm-none-eabi/4.5.2/../../../../arm-none-eabi/lib/thumb2\libm.a(lib_a-s_fabs.o)
 .ARM.attributes
                0x000009a3       0x29 c:/dev/coide131/gcc/bin/../lib/gcc/arm-none-eabi/4.5.2/../../../../arm-none-eabi/lib/thumb2\libm.a(lib_a-s_finite.o)
 .ARM.attributes
                0x000009cc       0x29 c:/dev/coide131/gcc/bin/../lib/gcc/arm-none-eabi/4.5.2/../../../../arm-none-eabi/lib/thumb2\libm.a(lib_a-s_fpclassify.o)
 .ARM.attributes
                0x000009f5       0x29 c:/dev/coide131/gcc/bin/../lib/gcc/arm-none-eabi/4.5.2/../../../../arm-none-eabi/lib/thumb2\libm.a(lib_a-s_lib_ver.o)
 .ARM.attributes
                0x00000a1e       0x29 c:/dev/coide131/gcc/bin/../lib/gcc/arm-none-eabi/4.5.2/../../../../arm-none-eabi/lib/thumb2\libm.a(lib_a-s_matherr.o)
 .ARM.attributes
                0x00000a47       0x29 c:/dev/coide131/gcc/bin/../lib/gcc/arm-none-eabi/4.5.2/../../../../arm-none-eabi/lib/thumb2\libm.a(lib_a-s_nan.o)
 .ARM.attributes
                0x00000a70       0x29 c:/dev/coide131/gcc/bin/../lib/gcc/arm-none-eabi/4.5.2/../../../../arm-none-eabi/lib/thumb2\libm.a(lib_a-s_rint.o)
 .ARM.attributes
                0x00000a99       0x29 c:/dev/coide131/gcc/bin/../lib/gcc/arm-none-eabi/4.5.2/../../../../arm-none-eabi/lib/thumb2\libm.a(lib_a-s_scalbn.o)
 .ARM.attributes
                0x00000ac2       0x29 c:/dev/coide131/gcc/bin/../lib/gcc/arm-none-eabi/4.5.2/../../../../arm-none-eabi/lib/thumb2\libm.a(lib_a-s_copysign.o)
 .ARM.attributes
                0x00000aeb       0x1b c:/dev/coide131/gcc/bin/../lib/gcc/arm-none-eabi/4.5.2/thumb2\libgcc.a(_arm_addsubdf3.o)
 .ARM.attributes
                0x00000b06       0x1b c:/dev/coide131/gcc/bin/../lib/gcc/arm-none-eabi/4.5.2/thumb2\libgcc.a(_arm_muldivdf3.o)
 .ARM.attributes
                0x00000b21       0x1b c:/dev/coide131/gcc/bin/../lib/gcc/arm-none-eabi/4.5.2/thumb2\libgcc.a(_arm_cmpdf2.o)
 .ARM.attributes
                0x00000b3c       0x1b c:/dev/coide131/gcc/bin/../lib/gcc/arm-none-eabi/4.5.2/thumb2\libgcc.a(_arm_fixdfsi.o)
 .ARM.attributes
                0x00000b57       0x1b c:/dev/coide131/gcc/bin/../lib/gcc/arm-none-eabi/4.5.2/thumb2\libgcc.a(_arm_fixunsdfsi.o)
 .ARM.attributes
                0x00000b72       0x1b c:/dev/coide131/gcc/bin/../lib/gcc/arm-none-eabi/4.5.2/thumb2\libgcc.a(_aeabi_uldivmod.o)
 .ARM.attributes
                0x00000b8d       0x29 c:/dev/coide131/gcc/bin/../lib/gcc/arm-none-eabi/4.5.2/thumb2\libgcc.a(bpabi.o)
 .ARM.attributes
                0x00000bb6       0x1b c:/dev/coide131/gcc/bin/../lib/gcc/arm-none-eabi/4.5.2/thumb2\libgcc.a(_dvmd_tls.o)
 .ARM.attributes
                0x00000bd1       0x29 c:/dev/coide131/gcc/bin/../lib/gcc/arm-none-eabi/4.5.2/thumb2\libgcc.a(_divdi3.o)
 .ARM.attributes
                0x00000bfa       0x29 c:/dev/coide131/gcc/bin/../lib/gcc/arm-none-eabi/4.5.2/thumb2\libgcc.a(_udivdi3.o)
 .ARM.attributes
                0x00000c23       0x1b c:/dev/coide131/gcc/bin/../lib/gcc/arm-none-eabi/4.5.2/thumb2\libgcc.a(_udivsi3.o)
 .ARM.attributes
                0x00000c3e       0x29 c:/dev/coide131/gcc/bin/../lib/gcc/arm-none-eabi/4.5.2/../../../../arm-none-eabi/lib/thumb2\libc.a(lib_a-errno.o)
 .ARM.attributes
                0x00000c67       0x29 c:/dev/coide131/gcc/bin/../lib/gcc/arm-none-eabi/4.5.2/../../../../arm-none-eabi/lib/thumb2\libc.a(lib_a-impure.o)
 .ARM.attributes
                0x00000c90       0x29 c:/dev/coide131/gcc/bin/../lib/gcc/arm-none-eabi/4.5.2/../../../../arm-none-eabi/lib/thumb2\libc.a(lib_a-memcpy.o)
 .ARM.attributes
                0x00000cb9       0x29 c:/dev/coide131/gcc/bin/../lib/gcc/arm-none-eabi/4.5.2/../../../../arm-none-eabi/lib/thumb2\libc.a(lib_a-memset.o)
 .ARM.attributes
                0x00000ce2       0x29 c:/dev/coide131/gcc/bin/../lib/gcc/arm-none-eabi/4.5.2/../../../../arm-none-eabi/lib/thumb2\libc.a(lib_a-strlen.o)

.debug_frame    0x00000000     0x319c
 .debug_frame   0x00000000       0x84 ..\obj\spi.o
 .debug_frame   0x00000084       0x84 ..\obj\kernelHeap.o
 .debug_frame   0x00000108      0x208 ..\obj\lpc17xx_timer.o
 .debug_frame   0x00000310       0xe8 ..\obj\core.o
 .debug_frame   0x000003f8      0x14c ..\obj\drv_buzz.o
 .debug_frame   0x00000544      0x280 ..\obj\core_cm3.o
 .debug_frame   0x000007c4      0x148 ..\obj\timer.o
 .debug_frame   0x0000090c      0x10c ..\obj\lpc17xx_clkpwr.o
 .debug_frame   0x00000a18       0x2c ..\obj\mdw_error.o
 .debug_frame   0x00000a44       0x48 ..\obj\utility.o
 .debug_frame   0x00000a8c       0x40 ..\obj\system_LPC17xx.o
 .debug_frame   0x00000acc      0x168 ..\obj\drv_led.o
 .debug_frame   0x00000c34      0x110 ..\obj\sdcard.o
 .debug_frame   0x00000d44      0x178 ..\obj\task.o
 .debug_frame   0x00000ebc       0xac ..\obj\diskio.o
 .debug_frame   0x00000f68      0x1ac ..\obj\lpc17xx_adc.o
 .debug_frame   0x00001114       0x50 ..\obj\serviceReq.o
 .debug_frame   0x00001164       0x68 ..\obj\main.o
 .debug_frame   0x000011cc      0x378 ..\obj\lpc17xx_gpio.o
 .debug_frame   0x00001544       0xd0 ..\obj\mbox.o
 .debug_frame   0x00001614       0x9c ..\obj\gpio.o
 .debug_frame   0x000016b0       0xb0 ..\obj\mm.o
 .debug_frame   0x00001760       0xe0 ..\obj\drv_sd.o
 .debug_frame   0x00001840       0x48 ..\obj\startup_LPC17xx.o
 .debug_frame   0x00001888       0x2c ..\obj\lpc17xx_libcfg_default.o
 .debug_frame   0x000018b4       0xfc ..\obj\time.o
 .debug_frame   0x000019b0       0xe8 ..\obj\event.o
 .debug_frame   0x00001a98       0xbc ..\obj\lpc17xx_pinsel.o
 .debug_frame   0x00001b54      0x108 ..\obj\syscalls.o
 .debug_frame   0x00001c5c       0xb0 ..\obj\port.o
 .debug_frame   0x00001d0c       0xd0 ..\obj\queue.o
 .debug_frame   0x00001ddc       0x90 ..\obj\mutex.o
 .debug_frame   0x00001e6c      0x184 ..\obj\flag.o
 .debug_frame   0x00001ff0      0x640 ..\obj\ff.o
 .debug_frame   0x00002630      0x168 ..\obj\drv_tch.o
 .debug_frame   0x00002798       0xf0 ..\obj\drv_userInt.o
 .debug_frame   0x00002888      0x21c ..\obj\drv_lcd.o
 .debug_frame   0x00002aa4       0x64 ..\obj\lpc17xx_nvic.o
 .debug_frame   0x00002b08       0x48 ..\obj\arch.o
 .debug_frame   0x00002b50      0x114 ..\obj\drv_pot.o
 .debug_frame   0x00002c64       0xbc ..\obj\mdw_log_debug.o
 .debug_frame   0x00002d20       0xd0 ..\obj\sem.o
 .debug_frame   0x00002df0       0x48 ..\obj\hook.o
 .debug_frame   0x00002e38       0x3c c:/dev/coide131/gcc/bin/../lib/gcc/arm-none-eabi/4.5.2/../../../../arm-none-eabi/lib/thumb2\libm.a(lib_a-w_pow.o)
 .debug_frame   0x00002e74       0x3c c:/dev/coide131/gcc/bin/../lib/gcc/arm-none-eabi/4.5.2/../../../../arm-none-eabi/lib/thumb2\libm.a(lib_a-e_pow.o)
 .debug_frame   0x00002eb0       0x34 c:/dev/coide131/gcc/bin/../lib/gcc/arm-none-eabi/4.5.2/../../../../arm-none-eabi/lib/thumb2\libm.a(lib_a-e_sqrt.o)
 .debug_frame   0x00002ee4       0x20 c:/dev/coide131/gcc/bin/../lib/gcc/arm-none-eabi/4.5.2/../../../../arm-none-eabi/lib/thumb2\libm.a(lib_a-s_fabs.o)
 .debug_frame   0x00002f04       0x20 c:/dev/coide131/gcc/bin/../lib/gcc/arm-none-eabi/4.5.2/../../../../arm-none-eabi/lib/thumb2\libm.a(lib_a-s_finite.o)
 .debug_frame   0x00002f24       0x28 c:/dev/coide131/gcc/bin/../lib/gcc/arm-none-eabi/4.5.2/../../../../arm-none-eabi/lib/thumb2\libm.a(lib_a-s_fpclassify.o)
 .debug_frame   0x00002f4c       0x20 c:/dev/coide131/gcc/bin/../lib/gcc/arm-none-eabi/4.5.2/../../../../arm-none-eabi/lib/thumb2\libm.a(lib_a-s_matherr.o)
 .debug_frame   0x00002f6c       0x20 c:/dev/coide131/gcc/bin/../lib/gcc/arm-none-eabi/4.5.2/../../../../arm-none-eabi/lib/thumb2\libm.a(lib_a-s_nan.o)
 .debug_frame   0x00002f8c       0x34 c:/dev/coide131/gcc/bin/../lib/gcc/arm-none-eabi/4.5.2/../../../../arm-none-eabi/lib/thumb2\libm.a(lib_a-s_rint.o)
 .debug_frame   0x00002fc0       0x30 c:/dev/coide131/gcc/bin/../lib/gcc/arm-none-eabi/4.5.2/../../../../arm-none-eabi/lib/thumb2\libm.a(lib_a-s_scalbn.o)
 .debug_frame   0x00002ff0       0x28 c:/dev/coide131/gcc/bin/../lib/gcc/arm-none-eabi/4.5.2/../../../../arm-none-eabi/lib/thumb2\libm.a(lib_a-s_copysign.o)
 .debug_frame   0x00003018       0x50 c:/dev/coide131/gcc/bin/../lib/gcc/arm-none-eabi/4.5.2/thumb2\libgcc.a(bpabi.o)
 .debug_frame   0x00003068       0x3c c:/dev/coide131/gcc/bin/../lib/gcc/arm-none-eabi/4.5.2/thumb2\libgcc.a(_divdi3.o)
 .debug_frame   0x000030a4       0x3c c:/dev/coide131/gcc/bin/../lib/gcc/arm-none-eabi/4.5.2/thumb2\libgcc.a(_udivdi3.o)
 .debug_frame   0x000030e0       0x20 c:/dev/coide131/gcc/bin/../lib/gcc/arm-none-eabi/4.5.2/thumb2\libgcc.a(_udivsi3.o)
 .debug_frame   0x00003100       0x20 c:/dev/coide131/gcc/bin/../lib/gcc/arm-none-eabi/4.5.2/../../../../arm-none-eabi/lib/thumb2\libc.a(lib_a-errno.o)
 .debug_frame   0x00003120       0x30 c:/dev/coide131/gcc/bin/../lib/gcc/arm-none-eabi/4.5.2/../../../../arm-none-eabi/lib/thumb2\libc.a(lib_a-memcpy.o)
 .debug_frame   0x00003150       0x2c c:/dev/coide131/gcc/bin/../lib/gcc/arm-none-eabi/4.5.2/../../../../arm-none-eabi/lib/thumb2\libc.a(lib_a-memset.o)
 .debug_frame   0x0000317c       0x20 c:/dev/coide131/gcc/bin/../lib/gcc/arm-none-eabi/4.5.2/../../../../arm-none-eabi/lib/thumb2\libc.a(lib_a-strlen.o)
