Archive member included because of file (symbol)

c:/dev/coide131/gcc/bin/../lib/gcc/arm-none-eabi/4.5.2/../../../../arm-none-eabi/lib/thumb2\libm.a(lib_a-w_pow.o)
                              ..\obj\drv_led.o (pow)
c:/dev/coide131/gcc/bin/../lib/gcc/arm-none-eabi/4.5.2/../../../../arm-none-eabi/lib/thumb2\libm.a(lib_a-e_pow.o)
                              c:/dev/coide131/gcc/bin/../lib/gcc/arm-none-eabi/4.5.2/../../../../arm-none-eabi/lib/thumb2\libm.a(lib_a-w_pow.o) (__ieee754_pow)
c:/dev/coide131/gcc/bin/../lib/gcc/arm-none-eabi/4.5.2/../../../../arm-none-eabi/lib/thumb2\libm.a(lib_a-e_sqrt.o)
                              c:/dev/coide131/gcc/bin/../lib/gcc/arm-none-eabi/4.5.2/../../../../arm-none-eabi/lib/thumb2\libm.a(lib_a-e_pow.o) (__ieee754_sqrt)
c:/dev/coide131/gcc/bin/../lib/gcc/arm-none-eabi/4.5.2/../../../../arm-none-eabi/lib/thumb2\libm.a(lib_a-s_fabs.o)
                              c:/dev/coide131/gcc/bin/../lib/gcc/arm-none-eabi/4.5.2/../../../../arm-none-eabi/lib/thumb2\libm.a(lib_a-e_pow.o) (fabs)
c:/dev/coide131/gcc/bin/../lib/gcc/arm-none-eabi/4.5.2/../../../../arm-none-eabi/lib/thumb2\libm.a(lib_a-s_finite.o)
                              c:/dev/coide131/gcc/bin/../lib/gcc/arm-none-eabi/4.5.2/../../../../arm-none-eabi/lib/thumb2\libm.a(lib_a-w_pow.o) (finite)
c:/dev/coide131/gcc/bin/../lib/gcc/arm-none-eabi/4.5.2/../../../../arm-none-eabi/lib/thumb2\libm.a(lib_a-s_fpclassify.o)
                              c:/dev/coide131/gcc/bin/../lib/gcc/arm-none-eabi/4.5.2/../../../../arm-none-eabi/lib/thumb2\libm.a(lib_a-w_pow.o) (__fpclassifyd)
c:/dev/coide131/gcc/bin/../lib/gcc/arm-none-eabi/4.5.2/../../../../arm-none-eabi/lib/thumb2\libm.a(lib_a-s_lib_ver.o)
                              c:/dev/coide131/gcc/bin/../lib/gcc/arm-none-eabi/4.5.2/../../../../arm-none-eabi/lib/thumb2\libm.a(lib_a-w_pow.o) (__fdlib_version)
c:/dev/coide131/gcc/bin/../lib/gcc/arm-none-eabi/4.5.2/../../../../arm-none-eabi/lib/thumb2\libm.a(lib_a-s_matherr.o)
                              c:/dev/coide131/gcc/bin/../lib/gcc/arm-none-eabi/4.5.2/../../../../arm-none-eabi/lib/thumb2\libm.a(lib_a-w_pow.o) (matherr)
c:/dev/coide131/gcc/bin/../lib/gcc/arm-none-eabi/4.5.2/../../../../arm-none-eabi/lib/thumb2\libm.a(lib_a-s_nan.o)
                              c:/dev/coide131/gcc/bin/../lib/gcc/arm-none-eabi/4.5.2/../../../../arm-none-eabi/lib/thumb2\libm.a(lib_a-e_pow.o) (nan)
c:/dev/coide131/gcc/bin/../lib/gcc/arm-none-eabi/4.5.2/../../../../arm-none-eabi/lib/thumb2\libm.a(lib_a-s_rint.o)
                              c:/dev/coide131/gcc/bin/../lib/gcc/arm-none-eabi/4.5.2/../../../../arm-none-eabi/lib/thumb2\libm.a(lib_a-w_pow.o) (rint)
c:/dev/coide131/gcc/bin/../lib/gcc/arm-none-eabi/4.5.2/../../../../arm-none-eabi/lib/thumb2\libm.a(lib_a-s_scalbn.o)
                              c:/dev/coide131/gcc/bin/../lib/gcc/arm-none-eabi/4.5.2/../../../../arm-none-eabi/lib/thumb2\libm.a(lib_a-e_pow.o) (scalbn)
c:/dev/coide131/gcc/bin/../lib/gcc/arm-none-eabi/4.5.2/../../../../arm-none-eabi/lib/thumb2\libm.a(lib_a-s_copysign.o)
                              c:/dev/coide131/gcc/bin/../lib/gcc/arm-none-eabi/4.5.2/../../../../arm-none-eabi/lib/thumb2\libm.a(lib_a-s_scalbn.o) (copysign)
c:/dev/coide131/gcc/bin/../lib/gcc/arm-none-eabi/4.5.2/thumb2\libgcc.a(_arm_addsubdf3.o)
                              ..\obj\drv_led.o (__aeabi_dsub)
c:/dev/coide131/gcc/bin/../lib/gcc/arm-none-eabi/4.5.2/thumb2\libgcc.a(_arm_muldivdf3.o)
                              c:/dev/coide131/gcc/bin/../lib/gcc/arm-none-eabi/4.5.2/../../../../arm-none-eabi/lib/thumb2\libm.a(lib_a-w_pow.o) (__aeabi_dmul)
c:/dev/coide131/gcc/bin/../lib/gcc/arm-none-eabi/4.5.2/thumb2\libgcc.a(_arm_cmpdf2.o)
                              c:/dev/coide131/gcc/bin/../lib/gcc/arm-none-eabi/4.5.2/../../../../arm-none-eabi/lib/thumb2\libm.a(lib_a-w_pow.o) (__aeabi_dcmpeq)
c:/dev/coide131/gcc/bin/../lib/gcc/arm-none-eabi/4.5.2/thumb2\libgcc.a(_arm_fixdfsi.o)
                              ..\obj\drv_lcd.o (__aeabi_d2iz)
c:/dev/coide131/gcc/bin/../lib/gcc/arm-none-eabi/4.5.2/thumb2\libgcc.a(_arm_fixunsdfsi.o)
                              ..\obj\drv_led.o (__aeabi_d2uiz)
c:/dev/coide131/gcc/bin/../lib/gcc/arm-none-eabi/4.5.2/thumb2\libgcc.a(_aeabi_uldivmod.o)
                              ..\obj\lpc17xx_timer.o (__aeabi_uldivmod)
c:/dev/coide131/gcc/bin/../lib/gcc/arm-none-eabi/4.5.2/thumb2\libgcc.a(bpabi.o)
                              c:/dev/coide131/gcc/bin/../lib/gcc/arm-none-eabi/4.5.2/thumb2\libgcc.a(_aeabi_uldivmod.o) (__gnu_uldivmod_helper)
c:/dev/coide131/gcc/bin/../lib/gcc/arm-none-eabi/4.5.2/thumb2\libgcc.a(_dvmd_tls.o)
                              c:/dev/coide131/gcc/bin/../lib/gcc/arm-none-eabi/4.5.2/thumb2\libgcc.a(_aeabi_uldivmod.o) (__aeabi_ldiv0)
c:/dev/coide131/gcc/bin/../lib/gcc/arm-none-eabi/4.5.2/thumb2\libgcc.a(_divdi3.o)
                              c:/dev/coide131/gcc/bin/../lib/gcc/arm-none-eabi/4.5.2/thumb2\libgcc.a(bpabi.o) (__divdi3)
[...]
Memory Configuration

Name             Origin             Length             Attributes
rom              0x00000000         0x00080000         xr
ram              0x10000000         0x00008000         xrw
ram1             0x2007c000         0x00008000         xrw
*default*        0x00000000         0xffffffff

Linker script and memory map

                0x10008000                _eram = 0x10008000

.text           0x00000000     0xab7c
 *(.isr_vector .isr_vector.*)
 .isr_vector    0x00000000       0xcc ..\obj\startup_LPC17xx.o
                0x00000000                g_pfnVectors
 *(.text .text.* .gnu.linkonce.t.*)
 .text.CoCreateKheap
                0x000000cc       0x4c ..\obj\kernelHeap.o
                0x000000cc                CoCreateKheap
 .text.TIM_ClearIntPending
                0x00000118       0x90 ..\obj\lpc17xx_timer.o
                0x00000118                TIM_ClearIntPending
 .text.CoEnterISR
                0x000001a8       0x10 ..\obj\core.o
                0x000001a8                CoEnterISR
 .text.CoExitISR
                0x000001b8       0x50 ..\obj\core.o
                0x000001b8                CoExitISR
 .text.OsSchedUnlock
                0x00000208       0x50 ..\obj\core.o
                0x00000208                OsSchedUnlock
 .text.CoInitOS
                0x00000258       0x84 ..\obj\core.o
                0x00000258                CoInitOS
 .text.CoStartOS
                0x000002dc       0x38 ..\obj\core.o
                0x000002dc                CoStartOS
 .text.drv_buzz_load
                0x00000314       0x40 ..\obj\drv_buzz.o
                0x00000314                drv_buzz_load
 .text.drv_buzz_open
                0x00000354        0xc ..\obj\drv_buzz.o
                0x00000354                drv_buzz_open
 .text.TIMER0_IRQHandler
                0x00000360       0x4c ..\obj\drv_buzz.o
                0x00000360                TIMER0_IRQHandler
 .text.InsertTmrList
                0x000003ac      0x248 ..\obj\timer.o
 .text.RemoveTmrList
                0x000005f4       0xec ..\obj\timer.o
 .text.TmrDispose
                0x000006e0       0x7c ..\obj\timer.o
                0x000006e0                TmrDispose
 .text.isr_TmrDispose
                0x0000075c       0x34 ..\obj\timer.o
                0x0000075c                isr_TmrDispose
 .text.CLKPWR_GetPCLKSEL
                0x00000790       0x4c ..\obj\lpc17xx_clkpwr.o
                0x00000790                CLKPWR_GetPCLKSEL
 .text.CLKPWR_GetPCLK
                0x000007dc       0x70 ..\obj\lpc17xx_clkpwr.o
                0x000007dc                CLKPWR_GetPCLK
 .text.CLKPWR_ConfigPPWR
                0x0000084c       0x60 ..\obj\lpc17xx_clkpwr.o
                0x0000084c                CLKPWR_ConfigPPWR
 .text.mdw_log_error
                0x000008ac       0x14 ..\obj\mdw_error.o
                0x000008ac                mdw_log_error
 .text.SystemInit
                0x000008c0      0x180 ..\obj\system_LPC17xx.o
                0x000008c0                SystemInit
 .text.drv_led_load
                0x00000a40       0x40 ..\obj\drv_led.o
                0x00000a40                drv_led_load
 .text.drv_led_open
                0x00000a80       0x4c ..\obj\drv_led.o
                0x00000a80                drv_led_open
 .text.drv_led_start
                0x00000acc       0x74 ..\obj\drv_led.o
                0x00000acc                drv_led_start
 .text.drv_led_stop
                0x00000b40       0x4c ..\obj\drv_led.o
                0x00000b40                drv_led_stop
 .text.drv_led_speed
                0x00000b8c       0x34 ..\obj\drv_led.o
                0x00000b8c                drv_led_speed
 .text.drv_led_set
                0x00000bc0       0x20 ..\obj\drv_led.o
                0x00000bc0                drv_led_set
 .text.drv_led_clear
                0x00000be0       0x20 ..\obj\drv_led.o
                0x00000be0                drv_led_clear
 .text.led_task
                0x00000c00       0xe8 ..\obj\drv_led.o
 .text.CreateTCBList
                0x00000ce8       0x74 ..\obj\task.o
                0x00000ce8                CreateTCBList
 .text.InsertToTCBRdyList
                0x00000d5c      0x108 ..\obj\task.o
                0x00000d5c                InsertToTCBRdyList
 .text.RemoveFromTCBRdyList
                0x00000e64       0x94 ..\obj\task.o
                0x00000e64                RemoveFromTCBRdyList
 .text.CoSetPriority
                0x00000ef8      0x1dc ..\obj\task.o
                0x00000ef8                CoSetPriority
 .text.Schedule
                0x000010d4      0x164 ..\obj\task.o
                0x000010d4                Schedule
 .text.AssignTCB
                0x00001238       0x50 ..\obj\task.o
 .text.CreateTask
                0x00001288      0x14c ..\obj\task.o
                0x00001288                CreateTask
 .text.CoDelTask
                0x000013d4      0x12c ..\obj\task.o
                0x000013d4                CoDelTask
 .text.ADC_Init
                0x00001500       0x98 ..\obj\lpc17xx_adc.o
                0x00001500                ADC_Init
 .text.ADC_StartCmd
                0x00001598       0x84 ..\obj\lpc17xx_adc.o
                0x00001598                ADC_StartCmd
 .text.ADC_IntConfig
                0x0000161c       0xa4 ..\obj\lpc17xx_adc.o
                0x0000161c                ADC_IntConfig
 .text.ADC_ChannelCmd
                0x000016c0       0x68 ..\obj\lpc17xx_adc.o
                0x000016c0                ADC_ChannelCmd
 .text.ADC_ChannelGetData
                0x00001728       0x54 ..\obj\lpc17xx_adc.o
                0x00001728                ADC_ChannelGetData
 .text.ADC_ChannelGetStatus
                0x0000177c       0x84 ..\obj\lpc17xx_adc.o
                0x0000177c                ADC_ChannelGetStatus
 .text.InsertInSRQ
                0x00001800       0xa0 ..\obj\serviceReq.o
                0x00001800                InsertInSRQ
 .text.RespondSRQ
                0x000018a0      0x11c ..\obj\serviceReq.o
                0x000018a0                RespondSRQ
 .text.main     0x000019bc       0x74 ..\obj\main.o
                0x000019bc                main
 .text.main_task
                0x00001a30       0x78 ..\obj\main.o
 .text.button_interrupt
                0x00001aa8       0x1c ..\obj\main.o
 .text.CoPostMail
                0x00001ac4       0x84 ..\obj\mbox.o
                0x00001ac4                CoPostMail
 .text.drv_sd_load
                0x00001b48        0xc ..\obj\drv_sd.o
                0x00001b48                drv_sd_load
 .text.Default_Reset_Handler
                0x00001b54       0x68 ..\obj\startup_LPC17xx.o
                0x00001b54                Default_Reset_Handler
                0x00001b54                Reset_Handler
 .text.Default_Handler
                0x00001bbc        0x8 ..\obj\startup_LPC17xx.o
                0x00001bbc                TIMER2_IRQHandler
                0x00001bbc                DebugMon_Handler
                0x00001bbc                RIT_IRQHandler
                0x00001bbc                I2C0_IRQHandler
                0x00001bbc                HardFault_Handler
                0x00001bbc                USBActivity_IRQHandler
                0x00001bbc                PWM1_IRQHandler
                0x00001bbc                NMI_Handler
                0x00001bbc                I2C1_IRQHandler
                0x00001bbc                EINT2_IRQHandler
                0x00001bbc                UART1_IRQHandler
                0x00001bbc                EINT3_IRQHandler
                0x00001bbc                CANActivity_IRQHandler
                0x00001bbc                TIMER3_IRQHandler
                0x00001bbc                UART0_IRQHandler
                0x00001bbc                UsageFault_Handler
                0x00001bbc                PLL0_IRQHandler
                0x00001bbc                CAN_IRQHandler
                0x00001bbc                PLL1_IRQHandler
                0x00001bbc                SSP0_IRQHandler
                0x00001bbc                I2S_IRQHandler
                0x00001bbc                I2C2_IRQHandler
                0x00001bbc                RTC_IRQHandler
                0x00001bbc                SPI_IRQHandler
                0x00001bbc                EINT1_IRQHandler
                0x00001bbc                TIMER1_IRQHandler
                0x00001bbc                UART2_IRQHandler
                0x00001bbc                SSP1_IRQHandler
                0x00001bbc                USB_IRQHandler
                0x00001bbc                BOD_IRQHandler
                0x00001bbc                MemManage_Handler
                0x00001bbc                WDT_IRQHandler
                0x00001bbc                SVC_Handler
                0x00001bbc                QEI_IRQHandler
                0x00001bbc                DMA_IRQHandler
                0x00001bbc                BusFault_Handler
                0x00001bbc                UART3_IRQHandler
                0x00001bbc                MCPWM_IRQHandler
                0x00001bbc                ENET_IRQHandler
 .text.check_failed
                0x00001bc4        0xc ..\obj\lpc17xx_libcfg_default.o
                0x00001bc4                check_failed
 .text.InsertDelayList
                0x00001bd0       0xf4 ..\obj\time.o
                0x00001bd0                InsertDelayList
 .text.RemoveDelayList
                0x00001cc4       0xc0 ..\obj\time.o
                0x00001cc4                RemoveDelayList
 .text.CoTickDelay
                0x00001d84       0x7c ..\obj\time.o
                0x00001d84                CoTickDelay
 .text.CoTimeDelay
                0x00001e00       0xb4 ..\obj\time.o
                0x00001e00                CoTimeDelay
 .text.TimeDispose
                0x00001eb4       0x7c ..\obj\time.o
                0x00001eb4                TimeDispose
 .text.isr_TimeDispose
                0x00001f30       0x34 ..\obj\time.o
                0x00001f30                isr_TimeDispose
 .text.CreateEventList
                0x00001f64       0x88 ..\obj\event.o
                0x00001f64                CreateEventList
 .text.EventTaskToWait
                0x00001fec      0x10c ..\obj\event.o
                0x00001fec                EventTaskToWait
 .text.EventTaskToRdy
                0x000020f8      0x128 ..\obj\event.o
                0x000020f8                EventTaskToRdy
 .text.RemoveEventWaittingList
                0x00002220       0xac ..\obj\event.o
                0x00002220                RemoveEventWaittingList
 .text.set_PinFunc
                0x000022cc       0x9c ..\obj\lpc17xx_pinsel.o
 .text.set_ResistorMode
                0x00002368       0x9c ..\obj\lpc17xx_pinsel.o
 .text.set_OpenDrainMode
                0x00002404       0x7c ..\obj\lpc17xx_pinsel.o
 .text.PINSEL_ConfigPin
                0x00002480       0x54 ..\obj\lpc17xx_pinsel.o
                0x00002480                PINSEL_ConfigPin
 .text.Inc8     0x000024d4       0x34 ..\obj\port.o
                0x000024d4                Inc8
 .text.Dec8     0x00002508       0x30 ..\obj\port.o
                0x00002508                Dec8
 .text.IRQ_ENABLE_RESTORE
                0x00002538        0xc ..\obj\port.o
                0x00002538                IRQ_ENABLE_RESTORE
 .text.IRQ_DISABLE_SAVE
                0x00002544        0xc ..\obj\port.o
                0x00002544                IRQ_DISABLE_SAVE
 .text.SetEnvironment
                0x00002550        0xc ..\obj\port.o
                0x00002550                SetEnvironment
 .text.SwitchContext
                0x0000255c       0x14 ..\obj\port.o
                0x0000255c                SwitchContext
 .text.PendSV_Handler
                0x00002570       0x3c ..\obj\port.o
                0x00002570                PendSV_Handler
 .text.CoPostQueueMail
                0x000025ac       0xc4 ..\obj\queue.o
                0x000025ac                CoPostQueueMail
 .text.CoCreateMutex
                0x00002670       0x8c ..\obj\mutex.o
                0x00002670                CoCreateMutex
 .text.CoEnterMutexSection
                0x000026fc      0x198 ..\obj\mutex.o
                0x000026fc                CoEnterMutexSection
 .text.CoLeaveMutexSection
                0x00002894      0x14c ..\obj\mutex.o
                0x00002894                CoLeaveMutexSection
 .text.RemoveMutexList
                0x000029e0      0x108 ..\obj\mutex.o
                0x000029e0                RemoveMutexList
 .text.CoCreateFlag
                0x00002ae8       0xa4 ..\obj\flag.o
                0x00002ae8                CoCreateFlag
 .text.CoWaitForSingleFlag
                0x00002b8c      0x1b4 ..\obj\flag.o
                0x00002b8c                CoWaitForSingleFlag
 .text.CoSetFlag
                0x00002d40      0x118 ..\obj\flag.o
                0x00002d40                CoSetFlag
 .text.isr_SetFlag
                0x00002e58       0x50 ..\obj\flag.o
                0x00002e58                isr_SetFlag
 .text.FlagBlock
                0x00002ea8       0x80 ..\obj\flag.o
 .text.RemoveFromLink
                0x00002f28       0x58 ..\obj\flag.o
 .text.RemoveLinkNode
                0x00002f80       0x90 ..\obj\flag.o
                0x00002f80                RemoveLinkNode
 .text.drv_tcs_load
                0x00003010       0xc8 ..\obj\drv_tch.o
                0x00003010                drv_tcs_load
 .text.drv_tcs_open
                0x000030d8        0xc ..\obj\drv_tch.o
                0x000030d8                drv_tcs_open
 .text.TCS_SPI_Write
                0x000030e4       0x34 ..\obj\drv_tch.o
 .text.TCS_SPI_Read_Hor
                0x00003118       0xec ..\obj\drv_tch.o
 .text.TCS_Average_X_Y
                0x00003204      0x1b0 ..\obj\drv_tch.o
 .text.drv_tcs_get_point
                0x000033b4      0x1d0 ..\obj\drv_tch.o
                0x000033b4                drv_tcs_get_point
 .text.drv_tcs_get_status_touch
                0x00003584       0x34 ..\obj\drv_tch.o
                0x00003584                drv_tcs_get_status_touch
 .text.NVIC_EnableIRQ
                0x000035b8       0x34 ..\obj\drv_userInt.o
 .text.NVIC_ClearPendingIRQ
                0x000035ec       0x38 ..\obj\drv_userInt.o
 .text.NVIC_SetPriority
                0x00003624       0x58 ..\obj\drv_userInt.o
 .text.drv_usr_int_load
                0x0000367c       0x58 ..\obj\drv_userInt.o
                0x0000367c                drv_usr_int_load
 .text.drv_usr_int_open
                0x000036d4       0x44 ..\obj\drv_userInt.o
                0x000036d4                drv_usr_int_open
 .text.EINT0_IRQHandler
                0x00003718       0x28 ..\obj\drv_userInt.o
                0x00003718                EINT0_IRQHandler
 .text.drv_lcd_load
                0x00003740       0xe4 ..\obj\drv_lcd.o
                0x00003740                drv_lcd_load
 .text.drv_lcd_open
                0x00003824      0x28c ..\obj\drv_lcd.o
                0x00003824                drv_lcd_open
 .text.drv_lcd_bg_color
                0x00003ab0       0x5c ..\obj\drv_lcd.o
                0x00003ab0                drv_lcd_bg_color
 .text.drv_lcd_plot_dot_hor
                0x00003b0c       0x40 ..\obj\drv_lcd.o
                0x00003b0c                drv_lcd_plot_dot_hor
 .text.drv_lcd_text_7x11_hor
                0x00003b4c      0x20c ..\obj\drv_lcd.o
                0x00003b4c                drv_lcd_text_7x11_hor
 .text.drv_lcd_printStr_hor
                0x00003d58       0x54 ..\obj\drv_lcd.o
                0x00003d58                drv_lcd_printStr_hor
 .text.drv_lcd_line
                0x00003dac      0x21c ..\obj\drv_lcd.o
                0x00003dac                drv_lcd_line
 .text.drv_lcd_rectan
                0x00003fc8      0x104 ..\obj\drv_lcd.o
                0x00003fc8                drv_lcd_rectan
 .text.drv_lcd_plot_picture_hor
                0x000040cc       0xc4 ..\obj\drv_lcd.o
                0x000040cc                drv_lcd_plot_picture_hor
 .text.delay_ms
                0x00004190       0x24 ..\obj\drv_lcd.o
 .text.GLCD_SPI_Read_Write
                0x000041b4       0x34 ..\obj\drv_lcd.o
 .text.GLCD_Write_Command
                0x000041e8       0x48 ..\obj\drv_lcd.o
 .text.GLCD_Write_Data
                0x00004230       0x4c ..\obj\drv_lcd.o
 .text.InitTaskContext
                0x0000427c       0x5c ..\obj\arch.o
                0x0000427c                InitTaskContext
 .text.SysTick_Handler
                0x000042d8       0xac ..\obj\arch.o
                0x000042d8                SysTick_Handler
 .text.NVIC_EnableIRQ
                0x00004384       0x34 ..\obj\drv_pot.o
 .text.NVIC_DisableIRQ
                0x000043b8       0x38 ..\obj\drv_pot.o
 .text.NVIC_SetPriority
                0x000043f0       0x58 ..\obj\drv_pot.o
 .text.drv_pot_load
                0x00004448       0x34 ..\obj\drv_pot.o
                0x00004448                drv_pot_load
 .text.drv_pot_open
                0x0000447c       0x80 ..\obj\drv_pot.o
                0x0000447c                drv_pot_open
 .text.drv_pot_getValue
                0x000044fc       0x4c ..\obj\drv_pot.o
                0x000044fc                drv_pot_getValue
 .text.ADC_IRQHandler
                0x00004548       0x54 ..\obj\drv_pot.o
                0x00004548                ADC_IRQHandler
 .text.mdw_log_load
                0x0000459c        0xc ..\obj\mdw_log_debug.o
                0x0000459c                mdw_log_load
 .text.mdw_log_open
                0x000045a8      0x110 ..\obj\mdw_log_debug.o
                0x000045a8                mdw_log_open
 .text.mdw_log_debug
                0x000046b8       0x90 ..\obj\mdw_log_debug.o
                0x000046b8                mdw_log_debug
 .text.log_touch_task
                0x00004748      0x244 ..\obj\mdw_log_debug.o
 .text.CoPostSem
                0x0000498c       0x88 ..\obj\sem.o
                0x0000498c                CoPostSem
 .text.CoIdleTask
                0x00004a14        0xc ..\obj\hook.o
                0x00004a14                CoIdleTask
 .text.CoStkOverflowHook
                0x00004a20        0xc ..\obj\hook.o
                0x00004a20                CoStkOverflowHook
 .text          0x00004a2c      0x348 c:/dev/coide131/gcc/bin/../lib/gcc/arm-none-eabi/4.5.2/../../../../arm-none-eabi/lib/thumb2\libm.a(lib_a-w_pow.o)
                0x00004a2c                pow
 *fill*         0x00004d74        0x4 00
 .text          0x00004d78      0xb50 c:/dev/coide131/gcc/bin/../lib/gcc/arm-none-eabi/4.5.2/../../../../arm-none-eabi/lib/thumb2\libm.a(lib_a-e_pow.o)
                0x00004d78                __ieee754_pow
 .text          0x000058c8      0x1c0 c:/dev/coide131/gcc/bin/../lib/gcc/arm-none-eabi/4.5.2/../../../../arm-none-eabi/lib/thumb2\libm.a(lib_a-e_sqrt.o)
                0x000058c8                __ieee754_sqrt
 .text          0x00005a88        0x8 c:/dev/coide131/gcc/bin/../lib/gcc/arm-none-eabi/4.5.2/../../../../arm-none-eabi/lib/thumb2\libm.a(lib_a-s_fabs.o)
                0x00005a88                fabs
 .text          0x00005a90       0x10 c:/dev/coide131/gcc/bin/../lib/gcc/arm-none-eabi/4.5.2/../../../../arm-none-eabi/lib/thumb2\libm.a(lib_a-s_finite.o)
                0x00005a90                finite
 .text          0x00005aa0       0x90 c:/dev/coide131/gcc/bin/../lib/gcc/arm-none-eabi/4.5.2/../../../../arm-none-eabi/lib/thumb2\libm.a(lib_a-s_fpclassify.o)
                0x00005aa0                __fpclassifyd
 .text          0x00005b30        0x4 c:/dev/coide131/gcc/bin/../lib/gcc/arm-none-eabi/4.5.2/../../../../arm-none-eabi/lib/thumb2\libm.a(lib_a-s_matherr.o)
                0x00005b30                matherr
 .text          0x00005b34        0xc c:/dev/coide131/gcc/bin/../lib/gcc/arm-none-eabi/4.5.2/../../../../arm-none-eabi/lib/thumb2\libm.a(lib_a-s_nan.o)
                0x00005b34                nan
 .text          0x00005b40      0x13c c:/dev/coide131/gcc/bin/../lib/gcc/arm-none-eabi/4.5.2/../../../../arm-none-eabi/lib/thumb2\libm.a(lib_a-s_rint.o)
                0x00005b40                rint
 *fill*         0x00005c7c        0x4 00
 .text          0x00005c80      0x108 c:/dev/coide131/gcc/bin/../lib/gcc/arm-none-eabi/4.5.2/../../../../arm-none-eabi/lib/thumb2\libm.a(lib_a-s_scalbn.o)
                0x00005c80                scalbn
 .text          0x00005d88       0x14 c:/dev/coide131/gcc/bin/../lib/gcc/arm-none-eabi/4.5.2/../../../../arm-none-eabi/lib/thumb2\libm.a(lib_a-s_copysign.o)
                0x00005d88                copysign
 .text          0x00005d9c      0x370 c:/dev/coide131/gcc/bin/../lib/gcc/arm-none-eabi/4.5.2/thumb2\libgcc.a(_arm_addsubdf3.o)
                0x00005d9c                __aeabi_drsub
                0x00005da4                __aeabi_dsub
                0x00005da4                __subdf3
                0x00005da8                __aeabi_dadd
                0x00005da8                __adddf3
                0x00006020                __floatunsidf
                0x00006020                __aeabi_ui2d
                0x00006040                __floatsidf
                0x00006040                __aeabi_i2d
                0x00006064                __aeabi_f2d
                0x00006064                __extendsfdf2
                0x000060a0                __floatundidf
                0x000060a0                __aeabi_ul2d
                0x000060b0                __floatdidf
                0x000060b0                __aeabi_l2d
 .text          0x0000610c      0x424 c:/dev/coide131/gcc/bin/../lib/gcc/arm-none-eabi/4.5.2/thumb2\libgcc.a(_arm_muldivdf3.o)
                0x0000610c                __aeabi_dmul
                0x0000610c                __muldf3
                0x00006360                __divdf3
                0x00006360                __aeabi_ddiv
 .text          0x00006530      0x110 c:/dev/coide131/gcc/bin/../lib/gcc/arm-none-eabi/4.5.2/thumb2\libgcc.a(_arm_cmpdf2.o)
                0x00006530                __gtdf2
                0x00006530                __gedf2
                0x00006538                __ltdf2
                0x00006538                __ledf2
                0x00006540                __nedf2
                0x00006540                __eqdf2
                0x00006540                __cmpdf2
                0x000065bc                __aeabi_cdrcmple
                0x000065cc                __aeabi_cdcmpeq
                0x000065cc                __aeabi_cdcmple
                0x000065dc                __aeabi_dcmpeq
                0x000065f0                __aeabi_dcmplt
                0x00006604                __aeabi_dcmple
                0x00006618                __aeabi_dcmpge
                0x0000662c                __aeabi_dcmpgt
 .text          0x00006640       0x50 c:/dev/coide131/gcc/bin/../lib/gcc/arm-none-eabi/4.5.2/thumb2\libgcc.a(_arm_fixdfsi.o)
                0x00006640                __aeabi_d2iz
                0x00006640                __fixdfsi
 .text          0x00006690       0x40 c:/dev/coide131/gcc/bin/../lib/gcc/arm-none-eabi/4.5.2/thumb2\libgcc.a(_arm_fixunsdfsi.o)
                0x00006690                __aeabi_d2uiz
                0x00006690                __fixunsdfsi
 .text          0x000066d0       0x2c c:/dev/coide131/gcc/bin/../lib/gcc/arm-none-eabi/4.5.2/thumb2\libgcc.a(_aeabi_uldivmod.o)
                0x000066d0                __aeabi_uldivmod
 .text          0x000066fc       0x60 c:/dev/coide131/gcc/bin/../lib/gcc/arm-none-eabi/4.5.2/thumb2\libgcc.a(bpabi.o)
                0x000066fc                __gnu_ldivmod_helper
                0x0000672c                __gnu_uldivmod_helper
 .text          0x0000675c        0x4 c:/dev/coide131/gcc/bin/../lib/gcc/arm-none-eabi/4.5.2/thumb2\libgcc.a(_dvmd_tls.o)
                0x0000675c                __aeabi_idiv0
                0x0000675c                __aeabi_ldiv0
 .text          0x00006760      0x360 c:/dev/coide131/gcc/bin/../lib/gcc/arm-none-eabi/4.5.2/thumb2\libgcc.a(_divdi3.o)
                0x00006760                __divdi3
 .text          0x00006ac0      0x308 c:/dev/coide131/gcc/bin/../lib/gcc/arm-none-eabi/4.5.2/thumb2\libgcc.a(_udivdi3.o)
                0x00006ac0                __udivdi3
 .text          0x00006dc8      0x278 c:/dev/coide131/gcc/bin/../lib/gcc/arm-none-eabi/4.5.2/thumb2\libgcc.a(_udivsi3.o)
                0x00006dc8                __aeabi_uidiv
                0x00006dc8                __udivsi3
                0x00007024                __aeabi_uidivmod
 .text          0x00007040        0xc c:/dev/coide131/gcc/bin/../lib/gcc/arm-none-eabi/4.5.2/../../../../arm-none-eabi/lib/thumb2\libc.a(lib_a-errno.o)
                0x00007040                __errno
 .text          0x0000704c      0x150 c:/dev/coide131/gcc/bin/../lib/gcc/arm-none-eabi/4.5.2/../../../../arm-none-eabi/lib/thumb2\libc.a(lib_a-memcpy.o)
                0x0000704c                memcpy
 .text          0x0000719c       0x60 c:/dev/coide131/gcc/bin/../lib/gcc/arm-none-eabi/4.5.2/../../../../arm-none-eabi/lib/thumb2\libc.a(lib_a-strlen.o)
                0x0000719c                strlen
 *(.glue_7t)
 .glue_7t       0x00000000        0x0 linker stubs
 *(.glue_7)
 .glue_7        0x00000000        0x0 linker stubs
 *(.rodata .rodata* .gnu.linkonce.r.*)
 .rodata        0x000071fc       0x48 ..\obj\lpc17xx_timer.o
 .rodata        0x00007244       0x6c ..\obj\drv_led.o
 .rodata        0x000072b0       0x48 ..\obj\lpc17xx_adc.o
 .rodata        0x000072f8       0x40 ..\obj\main.o
 .rodata        0x00007338      0x534 ..\obj\font.o
                0x00007338                ascii_7x11
 .rodata        0x0000786c       0x24 ..\obj\drv_pot.o
 .rodata        0x00007890       0x98 ..\obj\mdw_log_debug.o
 .rodata        0x00007928     0x3200 ..\obj\mdw_log_debug_image.o
                0x00007928                image
 .rodata.str1.4
                0x0000ab28        0x4 c:/dev/coide131/gcc/bin/../lib/gcc/arm-none-eabi/4.5.2/../../../../arm-none-eabi/lib/thumb2\libm.a(lib_a-w_pow.o)
 *fill*         0x0000ab2c        0x4 00
 .rodata        0x0000ab30       0x30 c:/dev/coide131/gcc/bin/../lib/gcc/arm-none-eabi/4.5.2/../../../../arm-none-eabi/lib/thumb2\libm.a(lib_a-e_pow.o)
 .rodata.str1.4
                0x0000ab60        0x1 c:/dev/coide131/gcc/bin/../lib/gcc/arm-none-eabi/4.5.2/../../../../arm-none-eabi/lib/thumb2\libm.a(lib_a-e_pow.o)
                                  0x4 (size before relaxing)
 *fill*         0x0000ab61        0x7 00
 .rodata        0x0000ab68       0x10 c:/dev/coide131/gcc/bin/../lib/gcc/arm-none-eabi/4.5.2/../../../../arm-none-eabi/lib/thumb2\libm.a(lib_a-s_rint.o)
 .rodata.str1.4
                0x0000ab78        0x4 c:/dev/coide131/gcc/bin/../lib/gcc/arm-none-eabi/4.5.2/../../../../arm-none-eabi/lib/thumb2\libc.a(lib_a-impure.o)

.vfp11_veneer   0x0000ab7c        0x0
 .vfp11_veneer  0x00000000        0x0 linker stubs

.v4_bx          0x0000ab7c        0x0
 .v4_bx         0x00000000        0x0 linker stubs

.ARM.extab
 *(.ARM.extab* .gnu.linkonce.armextab.*)

.ARM.exidx      0x0000ab7c        0x8
 *(.ARM.exidx* .gnu.linkonce.armexidx.*)
 .ARM.exidx     0x0000ab7c        0x8 c:/dev/coide131/gcc/bin/../lib/gcc/arm-none-eabi/4.5.2/thumb2\libgcc.a(_divdi3.o)
 .ARM.exidx     0x0000ab84        0x0 c:/dev/coide131/gcc/bin/../lib/gcc/arm-none-eabi/4.5.2/thumb2\libgcc.a(_udivdi3.o)
                                  0x8 (size before relaxing)
                0x0000ab84                . = ALIGN (0x4)
                0x0000ab84                _etext = .
                0x0000ab84                _sidata = .

.data           0x10000000      0x160 load address 0x0000ab84
                0x10000000                _sdata = .
 *(.data .data.*)
 .data          0x10000000        0x4 ..\obj\system_LPC17xx.o
                0x10000000                SystemCoreClock
 .data          0x10000004        0x4 ..\obj\drv_led.o
 .data          0x10000008        0xc ..\obj\port.o
                0x10000008                NVIC_INT_CTRL
                0x1000000c                NVIC_PENDSVSET
                0x10000010                INT_EXIT
 *fill*         0x10000014        0x4 00
 .data          0x10000018       0x50 ..\obj\drv_tch.o
 .data          0x10000068        0x1 c:/dev/coide131/gcc/bin/../lib/gcc/arm-none-eabi/4.5.2/../../../../arm-none-eabi/lib/thumb2\libm.a(lib_a-s_lib_ver.o)
                0x10000068                __fdlib_version
 *fill*         0x10000069        0x3 00
 .data          0x1000006c       0xf4 c:/dev/coide131/gcc/bin/../lib/gcc/arm-none-eabi/4.5.2/../../../../arm-none-eabi/lib/thumb2\libc.a(lib_a-impure.o)
                0x1000006c                _impure_ptr
                0x10000160                . = ALIGN (0x4)
                0x10000160                _edata = .

.bss            0x10000160     0x1150 load address 0x0000ace4
                0x10000160                _sbss = .
 *(.bss .bss.*)
 .bss           0x10000160       0xd4 ..\obj\kernelHeap.o
                0x10000160                KernelHeap
                0x10000228                FMBlist
                0x1000022c                Kheap
 .bss           0x10000234        0x3 ..\obj\core.o
                0x10000234                OSIntNesting
                0x10000235                OSSchedLock
                0x10000236                TaskSchedReq
 *fill*         0x10000237        0x1 00
 .bss           0x10000238        0x8 ..\obj\drv_buzz.o
 .bss           0x10000240       0x38 ..\obj\timer.o
                0x10000240                TmrTbl
                0x10000270                TmrList
                0x10000274                TmrIDVessel
 .bss           0x10000278      0x214 ..\obj\drv_led.o
 *fill*         0x1000048c        0x4 00
 .bss           0x10000490      0x188 ..\obj\task.o
                0x10000490                TCBTbl
                0x10000598                idle_stk
                0x100005fc                FreeTCB
                0x10000600                TCBRdy
                0x10000604                TCBNext
                0x10000608                TCBRunning
                0x10000610                OSCheckTime
 .bss           0x10000618       0x30 ..\obj\serviceReq.o
                0x10000618                ServiceReq
                0x10000644                IsrReq
                0x10000645                TimeReq
                0x10000646                TimerReq
 .bss           0x10000648      0x204 ..\obj\main.o
 .bss           0x1000084c        0x4 ..\obj\time.o
                0x1000084c                DlyList
 .bss           0x10000850      0x144 ..\obj\event.o
                0x10000850                EventTbl
                0x10000990                FreeEventList
 .bss           0x10000994       0x54 ..\obj\mutex.o
                0x10000994                MutexFreeID
                0x10000998                MutexTbl
 .bss           0x100009e8       0x14 ..\obj\flag.o
                0x100009e8                FlagCrl
 *fill*         0x100009fc        0x4 00
 .bss           0x10000a00      0x690 ..\obj\drv_tch.o
 .bss           0x10001090        0x4 ..\obj\drv_userInt.o
 *fill*         0x10001094        0x4 00
 .bss           0x10001098        0x8 ..\obj\arch.o
                0x10001098                OSTickCnt
 .bss           0x100010a0        0x4 ..\obj\drv_pot.o
                0x100010a0                adcValue
 .bss           0x100010a4      0x208 ..\obj\mdw_log_debug.o
 *(COMMON)
 COMMON         0x100012ac        0x1 ..\obj\drv_pot.o
                0x100012ac                adcDoneFlag
                0x100012b0                . = ALIGN (0x4)
 *fill*         0x100012ad        0x3 00
                0x100012b0                _ebss = .

.co_stack       0x100012b0      0x400 load address 0x0000be34
                0x100012b0                . = ALIGN (0x8)
 *(.co_stack .co_stack.*)
 .co_stack      0x100012b0      0x400 ..\obj\startup_LPC17xx.o
                0x100012b0                pulStack
                0x100016b0                . = ALIGN (0x4)
                0x100016b0                _end = .
LOAD ..\obj\spi.o
LOAD ..\obj\kernelHeap.o
LOAD ..\obj\lpc17xx_timer.o
LOAD ..\obj\core.o
LOAD ..\obj\drv_buzz.o
LOAD ..\obj\core_cm3.o
LOAD ..\obj\timer.o
LOAD ..\obj\lpc17xx_clkpwr.o
LOAD ..\obj\mdw_error.o
LOAD ..\obj\utility.o
LOAD ..\obj\system_LPC17xx.o
LOAD ..\obj\drv_led.o
LOAD ..\obj\sdcard.o
LOAD ..\obj\task.o
LOAD ..\obj\lpc17xx_adc.o
LOAD ..\obj\serviceReq.o
LOAD ..\obj\main.o
LOAD ..\obj\font.o
LOAD ..\obj\mbox.o
LOAD ..\obj\gpio.o
LOAD ..\obj\mm.o
LOAD ..\obj\drv_sd.o
LOAD ..\obj\startup_LPC17xx.o
LOAD ..\obj\lpc17xx_libcfg_default.o
LOAD ..\obj\time.o
LOAD ..\obj\event.o
LOAD ..\obj\lpc17xx_pinsel.o
LOAD ..\obj\syscalls.o
LOAD ..\obj\port.o
LOAD ..\obj\queue.o
LOAD ..\obj\mutex.o
LOAD ..\obj\flag.o
LOAD ..\obj\drv_tch.o
LOAD ..\obj\drv_userInt.o
LOAD ..\obj\drv_lcd.o
LOAD ..\obj\lpc17xx_nvic.o
LOAD ..\obj\arch.o
LOAD ..\obj\drv_pot.o
LOAD ..\obj\mdw_log_debug.o
LOAD ..\obj\sem.o
LOAD ..\obj\mdw_log_debug_image.o
LOAD ..\obj\hook.o
LOAD c:/dev/coide131/gcc/bin/../lib/gcc/arm-none-eabi/4.5.2/../../../../arm-none-eabi/lib/thumb2\libm.a
START GROUP
LOAD c:/dev/coide131/gcc/bin/../lib/gcc/arm-none-eabi/4.5.2/thumb2\libgcc.a
LOAD c:/dev/coide131/gcc/bin/../lib/gcc/arm-none-eabi/4.5.2/../../../../arm-none-eabi/lib/thumb2\libc.a
END GROUP
OUTPUT(project.elf elf32-littlearm)

.debug_abbrev   0x00000000     0x3052
 .debug_abbrev  0x00000000      0x157 ..\obj\spi.o
 .debug_abbrev  0x00000157      0x145 ..\obj\kernelHeap.o
 .debug_abbrev  0x0000029c      0x1b2 ..\obj\lpc17xx_timer.o
 .debug_abbrev  0x0000044e       0xd9 ..\obj\core.o
 .debug_abbrev  0x00000527      0x19e ..\obj\drv_buzz.o
 .debug_abbrev  0x000006c5       0xd5 ..\obj\core_cm3.o
 .debug_abbrev  0x0000079a      0x16b ..\obj\timer.o
 .debug_abbrev  0x00000905      0x170 ..\obj\lpc17xx_clkpwr.o
 .debug_abbrev  0x00000a75       0x6d ..\obj\mdw_error.o
 .debug_abbrev  0x00000ae2       0xaa ..\obj\utility.o
 .debug_abbrev  0x00000b8c       0xd7 ..\obj\system_LPC17xx.o
 .debug_abbrev  0x00000c63      0x169 ..\obj\drv_led.o
 .debug_abbrev  0x00000dcc      0x113 ..\obj\sdcard.o
 .debug_abbrev  0x00000edf      0x1c5 ..\obj\task.o
 .debug_abbrev  0x000010a4      0x13b ..\obj\lpc17xx_adc.o
 .debug_abbrev  0x000011df      0x121 ..\obj\serviceReq.o
 .debug_abbrev  0x00001300      0x169 ..\obj\main.o
 .debug_abbrev  0x00001469       0x47 ..\obj\font.o
 .debug_abbrev  0x000014b0      0x15b ..\obj\mbox.o
 .debug_abbrev  0x0000160b      0x130 ..\obj\gpio.o
 .debug_abbrev  0x0000173b      0x102 ..\obj\mm.o
 .debug_abbrev  0x0000183d       0x57 ..\obj\drv_sd.o
 .debug_abbrev  0x00001894       0xa3 ..\obj\startup_LPC17xx.o
 .debug_abbrev  0x00001937       0x66 ..\obj\lpc17xx_libcfg_default.o
 .debug_abbrev  0x0000199d      0x184 ..\obj\time.o
 .debug_abbrev  0x00001b21      0x196 ..\obj\event.o
 .debug_abbrev  0x00001cb7      0x11b ..\obj\lpc17xx_pinsel.o
 .debug_abbrev  0x00001dd2       0xde ..\obj\syscalls.o
 .debug_abbrev  0x00001eb0       0xf2 ..\obj\port.o
 .debug_abbrev  0x00001fa2      0x17b ..\obj\queue.o
 .debug_abbrev  0x0000211d      0x15b ..\obj\mutex.o
 .debug_abbrev  0x00002278      0x188 ..\obj\flag.o
 .debug_abbrev  0x00002400      0x207 ..\obj\drv_tch.o
 .debug_abbrev  0x00002607      0x13f ..\obj\drv_userInt.o
 .debug_abbrev  0x00002746      0x1f4 ..\obj\drv_lcd.o
 .debug_abbrev  0x0000293a       0xde ..\obj\lpc17xx_nvic.o
 .debug_abbrev  0x00002a18      0x10d ..\obj\arch.o
 .debug_abbrev  0x00002b25      0x1ab ..\obj\drv_pot.o
 .debug_abbrev  0x00002cd0      0x178 ..\obj\mdw_log_debug.o
 .debug_abbrev  0x00002e48      0x13d ..\obj\sem.o
 .debug_abbrev  0x00002f85       0x47 ..\obj\mdw_log_debug_image.o
 .debug_abbrev  0x00002fcc       0x86 ..\obj\hook.o

.debug_info     0x00000000     0xdd29
 .debug_info    0x00000000      0x8d2 ..\obj\spi.o
 .debug_info    0x000008d2      0x326 ..\obj\kernelHeap.o
 .debug_info    0x00000bf8      0x87e ..\obj\lpc17xx_timer.o
 .debug_info    0x00001476      0x378 ..\obj\core.o
 .debug_info    0x000017ee      0xd6b ..\obj\drv_buzz.o
 .debug_info    0x00002559      0x548 ..\obj\core_cm3.o
 .debug_info    0x00002aa1      0x448 ..\obj\timer.o
 .debug_info    0x00002ee9      0x667 ..\obj\lpc17xx_clkpwr.o
 .debug_info    0x00003550       0xb6 ..\obj\mdw_error.o
 .debug_info    0x00003606      0x16d ..\obj\utility.o
 .debug_info    0x00003773      0x4f9 ..\obj\system_LPC17xx.o
 .debug_info    0x00003c6c      0x88b ..\obj\drv_led.o
 .debug_info    0x000044f7      0x716 ..\obj\sdcard.o
 .debug_info    0x00004c0d      0x7e9 ..\obj\task.o
 .debug_info    0x000053f6      0x604 ..\obj\lpc17xx_adc.o
 .debug_info    0x000059fa      0x22e ..\obj\serviceReq.o
 .debug_info    0x00005c28      0x4c0 ..\obj\main.o
 .debug_info    0x000060e8       0x5d ..\obj\font.o
 .debug_info    0x00006145      0x48b ..\obj\mbox.o
 .debug_info    0x000065d0      0xb2e ..\obj\gpio.o
 .debug_info    0x000070fe      0x348 ..\obj\mm.o
 .debug_info    0x00007446       0xe1 ..\obj\drv_sd.o
 .debug_info    0x00007527      0x131 ..\obj\startup_LPC17xx.o
 .debug_info    0x00007658       0xc5 ..\obj\lpc17xx_libcfg_default.o
 .debug_info    0x0000771d      0x493 ..\obj\time.o
 .debug_info    0x00007bb0      0x53f ..\obj\event.o
 .debug_info    0x000080ef      0x4a6 ..\obj\lpc17xx_pinsel.o
 .debug_info    0x00008595      0x440 ..\obj\syscalls.o
 .debug_info    0x000089d5      0x1b0 ..\obj\port.o
 .debug_info    0x00008b85      0x5cd ..\obj\queue.o
 .debug_info    0x00009152      0x52e ..\obj\mutex.o
 .debug_info    0x00009680      0x6e0 ..\obj\flag.o
 .debug_info    0x00009d60      0xc54 ..\obj\drv_tch.o
 .debug_info    0x0000a9b4      0x8a9 ..\obj\drv_userInt.o
 .debug_info    0x0000b25d      0xf95 ..\obj\drv_lcd.o
 .debug_info    0x0000c1f2      0x3f1 ..\obj\lpc17xx_nvic.o
 .debug_info    0x0000c5e3      0x37d ..\obj\arch.o
 .debug_info    0x0000c960      0x87f ..\obj\drv_pot.o
 .debug_info    0x0000d1df      0x5e6 ..\obj\mdw_log_debug.o
 .debug_info    0x0000d7c5      0x44b ..\obj\sem.o
 .debug_info    0x0000dc10       0x58 ..\obj\mdw_log_debug_image.o
 .debug_info    0x0000dc68       0xc1 ..\obj\hook.o

.debug_line     0x00000000     0x4c6a
 .debug_line    0x00000000      0x1f8 ..\obj\spi.o
 .debug_line    0x000001f8      0x1b1 ..\obj\kernelHeap.o
 .debug_line    0x000003a9      0x508 ..\obj\lpc17xx_timer.o
 .debug_line    0x000008b1      0x123 ..\obj\core.o
 .debug_line    0x000009d4      0x283 ..\obj\drv_buzz.o
 .debug_line    0x00000c57      0x26a ..\obj\core_cm3.o
 .debug_line    0x00000ec1      0x1f6 ..\obj\timer.o
 .debug_line    0x000010b7      0x283 ..\obj\lpc17xx_clkpwr.o
 .debug_line    0x0000133a       0xb2 ..\obj\mdw_error.o
 .debug_line    0x000013ec       0x9b ..\obj\utility.o
 .debug_line    0x00001487      0x1dc ..\obj\system_LPC17xx.o
 .debug_line    0x00001663      0x29f ..\obj\drv_led.o
 .debug_line    0x00001902      0x243 ..\obj\sdcard.o
 .debug_line    0x00001b45      0x2e9 ..\obj\task.o
 .debug_line    0x00001e2e      0x38e ..\obj\lpc17xx_adc.o
 .debug_line    0x000021bc       0xd1 ..\obj\serviceReq.o
 .debug_line    0x0000228d      0x1e8 ..\obj\main.o
 .debug_line    0x00002475       0x53 ..\obj\font.o
 .debug_line    0x000024c8      0x136 ..\obj\mbox.o
 .debug_line    0x000025fe      0x1eb ..\obj\gpio.o
 .debug_line    0x000027e9      0x14a ..\obj\mm.o
 .debug_line    0x00002933       0xc7 ..\obj\drv_sd.o
 .debug_line    0x000029fa       0x9d ..\obj\startup_LPC17xx.o
 .debug_line    0x00002a97       0xe9 ..\obj\lpc17xx_libcfg_default.o
 .debug_line    0x00002b80      0x1e7 ..\obj\time.o
 .debug_line    0x00002d67      0x1ba ..\obj\event.o
 .debug_line    0x00002f21      0x228 ..\obj\lpc17xx_pinsel.o
 .debug_line    0x00003149      0x178 ..\obj\syscalls.o
 .debug_line    0x000032c1      0x120 ..\obj\port.o
 .debug_line    0x000033e1      0x179 ..\obj\queue.o
 .debug_line    0x0000355a      0x164 ..\obj\mutex.o
 .debug_line    0x000036be      0x265 ..\obj\flag.o
 .debug_line    0x00003923      0x2f2 ..\obj\drv_tch.o
 .debug_line    0x00003c15      0x256 ..\obj\drv_userInt.o
 .debug_line    0x00003e6b      0x4c9 ..\obj\drv_lcd.o
 .debug_line    0x00004334      0x167 ..\obj\lpc17xx_nvic.o
 .debug_line    0x0000449b       0xfa ..\obj\arch.o
 .debug_line    0x00004595      0x295 ..\obj\drv_pot.o
 .debug_line    0x0000482a      0x22b ..\obj\mdw_log_debug.o
 .debug_line    0x00004a55      0x12e ..\obj\sem.o
 .debug_line    0x00004b83       0x5e ..\obj\mdw_log_debug_image.o
 .debug_line    0x00004be1       0x89 ..\obj\hook.o

.debug_loc      0x00000000     0x3a04
 .debug_loc     0x00000000       0xd4 ..\obj\spi.o
 .debug_loc     0x000000d4       0xd4 ..\obj\kernelHeap.o
 .debug_loc     0x000001a8      0x380 ..\obj\lpc17xx_timer.o
 .debug_loc     0x00000528      0x160 ..\obj\core.o
 .debug_loc     0x00000688      0x240 ..\obj\drv_buzz.o
 .debug_loc     0x000008c8      0x3f0 ..\obj\core_cm3.o
 .debug_loc     0x00000cb8      0x224 ..\obj\timer.o
 .debug_loc     0x00000edc      0x1bc ..\obj\lpc17xx_clkpwr.o
 .debug_loc     0x00001098       0x38 ..\obj\mdw_error.o
 .debug_loc     0x000010d0       0x70 ..\obj\utility.o
 .debug_loc     0x00001140       0x58 ..\obj\system_LPC17xx.o
 .debug_loc     0x00001198      0x27c ..\obj\drv_led.o
 .debug_loc     0x00001414      0x150 ..\obj\sdcard.o
 .debug_loc     0x00001564      0x288 ..\obj\task.o
 .debug_loc     0x000017ec      0x2d8 ..\obj\lpc17xx_adc.o
 .debug_loc     0x00001ac4       0x70 ..\obj\serviceReq.o
 .debug_loc     0x00001b34       0x9c ..\obj\main.o
 .debug_loc     0x00001bd0      0x150 ..\obj\mbox.o
 .debug_loc     0x00001d20      0x118 ..\obj\gpio.o
 .debug_loc     0x00001e38      0x118 ..\obj\mm.o
 .debug_loc     0x00001f50       0xb0 ..\obj\drv_sd.o
 .debug_loc     0x00002000       0x64 ..\obj\startup_LPC17xx.o
 .debug_loc     0x00002064       0x38 ..\obj\lpc17xx_libcfg_default.o
 .debug_loc     0x0000209c      0x1a8 ..\obj\time.o
 .debug_loc     0x00002244      0x188 ..\obj\event.o
 .debug_loc     0x000023cc      0x150 ..\obj\lpc17xx_pinsel.o
 .debug_loc     0x0000251c      0x1ec ..\obj\syscalls.o
 .debug_loc     0x00002708       0xc8 ..\obj\port.o
 .debug_loc     0x000027d0      0x150 ..\obj\queue.o
 .debug_loc     0x00002920       0xe0 ..\obj\mutex.o
 .debug_loc     0x00002a00      0x2a0 ..\obj\flag.o
 .debug_loc     0x00002ca0      0x266 ..\obj\drv_tch.o
 .debug_loc     0x00002f06      0x19c ..\obj\drv_userInt.o
 .debug_loc     0x000030a2      0x396 ..\obj\drv_lcd.o
 .debug_loc     0x00003438       0xa8 ..\obj\lpc17xx_nvic.o
 .debug_loc     0x000034e0       0x64 ..\obj\arch.o
 .debug_loc     0x00003544      0x1d4 ..\obj\drv_pot.o
 .debug_loc     0x00003718      0x12c ..\obj\mdw_log_debug.o
 .debug_loc     0x00003844      0x150 ..\obj\sem.o
 .debug_loc     0x00003994       0x70 ..\obj\hook.o

.debug_pubnames
                0x00000000     0x16fc
 .debug_pubnames
                0x00000000       0x47 ..\obj\spi.o
 .debug_pubnames
                0x00000047       0x63 ..\obj\kernelHeap.o
 .debug_pubnames
                0x000000aa      0x12b ..\obj\lpc17xx_timer.o
 .debug_pubnames
                0x000001d5       0xc3 ..\obj\core.o
 .debug_pubnames
                0x00000298       0xc9 ..\obj\drv_buzz.o
 .debug_pubnames
                0x00000361      0x159 ..\obj\core_cm3.o
 .debug_pubnames
                0x000004ba       0xb8 ..\obj\timer.o
 .debug_pubnames
                0x00000572       0xbb ..\obj\lpc17xx_clkpwr.o
 .debug_pubnames
                0x0000062d       0x24 ..\obj\mdw_error.o
 .debug_pubnames
                0x00000651       0x34 ..\obj\utility.o
 .debug_pubnames
                0x00000685       0x4f ..\obj\system_LPC17xx.o
 .debug_pubnames
                0x000006d4       0xd8 ..\obj\drv_led.o
 .debug_pubnames
                0x000007ac       0x99 ..\obj\sdcard.o
 .debug_pubnames
                0x00000845      0x12e ..\obj\task.o
 .debug_pubnames
                0x00000973      0x110 ..\obj\lpc17xx_adc.o
 .debug_pubnames
                0x00000a83       0x64 ..\obj\serviceReq.o
 .debug_pubnames
                0x00000ae7       0x1b ..\obj\main.o
 .debug_pubnames
                0x00000b02       0x21 ..\obj\font.o
 .debug_pubnames
                0x00000b23       0x71 ..\obj\mbox.o
 .debug_pubnames
                0x00000b94       0x73 ..\obj\gpio.o
 .debug_pubnames
                0x00000c07       0xa8 ..\obj\mm.o
 .debug_pubnames
                0x00000caf       0x55 ..\obj\drv_sd.o
 .debug_pubnames
                0x00000d04       0x4a ..\obj\startup_LPC17xx.o
 .debug_pubnames
                0x00000d4e       0x23 ..\obj\lpc17xx_libcfg_default.o
 .debug_pubnames
                0x00000d71       0xb3 ..\obj\time.o
 .debug_pubnames
                0x00000e24       0xa7 ..\obj\event.o
 .debug_pubnames
                0x00000ecb       0x59 ..\obj\lpc17xx_pinsel.o
 .debug_pubnames
                0x00000f24       0x71 ..\obj\syscalls.o
 .debug_pubnames
                0x00000f95       0xba ..\obj\port.o
 .debug_pubnames
                0x0000104f       0xa6 ..\obj\queue.o
 .debug_pubnames
                0x000010f5       0x85 ..\obj\mutex.o
 .debug_pubnames
                0x0000117a       0xe2 ..\obj\flag.o
 .debug_pubnames
                0x0000125c       0xa2 ..\obj\drv_tch.o
 .debug_pubnames
                0x000012fe       0x7e ..\obj\drv_userInt.o
 .debug_pubnames
                0x0000137c      0x12b ..\obj\drv_lcd.o
 .debug_pubnames
                0x000014a7       0x46 ..\obj\lpc17xx_nvic.o
 .debug_pubnames
                0x000014ed       0x48 ..\obj\arch.o
 .debug_pubnames
                0x00001535       0x9e ..\obj\drv_pot.o
 .debug_pubnames
                0x000015d3       0x6b ..\obj\mdw_log_debug.o
 .debug_pubnames
                0x0000163e       0x6b ..\obj\sem.o
 .debug_pubnames
                0x000016a9       0x1c ..\obj\mdw_log_debug_image.o
 .debug_pubnames
                0x000016c5       0x37 ..\obj\hook.o

.debug_pubtypes
                0x00000000     0x13b3
 .debug_pubtypes
                0x00000000       0x52 ..\obj\spi.o
 .debug_pubtypes
                0x00000052       0x6c ..\obj\kernelHeap.o
 .debug_pubtypes
                0x000000be      0x107 ..\obj\lpc17xx_timer.o
 .debug_pubtypes
                0x000001c5       0x8f ..\obj\core.o
 .debug_pubtypes
                0x00000254       0xd6 ..\obj\drv_buzz.o
 .debug_pubtypes
                0x0000032a       0x50 ..\obj\core_cm3.o
 .debug_pubtypes
                0x0000037a       0x80 ..\obj\timer.o
 .debug_pubtypes
                0x000003fa       0x5f ..\obj\lpc17xx_clkpwr.o
 .debug_pubtypes
                0x00000459       0x1d ..\obj\mdw_error.o
 .debug_pubtypes
                0x00000476       0x38 ..\obj\utility.o
 .debug_pubtypes
                0x000004ae       0x4b ..\obj\system_LPC17xx.o
 .debug_pubtypes
                0x000004f9       0xbe ..\obj\drv_led.o
 .debug_pubtypes
                0x000005b7       0x38 ..\obj\sdcard.o
 .debug_pubtypes
                0x000005ef       0xe9 ..\obj\task.o
 .debug_pubtypes
                0x000006d8       0x84 ..\obj\lpc17xx_adc.o
 .debug_pubtypes
                0x0000075c       0x63 ..\obj\serviceReq.o
 .debug_pubtypes
                0x000007bf       0x79 ..\obj\main.o
 .debug_pubtypes
                0x00000838       0xa2 ..\obj\mbox.o
 .debug_pubtypes
                0x000008da       0x64 ..\obj\gpio.o
 .debug_pubtypes
                0x0000093e       0x74 ..\obj\mm.o
 .debug_pubtypes
                0x000009b2       0x12 ..\obj\drv_sd.o
 .debug_pubtypes
                0x000009c4       0x2b ..\obj\lpc17xx_libcfg_default.o
 .debug_pubtypes
                0x000009ef       0xa3 ..\obj\time.o
 .debug_pubtypes
                0x00000a92       0xbf ..\obj\event.o
 .debug_pubtypes
                0x00000b51       0x6a ..\obj\lpc17xx_pinsel.o
 .debug_pubtypes
                0x00000bbb       0xaa ..\obj\syscalls.o
 .debug_pubtypes
                0x00000c65       0x2c ..\obj\port.o
 .debug_pubtypes
                0x00000c91       0xbe ..\obj\queue.o
 .debug_pubtypes
                0x00000d4f       0xd5 ..\obj\mutex.o
 .debug_pubtypes
                0x00000e24       0xdd ..\obj\flag.o
 .debug_pubtypes
                0x00000f01       0x98 ..\obj\drv_tch.o
 .debug_pubtypes
                0x00000f99       0x93 ..\obj\drv_userInt.o
 .debug_pubtypes
                0x0000102c       0x8b ..\obj\drv_lcd.o
 .debug_pubtypes
                0x000010b7       0x46 ..\obj\lpc17xx_nvic.o
 .debug_pubtypes
                0x000010fd       0xc1 ..\obj\arch.o
 .debug_pubtypes
                0x000011be       0xa9 ..\obj\drv_pot.o
 .debug_pubtypes
                0x00001267       0x86 ..\obj\mdw_log_debug.o
 .debug_pubtypes
                0x000012ed       0xa2 ..\obj\sem.o
 .debug_pubtypes
                0x0000138f       0x24 ..\obj\hook.o

.debug_aranges  0x00000000      0xca8
 .debug_aranges
                0x00000000       0x38 ..\obj\spi.o
 .debug_aranges
                0x00000038       0x38 ..\obj\kernelHeap.o
 .debug_aranges
                0x00000070       0x98 ..\obj\lpc17xx_timer.o
 .debug_aranges
                0x00000108       0x58 ..\obj\core.o
 .debug_aranges
                0x00000160       0x78 ..\obj\drv_buzz.o
 .debug_aranges
                0x000001d8       0xc8 ..\obj\core_cm3.o
 .debug_aranges
                0x000002a0       0x68 ..\obj\timer.o
 .debug_aranges
                0x00000308       0x60 ..\obj\lpc17xx_clkpwr.o
 .debug_aranges
                0x00000368       0x20 ..\obj\mdw_error.o
 .debug_aranges
                0x00000388       0x28 ..\obj\utility.o
 .debug_aranges
                0x000003b0       0x28 ..\obj\system_LPC17xx.o
 .debug_aranges
                0x000003d8       0x78 ..\obj\drv_led.o
 .debug_aranges
                0x00000450       0x48 ..\obj\sdcard.o
 .debug_aranges
                0x00000498       0x78 ..\obj\task.o
 .debug_aranges
                0x00000510       0x80 ..\obj\lpc17xx_adc.o
 .debug_aranges
                0x00000590       0x28 ..\obj\serviceReq.o
 .debug_aranges
                0x000005b8       0x30 ..\obj\main.o
 .debug_aranges
                0x000005e8       0x48 ..\obj\mbox.o
 .debug_aranges
                0x00000630       0x40 ..\obj\gpio.o
 .debug_aranges
                0x00000670       0x40 ..\obj\mm.o
 .debug_aranges
                0x000006b0       0x38 ..\obj\drv_sd.o
 .debug_aranges
                0x000006e8       0x28 ..\obj\startup_LPC17xx.o
 .debug_aranges
                0x00000710       0x20 ..\obj\lpc17xx_libcfg_default.o
 .debug_aranges
                0x00000730       0x58 ..\obj\time.o
 .debug_aranges
                0x00000788       0x50 ..\obj\event.o
 .debug_aranges
                0x000007d8       0x48 ..\obj\lpc17xx_pinsel.o
 .debug_aranges
                0x00000820       0x60 ..\obj\syscalls.o
 .debug_aranges
                0x00000880       0x50 ..\obj\port.o
 .debug_aranges
                0x000008d0       0x48 ..\obj\queue.o
 .debug_aranges
                0x00000918       0x38 ..\obj\mutex.o
 .debug_aranges
                0x00000950       0x78 ..\obj\flag.o
 .debug_aranges
                0x000009c8       0x78 ..\obj\drv_tch.o
 .debug_aranges
                0x00000a40       0x58 ..\obj\drv_userInt.o
 .debug_aranges
                0x00000a98       0xa0 ..\obj\drv_lcd.o
 .debug_aranges
                0x00000b38       0x30 ..\obj\lpc17xx_nvic.o
 .debug_aranges
                0x00000b68       0x28 ..\obj\arch.o
 .debug_aranges
                0x00000b90       0x60 ..\obj\drv_pot.o
 .debug_aranges
                0x00000bf0       0x48 ..\obj\mdw_log_debug.o
 .debug_aranges
                0x00000c38       0x48 ..\obj\sem.o
 .debug_aranges
                0x00000c80       0x28 ..\obj\hook.o

.debug_ranges   0x00000000      0xa28
 .debug_ranges  0x00000000       0x28 ..\obj\spi.o
 .debug_ranges  0x00000028       0x28 ..\obj\kernelHeap.o
 .debug_ranges  0x00000050       0x88 ..\obj\lpc17xx_timer.o
 .debug_ranges  0x000000d8       0x48 ..\obj\core.o
 .debug_ranges  0x00000120       0x68 ..\obj\drv_buzz.o
 .debug_ranges  0x00000188       0xb8 ..\obj\core_cm3.o
 .debug_ranges  0x00000240       0x58 ..\obj\timer.o
 .debug_ranges  0x00000298       0x50 ..\obj\lpc17xx_clkpwr.o
 .debug_ranges  0x000002e8       0x10 ..\obj\mdw_error.o
 .debug_ranges  0x000002f8       0x18 ..\obj\utility.o
 .debug_ranges  0x00000310       0x18 ..\obj\system_LPC17xx.o
 .debug_ranges  0x00000328       0x68 ..\obj\drv_led.o
 .debug_ranges  0x00000390       0x38 ..\obj\sdcard.o
 .debug_ranges  0x000003c8       0x68 ..\obj\task.o
 .debug_ranges  0x00000430       0x70 ..\obj\lpc17xx_adc.o
 .debug_ranges  0x000004a0       0x18 ..\obj\serviceReq.o
 .debug_ranges  0x000004b8       0x20 ..\obj\main.o
 .debug_ranges  0x000004d8       0x38 ..\obj\mbox.o
 .debug_ranges  0x00000510       0x30 ..\obj\gpio.o
 .debug_ranges  0x00000540       0x30 ..\obj\mm.o
 .debug_ranges  0x00000570       0x28 ..\obj\drv_sd.o
 .debug_ranges  0x00000598       0x18 ..\obj\startup_LPC17xx.o
 .debug_ranges  0x000005b0       0x10 ..\obj\lpc17xx_libcfg_default.o
 .debug_ranges  0x000005c0       0x48 ..\obj\time.o
 .debug_ranges  0x00000608       0x40 ..\obj\event.o
 .debug_ranges  0x00000648       0x38 ..\obj\lpc17xx_pinsel.o
 .debug_ranges  0x00000680       0x50 ..\obj\syscalls.o
 .debug_ranges  0x000006d0       0x40 ..\obj\port.o
 .debug_ranges  0x00000710       0x38 ..\obj\queue.o
 .debug_ranges  0x00000748       0x28 ..\obj\mutex.o
 .debug_ranges  0x00000770       0x68 ..\obj\flag.o
 .debug_ranges  0x000007d8       0x68 ..\obj\drv_tch.o
 .debug_ranges  0x00000840       0x48 ..\obj\drv_userInt.o
 .debug_ranges  0x00000888       0x90 ..\obj\drv_lcd.o
 .debug_ranges  0x00000918       0x20 ..\obj\lpc17xx_nvic.o
 .debug_ranges  0x00000938       0x18 ..\obj\arch.o
 .debug_ranges  0x00000950       0x50 ..\obj\drv_pot.o
 .debug_ranges  0x000009a0       0x38 ..\obj\mdw_log_debug.o
 .debug_ranges  0x000009d8       0x38 ..\obj\sem.o
 .debug_ranges  0x00000a10       0x18 ..\obj\hook.o

.debug_str      0x00000000     0x367b
 .debug_str     0x00000000      0x614 ..\obj\spi.o
                                0x652 (size before relaxing)
 .debug_str     0x00000614      0x13b ..\obj\kernelHeap.o
                                0x1bb (size before relaxing)
 .debug_str     0x0000074f      0x4ae ..\obj\lpc17xx_timer.o
                                0x585 (size before relaxing)
 .debug_str     0x00000bfd      0x183 ..\obj\core.o
                                0x20a (size before relaxing)
 .debug_str     0x00000d80      0x5ee ..\obj\drv_buzz.o
                                0x8b5 (size before relaxing)
 .debug_str     0x0000136e      0x168 ..\obj\core_cm3.o
                                0x228 (size before relaxing)
 .debug_str     0x000014d6      0x14b ..\obj\timer.o
                                0x1f8 (size before relaxing)
 .debug_str     0x00001621       0xfb ..\obj\lpc17xx_clkpwr.o
                                0x37e (size before relaxing)
 .debug_str     0x0000171c       0x84 ..\obj\mdw_error.o
                                 0xa7 (size before relaxing)
 .debug_str     0x000017a0       0x78 ..\obj\utility.o
                                 0xf8 (size before relaxing)
 .debug_str     0x00001818       0x61 ..\obj\system_LPC17xx.o
                                0x2b7 (size before relaxing)
 .debug_str     0x00001879      0x189 ..\obj\drv_led.o
                                0x4b6 (size before relaxing)
 .debug_str     0x00001a02       0xe5 ..\obj\sdcard.o
                                0x534 (size before relaxing)
 .debug_str     0x00001ae7      0x216 ..\obj\task.o
                                0x3a9 (size before relaxing)
 .debug_str     0x00001cfd      0x375 ..\obj\lpc17xx_adc.o
                                0x491 (size before relaxing)
 .debug_str     0x00002072       0x9c ..\obj\serviceReq.o
                                0x130 (size before relaxing)
 .debug_str     0x0000210e       0x60 ..\obj\main.o
                                0x290 (size before relaxing)
 .debug_str     0x0000216e       0x3e ..\obj\font.o
                                 0x65 (size before relaxing)
 .debug_str     0x000021ac       0x96 ..\obj\mbox.o
                                0x24b (size before relaxing)
 .debug_str     0x00002242       0xf0 ..\obj\gpio.o
                                0x781 (size before relaxing)
 .debug_str     0x00002332      0x11f ..\obj\mm.o
                                0x1bf (size before relaxing)
 .debug_str     0x00002451       0x64 ..\obj\drv_sd.o
                                0x101 (size before relaxing)
 .debug_str     0x000024b5       0xaa ..\obj\startup_LPC17xx.o
                                 0xd5 (size before relaxing)
 .debug_str     0x0000255f       0x62 ..\obj\lpc17xx_libcfg_default.o
                                0x10d (size before relaxing)
 .debug_str     0x000025c1       0xb8 ..\obj\time.o
                                0x267 (size before relaxing)
 .debug_str     0x00002679       0xe1 ..\obj\event.o
                                0x2b2 (size before relaxing)
 .debug_str     0x0000275a      0x166 ..\obj\lpc17xx_pinsel.o
                                0x357 (size before relaxing)
 .debug_str     0x000028c0      0x181 ..\obj\syscalls.o
                                0x249 (size before relaxing)
 .debug_str     0x00002a41       0xc2 ..\obj\port.o
                                0x14a (size before relaxing)
 .debug_str     0x00002b03       0xac ..\obj\queue.o
                                0x2af (size before relaxing)
 .debug_str     0x00002baf       0x8a ..\obj\mutex.o
                                0x2ba (size before relaxing)
 .debug_str     0x00002c39      0x1ad ..\obj\flag.o
                                0x328 (size before relaxing)
 .debug_str     0x00002de6      0x1ef ..\obj\drv_tch.o
                                0x63e (size before relaxing)
 .debug_str     0x00002fd5       0xc5 ..\obj\drv_userInt.o
                                0x5aa (size before relaxing)
 .debug_str     0x0000309a      0x201 ..\obj\drv_lcd.o
                                0x6a3 (size before relaxing)
 .debug_str     0x0000329b       0x75 ..\obj\lpc17xx_nvic.o
                                0x1d9 (size before relaxing)
 .debug_str     0x00003310       0x67 ..\obj\arch.o
                                0x22a (size before relaxing)
 .debug_str     0x00003377       0x9e ..\obj\drv_pot.o
                                0x6b1 (size before relaxing)
 .debug_str     0x00003415      0x14e ..\obj\mdw_log_debug.o
                                0x370 (size before relaxing)
 .debug_str     0x00003563       0x86 ..\obj\sem.o
                                0x24e (size before relaxing)
 .debug_str     0x000035e9       0x3e ..\obj\mdw_log_debug_image.o
                                 0x6b (size before relaxing)
 .debug_str     0x00003627       0x54 ..\obj\hook.o
                                 0xdd (size before relaxing)

.comment        0x00000000       0x11
 .comment       0x00000000       0x11 ..\obj\spi.o
                                 0x12 (size before relaxing)
 .comment       0x00000000       0x12 ..\obj\kernelHeap.o
 .comment       0x00000000       0x12 ..\obj\lpc17xx_timer.o
 .comment       0x00000000       0x12 ..\obj\core.o
 .comment       0x00000000       0x12 ..\obj\drv_buzz.o
 .comment       0x00000000       0x12 ..\obj\core_cm3.o
 .comment       0x00000000       0x12 ..\obj\timer.o
 .comment       0x00000000       0x12 ..\obj\lpc17xx_clkpwr.o
 .comment       0x00000000       0x12 ..\obj\mdw_error.o
 .comment       0x00000000       0x12 ..\obj\utility.o
 .comment       0x00000000       0x12 ..\obj\system_LPC17xx.o
 .comment       0x00000000       0x12 ..\obj\drv_led.o
 .comment       0x00000000       0x12 ..\obj\sdcard.o
 .comment       0x00000000       0x12 ..\obj\task.o
 .comment       0x00000000       0x12 ..\obj\lpc17xx_adc.o
 .comment       0x00000000       0x12 ..\obj\serviceReq.o
 .comment       0x00000000       0x12 ..\obj\main.o
 .comment       0x00000000       0x12 ..\obj\font.o
 .comment       0x00000000       0x12 ..\obj\mbox.o
 .comment       0x00000000       0x12 ..\obj\gpio.o
 .comment       0x00000000       0x12 ..\obj\mm.o
 .comment       0x00000000       0x12 ..\obj\drv_sd.o
 .comment       0x00000000       0x12 ..\obj\startup_LPC17xx.o
 .comment       0x00000000       0x12 ..\obj\lpc17xx_libcfg_default.o
 .comment       0x00000000       0x12 ..\obj\time.o
 .comment       0x00000000       0x12 ..\obj\event.o
 .comment       0x00000000       0x12 ..\obj\lpc17xx_pinsel.o
 .comment       0x00000000       0x12 ..\obj\syscalls.o
 .comment       0x00000000       0x12 ..\obj\port.o
 .comment       0x00000000       0x12 ..\obj\queue.o
 .comment       0x00000000       0x12 ..\obj\mutex.o
 .comment       0x00000000       0x12 ..\obj\flag.o
 .comment       0x00000000       0x12 ..\obj\drv_tch.o
 .comment       0x00000000       0x12 ..\obj\drv_userInt.o
 .comment       0x00000000       0x12 ..\obj\drv_lcd.o
 .comment       0x00000000       0x12 ..\obj\lpc17xx_nvic.o
 .comment       0x00000000       0x12 ..\obj\arch.o
 .comment       0x00000000       0x12 ..\obj\drv_pot.o
 .comment       0x00000000       0x12 ..\obj\mdw_log_debug.o
 .comment       0x00000000       0x12 ..\obj\sem.o
 .comment       0x00000000       0x12 ..\obj\mdw_log_debug_image.o
 .comment       0x00000000       0x12 ..\obj\hook.o

.ARM.attributes
                0x00000000       0x31
 .ARM.attributes
                0x00000000       0x31 ..\obj\spi.o
 .ARM.attributes
                0x00000031       0x31 ..\obj\kernelHeap.o
 .ARM.attributes
                0x00000062       0x31 ..\obj\lpc17xx_timer.o
 .ARM.attributes
                0x00000093       0x31 ..\obj\core.o
 .ARM.attributes
                0x000000c4       0x31 ..\obj\drv_buzz.o
 .ARM.attributes
                0x000000f5       0x31 ..\obj\core_cm3.o
 .ARM.attributes
                0x00000126       0x31 ..\obj\timer.o
 .ARM.attributes
                0x00000157       0x31 ..\obj\lpc17xx_clkpwr.o
 .ARM.attributes
                0x00000188       0x31 ..\obj\mdw_error.o
 .ARM.attributes
                0x000001b9       0x31 ..\obj\utility.o
 .ARM.attributes
                0x000001ea       0x31 ..\obj\system_LPC17xx.o
 .ARM.attributes
                0x0000021b       0x31 ..\obj\drv_led.o
 .ARM.attributes
                0x0000024c       0x31 ..\obj\sdcard.o
 .ARM.attributes
                0x0000027d       0x31 ..\obj\task.o
 .ARM.attributes
                0x000002ae       0x31 ..\obj\lpc17xx_adc.o
 .ARM.attributes
                0x000002df       0x31 ..\obj\serviceReq.o
 .ARM.attributes
                0x00000310       0x31 ..\obj\main.o
 .ARM.attributes
                0x00000341       0x31 ..\obj\font.o
 .ARM.attributes
                0x00000372       0x31 ..\obj\mbox.o
 .ARM.attributes
                0x000003a3       0x31 ..\obj\gpio.o
 .ARM.attributes
                0x000003d4       0x31 ..\obj\mm.o
 .ARM.attributes
                0x00000405       0x31 ..\obj\drv_sd.o
 .ARM.attributes
                0x00000436       0x31 ..\obj\startup_LPC17xx.o
 .ARM.attributes
                0x00000467       0x31 ..\obj\lpc17xx_libcfg_default.o
 .ARM.attributes
                0x00000498       0x31 ..\obj\time.o
 .ARM.attributes
                0x000004c9       0x31 ..\obj\event.o
 .ARM.attributes
                0x000004fa       0x31 ..\obj\lpc17xx_pinsel.o
 .ARM.attributes
                0x0000052b       0x31 ..\obj\syscalls.o
 .ARM.attributes
                0x0000055c       0x31 ..\obj\port.o
 .ARM.attributes
                0x0000058d       0x31 ..\obj\queue.o
 .ARM.attributes
                0x000005be       0x31 ..\obj\mutex.o
 .ARM.attributes
                0x000005ef       0x31 ..\obj\flag.o
 .ARM.attributes
                0x00000620       0x31 ..\obj\drv_tch.o
 .ARM.attributes
                0x00000651       0x31 ..\obj\drv_userInt.o
 .ARM.attributes
                0x00000682       0x31 ..\obj\drv_lcd.o
 .ARM.attributes
                0x000006b3       0x31 ..\obj\lpc17xx_nvic.o
 .ARM.attributes
                0x000006e4       0x31 ..\obj\arch.o
 .ARM.attributes
                0x00000715       0x31 ..\obj\drv_pot.o
 .ARM.attributes
                0x00000746       0x31 ..\obj\mdw_log_debug.o
 .ARM.attributes
                0x00000777       0x31 ..\obj\sem.o
 .ARM.attributes
                0x000007a8       0x31 ..\obj\mdw_log_debug_image.o
 .ARM.attributes
                0x000007d9       0x31 ..\obj\hook.o
 .ARM.attributes
                0x0000080a       0x29 c:/dev/coide131/gcc/bin/../lib/gcc/arm-none-eabi/4.5.2/../../../../arm-none-eabi/lib/thumb2\libm.a(lib_a-w_pow.o)
 .ARM.attributes
                0x00000833       0x29 c:/dev/coide131/gcc/bin/../lib/gcc/arm-none-eabi/4.5.2/../../../../arm-none-eabi/lib/thumb2\libm.a(lib_a-e_pow.o)
 .ARM.attributes
                0x0000085c       0x29 c:/dev/coide131/gcc/bin/../lib/gcc/arm-none-eabi/4.5.2/../../../../arm-none-eabi/lib/thumb2\libm.a(lib_a-e_sqrt.o)
 .ARM.attributes
                0x00000885       0x29 c:/dev/coide131/gcc/bin/../lib/gcc/arm-none-eabi/4.5.2/../../../../arm-none-eabi/lib/thumb2\libm.a(lib_a-s_fabs.o)
 .ARM.attributes
                0x000008ae       0x29 c:/dev/coide131/gcc/bin/../lib/gcc/arm-none-eabi/4.5.2/../../../../arm-none-eabi/lib/thumb2\libm.a(lib_a-s_finite.o)
 .ARM.attributes
                0x000008d7       0x29 c:/dev/coide131/gcc/bin/../lib/gcc/arm-none-eabi/4.5.2/../../../../arm-none-eabi/lib/thumb2\libm.a(lib_a-s_fpclassify.o)
 .ARM.attributes
                0x00000900       0x29 c:/dev/coide131/gcc/bin/../lib/gcc/arm-none-eabi/4.5.2/../../../../arm-none-eabi/lib/thumb2\libm.a(lib_a-s_lib_ver.o)
 .ARM.attributes
                0x00000929       0x29 c:/dev/coide131/gcc/bin/../lib/gcc/arm-none-eabi/4.5.2/../../../../arm-none-eabi/lib/thumb2\libm.a(lib_a-s_matherr.o)
 .ARM.attributes
                0x00000952       0x29 c:/dev/coide131/gcc/bin/../lib/gcc/arm-none-eabi/4.5.2/../../../../arm-none-eabi/lib/thumb2\libm.a(lib_a-s_nan.o)
 .ARM.attributes
                0x0000097b       0x29 c:/dev/coide131/gcc/bin/../lib/gcc/arm-none-eabi/4.5.2/../../../../arm-none-eabi/lib/thumb2\libm.a(lib_a-s_rint.o)
 .ARM.attributes
                0x000009a4       0x29 c:/dev/coide131/gcc/bin/../lib/gcc/arm-none-eabi/4.5.2/../../../../arm-none-eabi/lib/thumb2\libm.a(lib_a-s_scalbn.o)
 .ARM.attributes
                0x000009cd       0x29 c:/dev/coide131/gcc/bin/../lib/gcc/arm-none-eabi/4.5.2/../../../../arm-none-eabi/lib/thumb2\libm.a(lib_a-s_copysign.o)
 .ARM.attributes
                0x000009f6       0x1b c:/dev/coide131/gcc/bin/../lib/gcc/arm-none-eabi/4.5.2/thumb2\libgcc.a(_arm_addsubdf3.o)
 .ARM.attributes
                0x00000a11       0x1b c:/dev/coide131/gcc/bin/../lib/gcc/arm-none-eabi/4.5.2/thumb2\libgcc.a(_arm_muldivdf3.o)
 .ARM.attributes
                0x00000a2c       0x1b c:/dev/coide131/gcc/bin/../lib/gcc/arm-none-eabi/4.5.2/thumb2\libgcc.a(_arm_cmpdf2.o)
 .ARM.attributes
                0x00000a47       0x1b c:/dev/coide131/gcc/bin/../lib/gcc/arm-none-eabi/4.5.2/thumb2\libgcc.a(_arm_fixdfsi.o)
 .ARM.attributes
                0x00000a62       0x1b c:/dev/coide131/gcc/bin/../lib/gcc/arm-none-eabi/4.5.2/thumb2\libgcc.a(_arm_fixunsdfsi.o)
 .ARM.attributes
                0x00000a7d       0x1b c:/dev/coide131/gcc/bin/../lib/gcc/arm-none-eabi/4.5.2/thumb2\libgcc.a(_aeabi_uldivmod.o)
 .ARM.attributes
                0x00000a98       0x29 c:/dev/coide131/gcc/bin/../lib/gcc/arm-none-eabi/4.5.2/thumb2\libgcc.a(bpabi.o)
 .ARM.attributes
                0x00000ac1       0x1b c:/dev/coide131/gcc/bin/../lib/gcc/arm-none-eabi/4.5.2/thumb2\libgcc.a(_dvmd_tls.o)
 .ARM.attributes
                0x00000adc       0x29 c:/dev/coide131/gcc/bin/../lib/gcc/arm-none-eabi/4.5.2/thumb2\libgcc.a(_divdi3.o)
 .ARM.attributes
                0x00000b05       0x29 c:/dev/coide131/gcc/bin/../lib/gcc/arm-none-eabi/4.5.2/thumb2\libgcc.a(_udivdi3.o)
 .ARM.attributes
                0x00000b2e       0x1b c:/dev/coide131/gcc/bin/../lib/gcc/arm-none-eabi/4.5.2/thumb2\libgcc.a(_udivsi3.o)
 .ARM.attributes
                0x00000b49       0x29 c:/dev/coide131/gcc/bin/../lib/gcc/arm-none-eabi/4.5.2/../../../../arm-none-eabi/lib/thumb2\libc.a(lib_a-errno.o)
 .ARM.attributes
                0x00000b72       0x29 c:/dev/coide131/gcc/bin/../lib/gcc/arm-none-eabi/4.5.2/../../../../arm-none-eabi/lib/thumb2\libc.a(lib_a-impure.o)
 .ARM.attributes
                0x00000b9b       0x29 c:/dev/coide131/gcc/bin/../lib/gcc/arm-none-eabi/4.5.2/../../../../arm-none-eabi/lib/thumb2\libc.a(lib_a-memcpy.o)
 .ARM.attributes
                0x00000bc4       0x29 c:/dev/coide131/gcc/bin/../lib/gcc/arm-none-eabi/4.5.2/../../../../arm-none-eabi/lib/thumb2\libc.a(lib_a-strlen.o)

.debug_frame    0x00000000     0x265c
 .debug_frame   0x00000000       0x84 ..\obj\spi.o
 .debug_frame   0x00000084       0x84 ..\obj\kernelHeap.o
 .debug_frame   0x00000108      0x208 ..\obj\lpc17xx_timer.o
 .debug_frame   0x00000310       0xe8 ..\obj\core.o
 .debug_frame   0x000003f8      0x14c ..\obj\drv_buzz.o
 .debug_frame   0x00000544      0x280 ..\obj\core_cm3.o
 .debug_frame   0x000007c4      0x148 ..\obj\timer.o
 .debug_frame   0x0000090c      0x10c ..\obj\lpc17xx_clkpwr.o
 .debug_frame   0x00000a18       0x2c ..\obj\mdw_error.o
 .debug_frame   0x00000a44       0x48 ..\obj\utility.o
 .debug_frame   0x00000a8c       0x40 ..\obj\system_LPC17xx.o
 .debug_frame   0x00000acc      0x168 ..\obj\drv_led.o
 .debug_frame   0x00000c34       0xd0 ..\obj\sdcard.o
 .debug_frame   0x00000d04      0x178 ..\obj\task.o
 .debug_frame   0x00000e7c      0x1ac ..\obj\lpc17xx_adc.o
 .debug_frame   0x00001028       0x50 ..\obj\serviceReq.o
 .debug_frame   0x00001078       0x68 ..\obj\main.o
 .debug_frame   0x000010e0       0xd0 ..\obj\mbox.o
 .debug_frame   0x000011b0       0x9c ..\obj\gpio.o
 .debug_frame   0x0000124c       0xb0 ..\obj\mm.o
 .debug_frame   0x000012fc       0x70 ..\obj\drv_sd.o
 .debug_frame   0x0000136c       0x48 ..\obj\startup_LPC17xx.o
 .debug_frame   0x000013b4       0x2c ..\obj\lpc17xx_libcfg_default.o
 .debug_frame   0x000013e0       0xfc ..\obj\time.o
 .debug_frame   0x000014dc       0xe8 ..\obj\event.o
 .debug_frame   0x000015c4       0xbc ..\obj\lpc17xx_pinsel.o
 .debug_frame   0x00001680      0x108 ..\obj\syscalls.o
 .debug_frame   0x00001788       0xb0 ..\obj\port.o
 .debug_frame   0x00001838       0xd0 ..\obj\queue.o
 .debug_frame   0x00001908       0x90 ..\obj\mutex.o
 .debug_frame   0x00001998      0x184 ..\obj\flag.o
 .debug_frame   0x00001b1c      0x168 ..\obj\drv_tch.o
 .debug_frame   0x00001c84       0xf0 ..\obj\drv_userInt.o
 .debug_frame   0x00001d74      0x21c ..\obj\drv_lcd.o
 .debug_frame   0x00001f90       0x64 ..\obj\lpc17xx_nvic.o
 .debug_frame   0x00001ff4       0x48 ..\obj\arch.o
 .debug_frame   0x0000203c      0x114 ..\obj\drv_pot.o
 .debug_frame   0x00002150       0xbc ..\obj\mdw_log_debug.o
 .debug_frame   0x0000220c       0xd0 ..\obj\sem.o
 .debug_frame   0x000022dc       0x48 ..\obj\hook.o
 .debug_frame   0x00002324       0x3c c:/dev/coide131/gcc/bin/../lib/gcc/arm-none-eabi/4.5.2/../../../../arm-none-eabi/lib/thumb2\libm.a(lib_a-w_pow.o)
 .debug_frame   0x00002360       0x3c c:/dev/coide131/gcc/bin/../lib/gcc/arm-none-eabi/4.5.2/../../../../arm-none-eabi/lib/thumb2\libm.a(lib_a-e_pow.o)
 .debug_frame   0x0000239c       0x34 c:/dev/coide131/gcc/bin/../lib/gcc/arm-none-eabi/4.5.2/../../../../arm-none-eabi/lib/thumb2\libm.a(lib_a-e_sqrt.o)
 .debug_frame   0x000023d0       0x20 c:/dev/coide131/gcc/bin/../lib/gcc/arm-none-eabi/4.5.2/../../../../arm-none-eabi/lib/thumb2\libm.a(lib_a-s_fabs.o)
 .debug_frame   0x000023f0       0x20 c:/dev/coide131/gcc/bin/../lib/gcc/arm-none-eabi/4.5.2/../../../../arm-none-eabi/lib/thumb2\libm.a(lib_a-s_finite.o)
 .debug_frame   0x00002410       0x28 c:/dev/coide131/gcc/bin/../lib/gcc/arm-none-eabi/4.5.2/../../../../arm-none-eabi/lib/thumb2\libm.a(lib_a-s_fpclassify.o)
 .debug_frame   0x00002438       0x20 c:/dev/coide131/gcc/bin/../lib/gcc/arm-none-eabi/4.5.2/../../../../arm-none-eabi/lib/thumb2\libm.a(lib_a-s_matherr.o)
 .debug_frame   0x00002458       0x20 c:/dev/coide131/gcc/bin/../lib/gcc/arm-none-eabi/4.5.2/../../../../arm-none-eabi/lib/thumb2\libm.a(lib_a-s_nan.o)
 .debug_frame   0x00002478       0x34 c:/dev/coide131/gcc/bin/../lib/gcc/arm-none-eabi/4.5.2/../../../../arm-none-eabi/lib/thumb2\libm.a(lib_a-s_rint.o)
 .debug_frame   0x000024ac       0x30 c:/dev/coide131/gcc/bin/../lib/gcc/arm-none-eabi/4.5.2/../../../../arm-none-eabi/lib/thumb2\libm.a(lib_a-s_scalbn.o)
 .debug_frame   0x000024dc       0x28 c:/dev/coide131/gcc/bin/../lib/gcc/arm-none-eabi/4.5.2/../../../../arm-none-eabi/lib/thumb2\libm.a(lib_a-s_copysign.o)
 .debug_frame   0x00002504       0x50 c:/dev/coide131/gcc/bin/../lib/gcc/arm-none-eabi/4.5.2/thumb2\libgcc.a(bpabi.o)
 .debug_frame   0x00002554       0x3c c:/dev/coide131/gcc/bin/../lib/gcc/arm-none-eabi/4.5.2/thumb2\libgcc.a(_divdi3.o)
 .debug_frame   0x00002590       0x3c c:/dev/coide131/gcc/bin/../lib/gcc/arm-none-eabi/4.5.2/thumb2\libgcc.a(_udivdi3.o)
 .debug_frame   0x000025cc       0x20 c:/dev/coide131/gcc/bin/../lib/gcc/arm-none-eabi/4.5.2/thumb2\libgcc.a(_udivsi3.o)
 .debug_frame   0x000025ec       0x20 c:/dev/coide131/gcc/bin/../lib/gcc/arm-none-eabi/4.5.2/../../../../arm-none-eabi/lib/thumb2\libc.a(lib_a-errno.o)
 .debug_frame   0x0000260c       0x30 c:/dev/coide131/gcc/bin/../lib/gcc/arm-none-eabi/4.5.2/../../../../arm-none-eabi/lib/thumb2\libc.a(lib_a-memcpy.o)
 .debug_frame   0x0000263c       0x20 c:/dev/coide131/gcc/bin/../lib/gcc/arm-none-eabi/4.5.2/../../../../arm-none-eabi/lib/thumb2\libc.a(lib_a-strlen.o)
